[0.075s] Invoking command in '/home/emelie/ba_ws_com/build/my_cpp_py_pkg': CMAKE_PREFIX_PATH=${CMAKE_PREFIX_PATH}:/home/emelie/ba_ws/install/f1tenth_stack:/home/emelie/ba_ws/install/joy_teleop:/home/emelie/ba_ws/install/mouse_teleop:/home/emelie/ba_ws/install/key_teleop:/home/emelie/ba_ws/install/ba_roslab:/home/emelie/install/f1tenth_stack:/home/emelie/install/joy_teleop:/home/emelie/install/mouse_teleop:/home/emelie/install/key_teleop:/home/emelie/install/f1tenth_gym_ros:/home/emelie/install/ba_roslab:/opt/ros/foxy /usr/bin/cmake --build /home/emelie/ba_ws_com/build/my_cpp_py_pkg -- -j4 -l4
[0.410s] [35m[1mScanning dependencies of target pure_pursuit[0m
[0.432s] [ 25%] Built target my_cpp_node
[0.613s] [ 37%] [32mBuilding CXX object CMakeFiles/pure_pursuit.dir/src/pure_pursuit.cpp.o[0m
[0.613s] [ 62%] Built target talker
[0.754s] [ 87%] Built target listener
[8.609s] [01m[K/home/emelie/ba_ws_com/src/my_cpp_py_pkg/src/pure_pursuit.cpp:[m[K In member function ‘[01m[Kint Pure_Pursuit_Node::find_next_waypoint(int, std::tuple<float, float>, std::vector<std::tuple<double, double> >)[m[K’:
[8.609s] [01m[K/home/emelie/ba_ws_com/src/my_cpp_py_pkg/src/pure_pursuit.cpp:159:21:[m[K [01;35m[Kwarning: [m[Kcomparison of integer expressions of different signedness: ‘[01m[Kint[m[K’ and ‘[01m[Kstd::vector<std::tuple<double, double> >::size_type[m[K’ {aka ‘[01m[Klong unsigned int[m[K’} [[01;35m[K-Wsign-compare[m[K]
[8.610s]   159 |     if([01;35m[Knew_waypoint == path_points_2d.size()[m[K){
[8.610s]       |        [01;35m[K~~~~~~~~~~~~~^~~~~~~~~~~~~~~~~~~~~~~~[m[K
[8.794s] [01m[K/home/emelie/ba_ws_com/src/my_cpp_py_pkg/src/pure_pursuit.cpp:[m[K In member function ‘[01m[Kvoid Pure_Pursuit_Node::odom_callback(nav_msgs::msg::Odometry_<std::allocator<void> >::SharedPtr)[m[K’:
[8.794s] [01m[K/home/emelie/ba_ws_com/src/my_cpp_py_pkg/src/pure_pursuit.cpp:271:27:[m[K [01;35m[Kwarning: [m[Kvariable ‘[01m[Ktransformed_waypoint[m[K’ set but not used [[01;35m[K-Wunused-but-set-variable[m[K]
[8.795s]   271 |     tuple<double, double> [01;35m[Ktransformed_waypoint[m[K = transform_waypoint(nearest_waypoint, car_position_2d, car_orientation);
[8.795s]       |                           [01;35m[K^~~~~~~~~~~~~~~~~~~~[m[K
[31.520s] [100%] [32m[1mLinking CXX executable pure_pursuit[0m
[33.823s] [100%] Built target pure_pursuit
[33.875s] Invoked command in '/home/emelie/ba_ws_com/build/my_cpp_py_pkg' returned '0': CMAKE_PREFIX_PATH=${CMAKE_PREFIX_PATH}:/home/emelie/ba_ws/install/f1tenth_stack:/home/emelie/ba_ws/install/joy_teleop:/home/emelie/ba_ws/install/mouse_teleop:/home/emelie/ba_ws/install/key_teleop:/home/emelie/ba_ws/install/ba_roslab:/home/emelie/install/f1tenth_stack:/home/emelie/install/joy_teleop:/home/emelie/install/mouse_teleop:/home/emelie/install/key_teleop:/home/emelie/install/f1tenth_gym_ros:/home/emelie/install/ba_roslab:/opt/ros/foxy /usr/bin/cmake --build /home/emelie/ba_ws_com/build/my_cpp_py_pkg -- -j4 -l4
[34.051s] Invoking command in '/home/emelie/ba_ws_com/build/my_cpp_py_pkg': CMAKE_PREFIX_PATH=${CMAKE_PREFIX_PATH}:/home/emelie/ba_ws/install/f1tenth_stack:/home/emelie/ba_ws/install/joy_teleop:/home/emelie/ba_ws/install/mouse_teleop:/home/emelie/ba_ws/install/key_teleop:/home/emelie/ba_ws/install/ba_roslab:/home/emelie/install/f1tenth_stack:/home/emelie/install/joy_teleop:/home/emelie/install/mouse_teleop:/home/emelie/install/key_teleop:/home/emelie/install/f1tenth_gym_ros:/home/emelie/install/ba_roslab:/opt/ros/foxy /usr/bin/cmake --install /home/emelie/ba_ws_com/build/my_cpp_py_pkg
[34.078s] -- Install configuration: ""
[34.085s] -- Up-to-date: /home/emelie/ba_ws_com/install/my_cpp_py_pkg/lib/my_cpp_py_pkg/talker
[34.086s] -- Up-to-date: /home/emelie/ba_ws_com/install/my_cpp_py_pkg/lib/my_cpp_py_pkg/listener
[34.086s] -- Installing: /home/emelie/ba_ws_com/install/my_cpp_py_pkg/lib/my_cpp_py_pkg/pure_pursuit
[34.087s] -- Set runtime path of "/home/emelie/ba_ws_com/install/my_cpp_py_pkg/lib/my_cpp_py_pkg/pure_pursuit" to ""
[34.087s] -- Up-to-date: /home/emelie/ba_ws_com/install/my_cpp_py_pkg/lib/my_cpp_py_pkg/my_cpp_node
[34.088s] -- Up-to-date: /home/emelie/ba_ws_com/install/my_cpp_py_pkg/share/ament_index/resource_index/package_run_dependencies/my_cpp_py_pkg
[34.088s] -- Up-to-date: /home/emelie/ba_ws_com/install/my_cpp_py_pkg/share/ament_index/resource_index/parent_prefix_path/my_cpp_py_pkg
[34.088s] -- Up-to-date: /home/emelie/ba_ws_com/install/my_cpp_py_pkg/share/my_cpp_py_pkg/environment/ament_prefix_path.sh
[34.088s] -- Up-to-date: /home/emelie/ba_ws_com/install/my_cpp_py_pkg/share/my_cpp_py_pkg/environment/ament_prefix_path.dsv
[34.088s] -- Up-to-date: /home/emelie/ba_ws_com/install/my_cpp_py_pkg/share/my_cpp_py_pkg/environment/path.sh
[34.089s] -- Up-to-date: /home/emelie/ba_ws_com/install/my_cpp_py_pkg/share/my_cpp_py_pkg/environment/path.dsv
[34.089s] -- Up-to-date: /home/emelie/ba_ws_com/install/my_cpp_py_pkg/share/my_cpp_py_pkg/local_setup.bash
[34.089s] -- Up-to-date: /home/emelie/ba_ws_com/install/my_cpp_py_pkg/share/my_cpp_py_pkg/local_setup.sh
[34.089s] -- Up-to-date: /home/emelie/ba_ws_com/install/my_cpp_py_pkg/share/my_cpp_py_pkg/local_setup.zsh
[34.090s] -- Up-to-date: /home/emelie/ba_ws_com/install/my_cpp_py_pkg/share/my_cpp_py_pkg/local_setup.dsv
[34.090s] -- Installing: /home/emelie/ba_ws_com/install/my_cpp_py_pkg/share/my_cpp_py_pkg/package.dsv
[34.090s] -- Up-to-date: /home/emelie/ba_ws_com/install/my_cpp_py_pkg/share/ament_index/resource_index/packages/my_cpp_py_pkg
[34.090s] -- Up-to-date: /home/emelie/ba_ws_com/install/my_cpp_py_pkg/share/my_cpp_py_pkg/cmake/my_cpp_py_pkgConfig.cmake
[34.090s] -- Up-to-date: /home/emelie/ba_ws_com/install/my_cpp_py_pkg/share/my_cpp_py_pkg/cmake/my_cpp_py_pkgConfig-version.cmake
[34.090s] -- Up-to-date: /home/emelie/ba_ws_com/install/my_cpp_py_pkg/share/my_cpp_py_pkg/package.xml
[34.099s] Invoked command in '/home/emelie/ba_ws_com/build/my_cpp_py_pkg' returned '0': CMAKE_PREFIX_PATH=${CMAKE_PREFIX_PATH}:/home/emelie/ba_ws/install/f1tenth_stack:/home/emelie/ba_ws/install/joy_teleop:/home/emelie/ba_ws/install/mouse_teleop:/home/emelie/ba_ws/install/key_teleop:/home/emelie/ba_ws/install/ba_roslab:/home/emelie/install/f1tenth_stack:/home/emelie/install/joy_teleop:/home/emelie/install/mouse_teleop:/home/emelie/install/key_teleop:/home/emelie/install/f1tenth_gym_ros:/home/emelie/install/ba_roslab:/opt/ros/foxy /usr/bin/cmake --install /home/emelie/ba_ws_com/build/my_cpp_py_pkg
