[0.562s] DEBUG:colcon:Command line arguments: ['/usr/bin/colcon', 'build']
[0.563s] DEBUG:colcon:Parsed command line arguments: Namespace(allow_overriding=[], ament_cmake_args=None, base_paths=['.'], build_base='build', catkin_cmake_args=None, catkin_skip_building_tests=False, cmake_args=None, cmake_clean_cache=False, cmake_clean_first=False, cmake_force_configure=False, cmake_target=None, cmake_target_skip_unavailable=False, continue_on_error=False, event_handlers=None, executor='parallel', ignore_user_meta=False, install_base='install', log_base=None, log_level=None, main=<bound method BuildVerb.main of <colcon_core.verb.build.BuildVerb object at 0x7293183d5eb0>>, merge_install=False, metas=['./colcon.meta'], mixin=None, mixin_files=None, mixin_verb=('build',), packages_above=None, packages_above_and_dependencies=None, packages_above_depth=None, packages_end=None, packages_ignore=None, packages_ignore_regex=None, packages_select=None, packages_select_build_failed=False, packages_select_by_dep=None, packages_select_regex=None, packages_select_test_failures=False, packages_skip=None, packages_skip_build_finished=False, packages_skip_by_dep=None, packages_skip_regex=None, packages_skip_test_passed=False, packages_skip_up_to=None, packages_start=None, packages_up_to=None, packages_up_to_regex=None, parallel_workers=4, paths=None, symlink_install=False, test_result_base=None, verb_extension=<colcon_core.verb.build.BuildVerb object at 0x7293183d5eb0>, verb_name='build', verb_parser=<colcon_mixin.mixin.mixin_argument.MixinArgumentDecorator object at 0x7293183e6760>)
[0.973s] Level 1:colcon.colcon_core.package_discovery:discover_packages(colcon_meta) check parameters
[0.973s] Level 1:colcon.colcon_core.package_discovery:discover_packages(recursive) check parameters
[0.973s] Level 1:colcon.colcon_core.package_discovery:discover_packages(ignore) check parameters
[0.973s] Level 1:colcon.colcon_core.package_discovery:discover_packages(path) check parameters
[0.974s] Level 1:colcon.colcon_core.package_discovery:discover_packages(colcon_meta) discover
[0.974s] Level 1:colcon.colcon_core.package_discovery:discover_packages(recursive) discover
[0.974s] INFO:colcon.colcon_core.package_discovery:Crawling recursively for packages in '/home/emelie/ba_ws_com'
[0.974s] Level 1:colcon.colcon_core.package_identification:_identify(.) by extensions ['ignore', 'ignore_ament_install']
[0.974s] Level 1:colcon.colcon_core.package_identification:_identify(.) by extension 'ignore'
[0.974s] Level 1:colcon.colcon_core.package_identification:_identify(.) by extension 'ignore_ament_install'
[0.974s] Level 1:colcon.colcon_core.package_identification:_identify(.) by extensions ['colcon_pkg']
[0.974s] Level 1:colcon.colcon_core.package_identification:_identify(.) by extension 'colcon_pkg'
[0.974s] Level 1:colcon.colcon_core.package_identification:_identify(.) by extensions ['colcon_meta']
[0.974s] Level 1:colcon.colcon_core.package_identification:_identify(.) by extension 'colcon_meta'
[0.975s] Level 1:colcon.colcon_core.package_identification:_identify(.) by extensions ['ros']
[0.975s] Level 1:colcon.colcon_core.package_identification:_identify(.) by extension 'ros'
[0.989s] Level 1:colcon.colcon_core.package_identification:_identify(.) by extensions ['cmake', 'python']
[0.989s] Level 1:colcon.colcon_core.package_identification:_identify(.) by extension 'cmake'
[0.989s] Level 1:colcon.colcon_core.package_identification:_identify(.) by extension 'python'
[0.989s] Level 1:colcon.colcon_core.package_identification:_identify(.) by extensions ['python_setup_py']
[0.989s] Level 1:colcon.colcon_core.package_identification:_identify(.) by extension 'python_setup_py'
[0.990s] Level 1:colcon.colcon_core.package_identification:_identify(build) by extensions ['ignore', 'ignore_ament_install']
[0.990s] Level 1:colcon.colcon_core.package_identification:_identify(build) by extension 'ignore'
[0.990s] Level 1:colcon.colcon_core.package_identification:_identify(build) ignored
[0.990s] Level 1:colcon.colcon_core.package_identification:_identify(install) by extensions ['ignore', 'ignore_ament_install']
[0.991s] Level 1:colcon.colcon_core.package_identification:_identify(install) by extension 'ignore'
[0.991s] Level 1:colcon.colcon_core.package_identification:_identify(install) ignored
[0.991s] Level 1:colcon.colcon_core.package_identification:_identify(log) by extensions ['ignore', 'ignore_ament_install']
[0.991s] Level 1:colcon.colcon_core.package_identification:_identify(log) by extension 'ignore'
[0.992s] Level 1:colcon.colcon_core.package_identification:_identify(log) ignored
[0.992s] Level 1:colcon.colcon_core.package_identification:_identify(src) by extensions ['ignore', 'ignore_ament_install']
[0.992s] Level 1:colcon.colcon_core.package_identification:_identify(src) by extension 'ignore'
[0.992s] Level 1:colcon.colcon_core.package_identification:_identify(src) by extension 'ignore_ament_install'
[0.992s] Level 1:colcon.colcon_core.package_identification:_identify(src) by extensions ['colcon_pkg']
[0.992s] Level 1:colcon.colcon_core.package_identification:_identify(src) by extension 'colcon_pkg'
[0.992s] Level 1:colcon.colcon_core.package_identification:_identify(src) by extensions ['colcon_meta']
[0.992s] Level 1:colcon.colcon_core.package_identification:_identify(src) by extension 'colcon_meta'
[0.992s] Level 1:colcon.colcon_core.package_identification:_identify(src) by extensions ['ros']
[0.992s] Level 1:colcon.colcon_core.package_identification:_identify(src) by extension 'ros'
[0.992s] Level 1:colcon.colcon_core.package_identification:_identify(src) by extensions ['cmake', 'python']
[0.993s] Level 1:colcon.colcon_core.package_identification:_identify(src) by extension 'cmake'
[0.993s] Level 1:colcon.colcon_core.package_identification:_identify(src) by extension 'python'
[0.993s] Level 1:colcon.colcon_core.package_identification:_identify(src) by extensions ['python_setup_py']
[0.993s] Level 1:colcon.colcon_core.package_identification:_identify(src) by extension 'python_setup_py'
[0.993s] Level 1:colcon.colcon_core.package_identification:_identify(src/my_cpp_py_pkg) by extensions ['ignore', 'ignore_ament_install']
[0.993s] Level 1:colcon.colcon_core.package_identification:_identify(src/my_cpp_py_pkg) by extension 'ignore'
[0.993s] Level 1:colcon.colcon_core.package_identification:_identify(src/my_cpp_py_pkg) by extension 'ignore_ament_install'
[0.993s] Level 1:colcon.colcon_core.package_identification:_identify(src/my_cpp_py_pkg) by extensions ['colcon_pkg']
[0.993s] Level 1:colcon.colcon_core.package_identification:_identify(src/my_cpp_py_pkg) by extension 'colcon_pkg'
[0.993s] Level 1:colcon.colcon_core.package_identification:_identify(src/my_cpp_py_pkg) by extensions ['colcon_meta']
[0.993s] Level 1:colcon.colcon_core.package_identification:_identify(src/my_cpp_py_pkg) by extension 'colcon_meta'
[0.993s] Level 1:colcon.colcon_core.package_identification:_identify(src/my_cpp_py_pkg) by extensions ['ros']
[0.993s] Level 1:colcon.colcon_core.package_identification:_identify(src/my_cpp_py_pkg) by extension 'ros'
[1.041s] DEBUG:colcon.colcon_core.package_identification:Package 'src/my_cpp_py_pkg' with type 'ros.ament_cmake' and name 'my_cpp_py_pkg'
[1.042s] Level 1:colcon.colcon_core.package_discovery:discover_packages(recursive) using defaults
[1.043s] Level 1:colcon.colcon_core.package_discovery:discover_packages(ignore) discover
[1.043s] Level 1:colcon.colcon_core.package_discovery:discover_packages(ignore) using defaults
[1.043s] Level 1:colcon.colcon_core.package_discovery:discover_packages(path) discover
[1.043s] Level 1:colcon.colcon_core.package_discovery:discover_packages(path) using defaults
[1.095s] Level 1:colcon.colcon_core.package_discovery:discover_packages(prefix_path) check parameters
[1.095s] Level 1:colcon.colcon_core.package_discovery:discover_packages(prefix_path) discover
[1.099s] DEBUG:colcon.colcon_installed_package_information.package_discovery:Found 2 installed packages in /home/emelie/ba_ws_com/install
[1.101s] DEBUG:colcon.colcon_installed_package_information.package_discovery:Found 12 installed packages in /home/emelie/ba_ws/install
[1.102s] DEBUG:colcon.colcon_installed_package_information.package_discovery:Found 14 installed packages in /home/emelie/install
[1.103s] DEBUG:colcon.colcon_installed_package_information.package_discovery:Found 0 installed packages in /home/emelie/ba_ws/src/ba_roslab/ba_roslab/install
[1.105s] DEBUG:colcon.colcon_installed_package_information.package_discovery:Found 280 installed packages in /opt/ros/foxy
[1.119s] Level 1:colcon.colcon_core.package_discovery:discover_packages(prefix_path) using defaults
[1.193s] Level 5:colcon.colcon_core.verb:set package 'my_cpp_py_pkg' build argument 'cmake_args' from command line to 'None'
[1.193s] Level 5:colcon.colcon_core.verb:set package 'my_cpp_py_pkg' build argument 'cmake_target' from command line to 'None'
[1.193s] Level 5:colcon.colcon_core.verb:set package 'my_cpp_py_pkg' build argument 'cmake_target_skip_unavailable' from command line to 'False'
[1.193s] Level 5:colcon.colcon_core.verb:set package 'my_cpp_py_pkg' build argument 'cmake_clean_cache' from command line to 'False'
[1.193s] Level 5:colcon.colcon_core.verb:set package 'my_cpp_py_pkg' build argument 'cmake_clean_first' from command line to 'False'
[1.193s] Level 5:colcon.colcon_core.verb:set package 'my_cpp_py_pkg' build argument 'cmake_force_configure' from command line to 'False'
[1.193s] Level 5:colcon.colcon_core.verb:set package 'my_cpp_py_pkg' build argument 'ament_cmake_args' from command line to 'None'
[1.193s] Level 5:colcon.colcon_core.verb:set package 'my_cpp_py_pkg' build argument 'catkin_cmake_args' from command line to 'None'
[1.193s] Level 5:colcon.colcon_core.verb:set package 'my_cpp_py_pkg' build argument 'catkin_skip_building_tests' from command line to 'False'
[1.193s] DEBUG:colcon.colcon_core.verb:Building package 'my_cpp_py_pkg' with the following arguments: {'ament_cmake_args': None, 'build_base': '/home/emelie/ba_ws_com/build/my_cpp_py_pkg', 'catkin_cmake_args': None, 'catkin_skip_building_tests': False, 'cmake_args': None, 'cmake_clean_cache': False, 'cmake_clean_first': False, 'cmake_force_configure': False, 'cmake_target': None, 'cmake_target_skip_unavailable': False, 'install_base': '/home/emelie/ba_ws_com/install/my_cpp_py_pkg', 'merge_install': False, 'path': '/home/emelie/ba_ws_com/src/my_cpp_py_pkg', 'symlink_install': False, 'test_result_base': None}
[1.193s] INFO:colcon.colcon_core.executor:Executing jobs using 'parallel' executor
[1.195s] DEBUG:colcon.colcon_parallel_executor.executor.parallel:run_until_complete
[1.196s] INFO:colcon.colcon_ros.task.ament_cmake.build:Building ROS package in '/home/emelie/ba_ws_com/src/my_cpp_py_pkg' with build type 'ament_cmake'
[1.196s] INFO:colcon.colcon_cmake.task.cmake.build:Building CMake package in '/home/emelie/ba_ws_com/src/my_cpp_py_pkg'
[1.202s] INFO:colcon.colcon_core.plugin_system:Skipping extension 'colcon_core.shell.bat': Not used on non-Windows systems
[1.202s] INFO:colcon.colcon_core.shell:Skip shell extension 'powershell' for command environment: Not usable outside of PowerShell
[1.203s] DEBUG:colcon.colcon_core.shell:Skip shell extension 'dsv' for command environment
[1.237s] DEBUG:colcon.colcon_core.event_handler.log_command:Invoking command in '/home/emelie/ba_ws_com/build/my_cpp_py_pkg': CMAKE_PREFIX_PATH=${CMAKE_PREFIX_PATH}:/home/emelie/ba_ws/install/f1tenth_stack:/home/emelie/ba_ws/install/joy_teleop:/home/emelie/ba_ws/install/mouse_teleop:/home/emelie/ba_ws/install/key_teleop:/home/emelie/ba_ws/install/ba_roslab:/home/emelie/install/f1tenth_stack:/home/emelie/install/joy_teleop:/home/emelie/install/mouse_teleop:/home/emelie/install/key_teleop:/home/emelie/install/f1tenth_gym_ros:/home/emelie/install/ba_roslab:/opt/ros/foxy /usr/bin/cmake --build /home/emelie/ba_ws_com/build/my_cpp_py_pkg -- -j4 -l4
[1.949s] DEBUG:colcon.colcon_core.event_handler.log_command:Invoked command in '/home/emelie/ba_ws_com/build/my_cpp_py_pkg' returned '0': CMAKE_PREFIX_PATH=${CMAKE_PREFIX_PATH}:/home/emelie/ba_ws/install/f1tenth_stack:/home/emelie/ba_ws/install/joy_teleop:/home/emelie/ba_ws/install/mouse_teleop:/home/emelie/ba_ws/install/key_teleop:/home/emelie/ba_ws/install/ba_roslab:/home/emelie/install/f1tenth_stack:/home/emelie/install/joy_teleop:/home/emelie/install/mouse_teleop:/home/emelie/install/key_teleop:/home/emelie/install/f1tenth_gym_ros:/home/emelie/install/ba_roslab:/opt/ros/foxy /usr/bin/cmake --build /home/emelie/ba_ws_com/build/my_cpp_py_pkg -- -j4 -l4
[2.330s] DEBUG:colcon.colcon_core.event_handler.log_command:Invoking command in '/home/emelie/ba_ws_com/build/my_cpp_py_pkg': CMAKE_PREFIX_PATH=${CMAKE_PREFIX_PATH}:/home/emelie/ba_ws/install/f1tenth_stack:/home/emelie/ba_ws/install/joy_teleop:/home/emelie/ba_ws/install/mouse_teleop:/home/emelie/ba_ws/install/key_teleop:/home/emelie/ba_ws/install/ba_roslab:/home/emelie/install/f1tenth_stack:/home/emelie/install/joy_teleop:/home/emelie/install/mouse_teleop:/home/emelie/install/key_teleop:/home/emelie/install/f1tenth_gym_ros:/home/emelie/install/ba_roslab:/opt/ros/foxy /usr/bin/cmake --install /home/emelie/ba_ws_com/build/my_cpp_py_pkg
[2.862s] Level 1:colcon.colcon_core.environment:create_environment_scripts_only(my_cpp_py_pkg)
[2.871s] DEBUG:colcon.colcon_core.event_handler.log_command:Invoked command in '/home/emelie/ba_ws_com/build/my_cpp_py_pkg' returned '0': CMAKE_PREFIX_PATH=${CMAKE_PREFIX_PATH}:/home/emelie/ba_ws/install/f1tenth_stack:/home/emelie/ba_ws/install/joy_teleop:/home/emelie/ba_ws/install/mouse_teleop:/home/emelie/ba_ws/install/key_teleop:/home/emelie/ba_ws/install/ba_roslab:/home/emelie/install/f1tenth_stack:/home/emelie/install/joy_teleop:/home/emelie/install/mouse_teleop:/home/emelie/install/key_teleop:/home/emelie/install/f1tenth_gym_ros:/home/emelie/install/ba_roslab:/opt/ros/foxy /usr/bin/cmake --install /home/emelie/ba_ws_com/build/my_cpp_py_pkg
[2.890s] Level 1:colcon.colcon_core.environment:checking '/home/emelie/ba_ws_com/install/my_cpp_py_pkg' for CMake module files
[2.906s] Level 1:colcon.colcon_core.environment:checking '/home/emelie/ba_ws_com/install/my_cpp_py_pkg' for CMake config files
[2.908s] Level 1:colcon.colcon_core.shell:create_environment_hook('my_cpp_py_pkg', 'cmake_prefix_path')
[2.909s] INFO:colcon.colcon_core.shell:Creating environment hook '/home/emelie/ba_ws_com/install/my_cpp_py_pkg/share/my_cpp_py_pkg/hook/cmake_prefix_path.ps1'
[2.911s] INFO:colcon.colcon_core.shell:Creating environment descriptor '/home/emelie/ba_ws_com/install/my_cpp_py_pkg/share/my_cpp_py_pkg/hook/cmake_prefix_path.dsv'
[2.913s] INFO:colcon.colcon_core.shell:Creating environment hook '/home/emelie/ba_ws_com/install/my_cpp_py_pkg/share/my_cpp_py_pkg/hook/cmake_prefix_path.sh'
[2.924s] Level 1:colcon.colcon_core.environment:checking '/home/emelie/ba_ws_com/install/my_cpp_py_pkg/lib'
[2.925s] Level 1:colcon.colcon_core.environment:checking '/home/emelie/ba_ws_com/install/my_cpp_py_pkg/bin'
[2.925s] Level 1:colcon.colcon_core.environment:checking '/home/emelie/ba_ws_com/install/my_cpp_py_pkg/lib/pkgconfig/my_cpp_py_pkg.pc'
[2.926s] Level 1:colcon.colcon_core.environment:checking '/home/emelie/ba_ws_com/install/my_cpp_py_pkg/lib/python3.8/site-packages'
[2.926s] Level 1:colcon.colcon_core.environment:checking '/home/emelie/ba_ws_com/install/my_cpp_py_pkg/bin'
[2.927s] INFO:colcon.colcon_core.shell:Creating package script '/home/emelie/ba_ws_com/install/my_cpp_py_pkg/share/my_cpp_py_pkg/package.ps1'
[2.929s] INFO:colcon.colcon_core.shell:Creating package descriptor '/home/emelie/ba_ws_com/install/my_cpp_py_pkg/share/my_cpp_py_pkg/package.dsv'
[2.931s] INFO:colcon.colcon_core.shell:Creating package script '/home/emelie/ba_ws_com/install/my_cpp_py_pkg/share/my_cpp_py_pkg/package.sh'
[2.935s] INFO:colcon.colcon_core.shell:Creating package script '/home/emelie/ba_ws_com/install/my_cpp_py_pkg/share/my_cpp_py_pkg/package.bash'
[2.946s] INFO:colcon.colcon_core.shell:Creating package script '/home/emelie/ba_ws_com/install/my_cpp_py_pkg/share/my_cpp_py_pkg/package.zsh'
[2.989s] Level 1:colcon.colcon_core.environment:create_file_with_runtime_dependencies(/home/emelie/ba_ws_com/install/my_cpp_py_pkg/share/colcon-core/packages/my_cpp_py_pkg)
[3.114s] Level 1:colcon.colcon_core.environment:create_environment_scripts_only(my_cpp_py_pkg)
[3.114s] Level 1:colcon.colcon_core.environment:checking '/home/emelie/ba_ws_com/install/my_cpp_py_pkg' for CMake module files
[3.117s] Level 1:colcon.colcon_core.environment:checking '/home/emelie/ba_ws_com/install/my_cpp_py_pkg' for CMake config files
[3.118s] Level 1:colcon.colcon_core.shell:create_environment_hook('my_cpp_py_pkg', 'cmake_prefix_path')
[3.119s] INFO:colcon.colcon_core.shell:Creating environment hook '/home/emelie/ba_ws_com/install/my_cpp_py_pkg/share/my_cpp_py_pkg/hook/cmake_prefix_path.ps1'
[3.120s] INFO:colcon.colcon_core.shell:Creating environment descriptor '/home/emelie/ba_ws_com/install/my_cpp_py_pkg/share/my_cpp_py_pkg/hook/cmake_prefix_path.dsv'
[3.122s] INFO:colcon.colcon_core.shell:Creating environment hook '/home/emelie/ba_ws_com/install/my_cpp_py_pkg/share/my_cpp_py_pkg/hook/cmake_prefix_path.sh'
[3.123s] Level 1:colcon.colcon_core.environment:checking '/home/emelie/ba_ws_com/install/my_cpp_py_pkg/lib'
[3.123s] Level 1:colcon.colcon_core.environment:checking '/home/emelie/ba_ws_com/install/my_cpp_py_pkg/bin'
[3.123s] Level 1:colcon.colcon_core.environment:checking '/home/emelie/ba_ws_com/install/my_cpp_py_pkg/lib/pkgconfig/my_cpp_py_pkg.pc'
[3.124s] Level 1:colcon.colcon_core.environment:checking '/home/emelie/ba_ws_com/install/my_cpp_py_pkg/lib/python3.8/site-packages'
[3.125s] Level 1:colcon.colcon_core.environment:checking '/home/emelie/ba_ws_com/install/my_cpp_py_pkg/bin'
[3.127s] INFO:colcon.colcon_core.shell:Creating package script '/home/emelie/ba_ws_com/install/my_cpp_py_pkg/share/my_cpp_py_pkg/package.ps1'
[3.131s] INFO:colcon.colcon_core.shell:Creating package descriptor '/home/emelie/ba_ws_com/install/my_cpp_py_pkg/share/my_cpp_py_pkg/package.dsv'
[3.144s] INFO:colcon.colcon_core.shell:Creating package script '/home/emelie/ba_ws_com/install/my_cpp_py_pkg/share/my_cpp_py_pkg/package.sh'
[3.147s] INFO:colcon.colcon_core.shell:Creating package script '/home/emelie/ba_ws_com/install/my_cpp_py_pkg/share/my_cpp_py_pkg/package.bash'
[3.149s] INFO:colcon.colcon_core.shell:Creating package script '/home/emelie/ba_ws_com/install/my_cpp_py_pkg/share/my_cpp_py_pkg/package.zsh'
[3.150s] Level 1:colcon.colcon_core.environment:create_file_with_runtime_dependencies(/home/emelie/ba_ws_com/install/my_cpp_py_pkg/share/colcon-core/packages/my_cpp_py_pkg)
[3.154s] DEBUG:colcon.colcon_parallel_executor.executor.parallel:closing loop
[3.154s] DEBUG:colcon.colcon_parallel_executor.executor.parallel:loop closed
[3.154s] DEBUG:colcon.colcon_parallel_executor.executor.parallel:run_until_complete finished with '0'
[3.154s] DEBUG:colcon.colcon_core.event_reactor:joining thread
[3.364s] INFO:colcon.colcon_core.plugin_system:Skipping extension 'colcon_notification.desktop_notification.notify_send': Could not find 'notify-send'
[3.364s] INFO:colcon.colcon_core.plugin_system:Skipping extension 'colcon_notification.desktop_notification.terminal_notifier': Not used on non-Darwin systems
[3.364s] INFO:colcon.colcon_core.plugin_system:Skipping extension 'colcon_notification.desktop_notification.win32': Not used on non-Windows systems
[3.364s] INFO:colcon.colcon_notification.desktop_notification:Sending desktop notification using 'notify2'
[3.367s] DEBUG:colcon.colcon_notification.desktop_notification.notify2:Failed to initialize notify2: org.freedesktop.DBus.Error.ServiceUnknown: The name org.freedesktop.Notifications was not provided by any .service files
[3.368s] DEBUG:colcon.colcon_core.event_reactor:joined thread
[3.369s] INFO:colcon.colcon_core.shell:Creating prefix script '/home/emelie/ba_ws_com/install/local_setup.ps1'
[3.371s] INFO:colcon.colcon_core.shell:Creating prefix util module '/home/emelie/ba_ws_com/install/_local_setup_util_ps1.py'
[3.393s] INFO:colcon.colcon_core.shell:Creating prefix chain script '/home/emelie/ba_ws_com/install/setup.ps1'
[3.396s] INFO:colcon.colcon_core.shell:Creating prefix script '/home/emelie/ba_ws_com/install/local_setup.sh'
[3.427s] INFO:colcon.colcon_core.shell:Creating prefix util module '/home/emelie/ba_ws_com/install/_local_setup_util_sh.py'
[3.429s] INFO:colcon.colcon_core.shell:Creating prefix chain script '/home/emelie/ba_ws_com/install/setup.sh'
[3.466s] INFO:colcon.colcon_core.shell:Creating prefix script '/home/emelie/ba_ws_com/install/local_setup.bash'
[3.468s] INFO:colcon.colcon_core.shell:Creating prefix chain script '/home/emelie/ba_ws_com/install/setup.bash'
[3.472s] INFO:colcon.colcon_core.shell:Creating prefix script '/home/emelie/ba_ws_com/install/local_setup.zsh'
[3.507s] INFO:colcon.colcon_core.shell:Creating prefix chain script '/home/emelie/ba_ws_com/install/setup.zsh'
