[1.002s] DEBUG:colcon:Command line arguments: ['/usr/bin/colcon', 'build']
[1.002s] DEBUG:colcon:Parsed command line arguments: Namespace(allow_overriding=[], ament_cmake_args=None, base_paths=['.'], build_base='build', catkin_cmake_args=None, catkin_skip_building_tests=False, cmake_args=None, cmake_clean_cache=False, cmake_clean_first=False, cmake_force_configure=False, cmake_target=None, cmake_target_skip_unavailable=False, continue_on_error=False, event_handlers=None, executor='parallel', ignore_user_meta=False, install_base='install', log_base=None, log_level=None, main=<bound method BuildVerb.main of <colcon_core.verb.build.BuildVerb object at 0x700224417ca0>>, merge_install=False, metas=['./colcon.meta'], mixin=None, mixin_files=None, mixin_verb=('build',), packages_above=None, packages_above_and_dependencies=None, packages_above_depth=None, packages_end=None, packages_ignore=None, packages_ignore_regex=None, packages_select=None, packages_select_build_failed=False, packages_select_by_dep=None, packages_select_regex=None, packages_select_test_failures=False, packages_skip=None, packages_skip_build_finished=False, packages_skip_by_dep=None, packages_skip_regex=None, packages_skip_test_passed=False, packages_skip_up_to=None, packages_start=None, packages_up_to=None, packages_up_to_regex=None, parallel_workers=4, paths=None, symlink_install=False, test_result_base=None, verb_extension=<colcon_core.verb.build.BuildVerb object at 0x700224417ca0>, verb_name='build', verb_parser=<colcon_mixin.mixin.mixin_argument.MixinArgumentDecorator object at 0x700224428580>)
[1.920s] Level 1:colcon.colcon_core.package_discovery:discover_packages(colcon_meta) check parameters
[1.922s] Level 1:colcon.colcon_core.package_discovery:discover_packages(recursive) check parameters
[1.923s] Level 1:colcon.colcon_core.package_discovery:discover_packages(ignore) check parameters
[1.923s] Level 1:colcon.colcon_core.package_discovery:discover_packages(path) check parameters
[1.923s] Level 1:colcon.colcon_core.package_discovery:discover_packages(colcon_meta) discover
[1.923s] Level 1:colcon.colcon_core.package_discovery:discover_packages(recursive) discover
[1.923s] INFO:colcon.colcon_core.package_discovery:Crawling recursively for packages in '/home/emelie/ba_ws_com'
[1.923s] Level 1:colcon.colcon_core.package_identification:_identify(.) by extensions ['ignore', 'ignore_ament_install']
[1.924s] Level 1:colcon.colcon_core.package_identification:_identify(.) by extension 'ignore'
[1.924s] Level 1:colcon.colcon_core.package_identification:_identify(.) by extension 'ignore_ament_install'
[1.924s] Level 1:colcon.colcon_core.package_identification:_identify(.) by extensions ['colcon_pkg']
[1.924s] Level 1:colcon.colcon_core.package_identification:_identify(.) by extension 'colcon_pkg'
[1.924s] Level 1:colcon.colcon_core.package_identification:_identify(.) by extensions ['colcon_meta']
[1.925s] Level 1:colcon.colcon_core.package_identification:_identify(.) by extension 'colcon_meta'
[1.925s] Level 1:colcon.colcon_core.package_identification:_identify(.) by extensions ['ros']
[1.925s] Level 1:colcon.colcon_core.package_identification:_identify(.) by extension 'ros'
[2.232s] Level 1:colcon.colcon_core.package_identification:_identify(.) by extensions ['cmake', 'python']
[2.232s] Level 1:colcon.colcon_core.package_identification:_identify(.) by extension 'cmake'
[2.232s] Level 1:colcon.colcon_core.package_identification:_identify(.) by extension 'python'
[2.233s] Level 1:colcon.colcon_core.package_identification:_identify(.) by extensions ['python_setup_py']
[2.233s] Level 1:colcon.colcon_core.package_identification:_identify(.) by extension 'python_setup_py'
[2.233s] Level 1:colcon.colcon_core.package_identification:_identify(CMakeFiles) by extensions ['ignore', 'ignore_ament_install']
[2.233s] Level 1:colcon.colcon_core.package_identification:_identify(CMakeFiles) by extension 'ignore'
[2.234s] Level 1:colcon.colcon_core.package_identification:_identify(CMakeFiles) by extension 'ignore_ament_install'
[2.234s] Level 1:colcon.colcon_core.package_identification:_identify(CMakeFiles) by extensions ['colcon_pkg']
[2.234s] Level 1:colcon.colcon_core.package_identification:_identify(CMakeFiles) by extension 'colcon_pkg'
[2.234s] Level 1:colcon.colcon_core.package_identification:_identify(CMakeFiles) by extensions ['colcon_meta']
[2.235s] Level 1:colcon.colcon_core.package_identification:_identify(CMakeFiles) by extension 'colcon_meta'
[2.235s] Level 1:colcon.colcon_core.package_identification:_identify(CMakeFiles) by extensions ['ros']
[2.235s] Level 1:colcon.colcon_core.package_identification:_identify(CMakeFiles) by extension 'ros'
[2.236s] Level 1:colcon.colcon_core.package_identification:_identify(CMakeFiles) by extensions ['cmake', 'python']
[2.238s] Level 1:colcon.colcon_core.package_identification:_identify(CMakeFiles) by extension 'cmake'
[2.238s] Level 1:colcon.colcon_core.package_identification:_identify(CMakeFiles) by extension 'python'
[2.238s] Level 1:colcon.colcon_core.package_identification:_identify(CMakeFiles) by extensions ['python_setup_py']
[2.238s] Level 1:colcon.colcon_core.package_identification:_identify(CMakeFiles) by extension 'python_setup_py'
[2.239s] Level 1:colcon.colcon_core.package_identification:_identify(CMakeFiles/3.16.3) by extensions ['ignore', 'ignore_ament_install']
[2.239s] Level 1:colcon.colcon_core.package_identification:_identify(CMakeFiles/3.16.3) by extension 'ignore'
[2.239s] Level 1:colcon.colcon_core.package_identification:_identify(CMakeFiles/3.16.3) by extension 'ignore_ament_install'
[2.240s] Level 1:colcon.colcon_core.package_identification:_identify(CMakeFiles/3.16.3) by extensions ['colcon_pkg']
[2.240s] Level 1:colcon.colcon_core.package_identification:_identify(CMakeFiles/3.16.3) by extension 'colcon_pkg'
[2.240s] Level 1:colcon.colcon_core.package_identification:_identify(CMakeFiles/3.16.3) by extensions ['colcon_meta']
[2.240s] Level 1:colcon.colcon_core.package_identification:_identify(CMakeFiles/3.16.3) by extension 'colcon_meta'
[2.240s] Level 1:colcon.colcon_core.package_identification:_identify(CMakeFiles/3.16.3) by extensions ['ros']
[2.240s] Level 1:colcon.colcon_core.package_identification:_identify(CMakeFiles/3.16.3) by extension 'ros'
[2.241s] Level 1:colcon.colcon_core.package_identification:_identify(CMakeFiles/3.16.3) by extensions ['cmake', 'python']
[2.241s] Level 1:colcon.colcon_core.package_identification:_identify(CMakeFiles/3.16.3) by extension 'cmake'
[2.241s] Level 1:colcon.colcon_core.package_identification:_identify(CMakeFiles/3.16.3) by extension 'python'
[2.241s] Level 1:colcon.colcon_core.package_identification:_identify(CMakeFiles/3.16.3) by extensions ['python_setup_py']
[2.241s] Level 1:colcon.colcon_core.package_identification:_identify(CMakeFiles/3.16.3) by extension 'python_setup_py'
[2.242s] Level 1:colcon.colcon_core.package_identification:_identify(CMakeFiles/3.16.3/CompilerIdC) by extensions ['ignore', 'ignore_ament_install']
[2.242s] Level 1:colcon.colcon_core.package_identification:_identify(CMakeFiles/3.16.3/CompilerIdC) by extension 'ignore'
[2.242s] Level 1:colcon.colcon_core.package_identification:_identify(CMakeFiles/3.16.3/CompilerIdC) by extension 'ignore_ament_install'
[2.243s] Level 1:colcon.colcon_core.package_identification:_identify(CMakeFiles/3.16.3/CompilerIdC) by extensions ['colcon_pkg']
[2.243s] Level 1:colcon.colcon_core.package_identification:_identify(CMakeFiles/3.16.3/CompilerIdC) by extension 'colcon_pkg'
[2.243s] Level 1:colcon.colcon_core.package_identification:_identify(CMakeFiles/3.16.3/CompilerIdC) by extensions ['colcon_meta']
[2.243s] Level 1:colcon.colcon_core.package_identification:_identify(CMakeFiles/3.16.3/CompilerIdC) by extension 'colcon_meta'
[2.243s] Level 1:colcon.colcon_core.package_identification:_identify(CMakeFiles/3.16.3/CompilerIdC) by extensions ['ros']
[2.243s] Level 1:colcon.colcon_core.package_identification:_identify(CMakeFiles/3.16.3/CompilerIdC) by extension 'ros'
[2.244s] Level 1:colcon.colcon_core.package_identification:_identify(CMakeFiles/3.16.3/CompilerIdC) by extensions ['cmake', 'python']
[2.244s] Level 1:colcon.colcon_core.package_identification:_identify(CMakeFiles/3.16.3/CompilerIdC) by extension 'cmake'
[2.244s] Level 1:colcon.colcon_core.package_identification:_identify(CMakeFiles/3.16.3/CompilerIdC) by extension 'python'
[2.246s] Level 1:colcon.colcon_core.package_identification:_identify(CMakeFiles/3.16.3/CompilerIdC) by extensions ['python_setup_py']
[2.247s] Level 1:colcon.colcon_core.package_identification:_identify(CMakeFiles/3.16.3/CompilerIdC) by extension 'python_setup_py'
[2.247s] Level 1:colcon.colcon_core.package_identification:_identify(CMakeFiles/3.16.3/CompilerIdC/tmp) by extensions ['ignore', 'ignore_ament_install']
[2.248s] Level 1:colcon.colcon_core.package_identification:_identify(CMakeFiles/3.16.3/CompilerIdC/tmp) by extension 'ignore'
[2.248s] Level 1:colcon.colcon_core.package_identification:_identify(CMakeFiles/3.16.3/CompilerIdC/tmp) by extension 'ignore_ament_install'
[2.248s] Level 1:colcon.colcon_core.package_identification:_identify(CMakeFiles/3.16.3/CompilerIdC/tmp) by extensions ['colcon_pkg']
[2.248s] Level 1:colcon.colcon_core.package_identification:_identify(CMakeFiles/3.16.3/CompilerIdC/tmp) by extension 'colcon_pkg'
[2.249s] Level 1:colcon.colcon_core.package_identification:_identify(CMakeFiles/3.16.3/CompilerIdC/tmp) by extensions ['colcon_meta']
[2.249s] Level 1:colcon.colcon_core.package_identification:_identify(CMakeFiles/3.16.3/CompilerIdC/tmp) by extension 'colcon_meta'
[2.249s] Level 1:colcon.colcon_core.package_identification:_identify(CMakeFiles/3.16.3/CompilerIdC/tmp) by extensions ['ros']
[2.249s] Level 1:colcon.colcon_core.package_identification:_identify(CMakeFiles/3.16.3/CompilerIdC/tmp) by extension 'ros'
[2.250s] Level 1:colcon.colcon_core.package_identification:_identify(CMakeFiles/3.16.3/CompilerIdC/tmp) by extensions ['cmake', 'python']
[2.250s] Level 1:colcon.colcon_core.package_identification:_identify(CMakeFiles/3.16.3/CompilerIdC/tmp) by extension 'cmake'
[2.250s] Level 1:colcon.colcon_core.package_identification:_identify(CMakeFiles/3.16.3/CompilerIdC/tmp) by extension 'python'
[2.250s] Level 1:colcon.colcon_core.package_identification:_identify(CMakeFiles/3.16.3/CompilerIdC/tmp) by extensions ['python_setup_py']
[2.251s] Level 1:colcon.colcon_core.package_identification:_identify(CMakeFiles/3.16.3/CompilerIdC/tmp) by extension 'python_setup_py'
[2.251s] Level 1:colcon.colcon_core.package_identification:_identify(CMakeFiles/3.16.3/CompilerIdCXX) by extensions ['ignore', 'ignore_ament_install']
[2.252s] Level 1:colcon.colcon_core.package_identification:_identify(CMakeFiles/3.16.3/CompilerIdCXX) by extension 'ignore'
[2.254s] Level 1:colcon.colcon_core.package_identification:_identify(CMakeFiles/3.16.3/CompilerIdCXX) by extension 'ignore_ament_install'
[2.254s] Level 1:colcon.colcon_core.package_identification:_identify(CMakeFiles/3.16.3/CompilerIdCXX) by extensions ['colcon_pkg']
[2.255s] Level 1:colcon.colcon_core.package_identification:_identify(CMakeFiles/3.16.3/CompilerIdCXX) by extension 'colcon_pkg'
[2.255s] Level 1:colcon.colcon_core.package_identification:_identify(CMakeFiles/3.16.3/CompilerIdCXX) by extensions ['colcon_meta']
[2.255s] Level 1:colcon.colcon_core.package_identification:_identify(CMakeFiles/3.16.3/CompilerIdCXX) by extension 'colcon_meta'
[2.255s] Level 1:colcon.colcon_core.package_identification:_identify(CMakeFiles/3.16.3/CompilerIdCXX) by extensions ['ros']
[2.255s] Level 1:colcon.colcon_core.package_identification:_identify(CMakeFiles/3.16.3/CompilerIdCXX) by extension 'ros'
[2.256s] Level 1:colcon.colcon_core.package_identification:_identify(CMakeFiles/3.16.3/CompilerIdCXX) by extensions ['cmake', 'python']
[2.256s] Level 1:colcon.colcon_core.package_identification:_identify(CMakeFiles/3.16.3/CompilerIdCXX) by extension 'cmake'
[2.256s] Level 1:colcon.colcon_core.package_identification:_identify(CMakeFiles/3.16.3/CompilerIdCXX) by extension 'python'
[2.256s] Level 1:colcon.colcon_core.package_identification:_identify(CMakeFiles/3.16.3/CompilerIdCXX) by extensions ['python_setup_py']
[2.256s] Level 1:colcon.colcon_core.package_identification:_identify(CMakeFiles/3.16.3/CompilerIdCXX) by extension 'python_setup_py'
[2.257s] Level 1:colcon.colcon_core.package_identification:_identify(CMakeFiles/3.16.3/CompilerIdCXX/tmp) by extensions ['ignore', 'ignore_ament_install']
[2.257s] Level 1:colcon.colcon_core.package_identification:_identify(CMakeFiles/3.16.3/CompilerIdCXX/tmp) by extension 'ignore'
[2.257s] Level 1:colcon.colcon_core.package_identification:_identify(CMakeFiles/3.16.3/CompilerIdCXX/tmp) by extension 'ignore_ament_install'
[2.257s] Level 1:colcon.colcon_core.package_identification:_identify(CMakeFiles/3.16.3/CompilerIdCXX/tmp) by extensions ['colcon_pkg']
[2.257s] Level 1:colcon.colcon_core.package_identification:_identify(CMakeFiles/3.16.3/CompilerIdCXX/tmp) by extension 'colcon_pkg'
[2.257s] Level 1:colcon.colcon_core.package_identification:_identify(CMakeFiles/3.16.3/CompilerIdCXX/tmp) by extensions ['colcon_meta']
[2.257s] Level 1:colcon.colcon_core.package_identification:_identify(CMakeFiles/3.16.3/CompilerIdCXX/tmp) by extension 'colcon_meta'
[2.258s] Level 1:colcon.colcon_core.package_identification:_identify(CMakeFiles/3.16.3/CompilerIdCXX/tmp) by extensions ['ros']
[2.258s] Level 1:colcon.colcon_core.package_identification:_identify(CMakeFiles/3.16.3/CompilerIdCXX/tmp) by extension 'ros'
[2.258s] Level 1:colcon.colcon_core.package_identification:_identify(CMakeFiles/3.16.3/CompilerIdCXX/tmp) by extensions ['cmake', 'python']
[2.258s] Level 1:colcon.colcon_core.package_identification:_identify(CMakeFiles/3.16.3/CompilerIdCXX/tmp) by extension 'cmake'
[2.258s] Level 1:colcon.colcon_core.package_identification:_identify(CMakeFiles/3.16.3/CompilerIdCXX/tmp) by extension 'python'
[2.258s] Level 1:colcon.colcon_core.package_identification:_identify(CMakeFiles/3.16.3/CompilerIdCXX/tmp) by extensions ['python_setup_py']
[2.258s] Level 1:colcon.colcon_core.package_identification:_identify(CMakeFiles/3.16.3/CompilerIdCXX/tmp) by extension 'python_setup_py'
[2.258s] Level 1:colcon.colcon_core.package_identification:_identify(CMakeFiles/CMakeTmp) by extensions ['ignore', 'ignore_ament_install']
[2.259s] Level 1:colcon.colcon_core.package_identification:_identify(CMakeFiles/CMakeTmp) by extension 'ignore'
[2.259s] Level 1:colcon.colcon_core.package_identification:_identify(CMakeFiles/CMakeTmp) by extension 'ignore_ament_install'
[2.259s] Level 1:colcon.colcon_core.package_identification:_identify(CMakeFiles/CMakeTmp) by extensions ['colcon_pkg']
[2.259s] Level 1:colcon.colcon_core.package_identification:_identify(CMakeFiles/CMakeTmp) by extension 'colcon_pkg'
[2.259s] Level 1:colcon.colcon_core.package_identification:_identify(CMakeFiles/CMakeTmp) by extensions ['colcon_meta']
[2.259s] Level 1:colcon.colcon_core.package_identification:_identify(CMakeFiles/CMakeTmp) by extension 'colcon_meta'
[2.260s] Level 1:colcon.colcon_core.package_identification:_identify(CMakeFiles/CMakeTmp) by extensions ['ros']
[2.260s] Level 1:colcon.colcon_core.package_identification:_identify(CMakeFiles/CMakeTmp) by extension 'ros'
[2.260s] Level 1:colcon.colcon_core.package_identification:_identify(CMakeFiles/CMakeTmp) by extensions ['cmake', 'python']
[2.260s] Level 1:colcon.colcon_core.package_identification:_identify(CMakeFiles/CMakeTmp) by extension 'cmake'
[2.260s] Level 1:colcon.colcon_core.package_identification:_identify(CMakeFiles/CMakeTmp) by extension 'python'
[2.260s] Level 1:colcon.colcon_core.package_identification:_identify(CMakeFiles/CMakeTmp) by extensions ['python_setup_py']
[2.260s] Level 1:colcon.colcon_core.package_identification:_identify(CMakeFiles/CMakeTmp) by extension 'python_setup_py'
[2.261s] Level 1:colcon.colcon_core.package_identification:_identify(CMakeFiles/listener.dir) by extensions ['ignore', 'ignore_ament_install']
[2.261s] Level 1:colcon.colcon_core.package_identification:_identify(CMakeFiles/listener.dir) by extension 'ignore'
[2.261s] Level 1:colcon.colcon_core.package_identification:_identify(CMakeFiles/listener.dir) by extension 'ignore_ament_install'
[2.261s] Level 1:colcon.colcon_core.package_identification:_identify(CMakeFiles/listener.dir) by extensions ['colcon_pkg']
[2.261s] Level 1:colcon.colcon_core.package_identification:_identify(CMakeFiles/listener.dir) by extension 'colcon_pkg'
[2.262s] Level 1:colcon.colcon_core.package_identification:_identify(CMakeFiles/listener.dir) by extensions ['colcon_meta']
[2.262s] Level 1:colcon.colcon_core.package_identification:_identify(CMakeFiles/listener.dir) by extension 'colcon_meta'
[2.262s] Level 1:colcon.colcon_core.package_identification:_identify(CMakeFiles/listener.dir) by extensions ['ros']
[2.262s] Level 1:colcon.colcon_core.package_identification:_identify(CMakeFiles/listener.dir) by extension 'ros'
[2.262s] Level 1:colcon.colcon_core.package_identification:_identify(CMakeFiles/listener.dir) by extensions ['cmake', 'python']
[2.262s] Level 1:colcon.colcon_core.package_identification:_identify(CMakeFiles/listener.dir) by extension 'cmake'
[2.263s] Level 1:colcon.colcon_core.package_identification:_identify(CMakeFiles/listener.dir) by extension 'python'
[2.263s] Level 1:colcon.colcon_core.package_identification:_identify(CMakeFiles/listener.dir) by extensions ['python_setup_py']
[2.263s] Level 1:colcon.colcon_core.package_identification:_identify(CMakeFiles/listener.dir) by extension 'python_setup_py'
[2.263s] Level 1:colcon.colcon_core.package_identification:_identify(CMakeFiles/listener.dir/src) by extensions ['ignore', 'ignore_ament_install']
[2.264s] Level 1:colcon.colcon_core.package_identification:_identify(CMakeFiles/listener.dir/src) by extension 'ignore'
[2.264s] Level 1:colcon.colcon_core.package_identification:_identify(CMakeFiles/listener.dir/src) by extension 'ignore_ament_install'
[2.264s] Level 1:colcon.colcon_core.package_identification:_identify(CMakeFiles/listener.dir/src) by extensions ['colcon_pkg']
[2.264s] Level 1:colcon.colcon_core.package_identification:_identify(CMakeFiles/listener.dir/src) by extension 'colcon_pkg'
[2.265s] Level 1:colcon.colcon_core.package_identification:_identify(CMakeFiles/listener.dir/src) by extensions ['colcon_meta']
[2.265s] Level 1:colcon.colcon_core.package_identification:_identify(CMakeFiles/listener.dir/src) by extension 'colcon_meta'
[2.265s] Level 1:colcon.colcon_core.package_identification:_identify(CMakeFiles/listener.dir/src) by extensions ['ros']
[2.265s] Level 1:colcon.colcon_core.package_identification:_identify(CMakeFiles/listener.dir/src) by extension 'ros'
[2.265s] Level 1:colcon.colcon_core.package_identification:_identify(CMakeFiles/listener.dir/src) by extensions ['cmake', 'python']
[2.265s] Level 1:colcon.colcon_core.package_identification:_identify(CMakeFiles/listener.dir/src) by extension 'cmake'
[2.265s] Level 1:colcon.colcon_core.package_identification:_identify(CMakeFiles/listener.dir/src) by extension 'python'
[2.266s] Level 1:colcon.colcon_core.package_identification:_identify(CMakeFiles/listener.dir/src) by extensions ['python_setup_py']
[2.266s] Level 1:colcon.colcon_core.package_identification:_identify(CMakeFiles/listener.dir/src) by extension 'python_setup_py'
[2.266s] Level 1:colcon.colcon_core.package_identification:_identify(CMakeFiles/my_cpp_node.dir) by extensions ['ignore', 'ignore_ament_install']
[2.266s] Level 1:colcon.colcon_core.package_identification:_identify(CMakeFiles/my_cpp_node.dir) by extension 'ignore'
[2.266s] Level 1:colcon.colcon_core.package_identification:_identify(CMakeFiles/my_cpp_node.dir) by extension 'ignore_ament_install'
[2.267s] Level 1:colcon.colcon_core.package_identification:_identify(CMakeFiles/my_cpp_node.dir) by extensions ['colcon_pkg']
[2.267s] Level 1:colcon.colcon_core.package_identification:_identify(CMakeFiles/my_cpp_node.dir) by extension 'colcon_pkg'
[2.267s] Level 1:colcon.colcon_core.package_identification:_identify(CMakeFiles/my_cpp_node.dir) by extensions ['colcon_meta']
[2.267s] Level 1:colcon.colcon_core.package_identification:_identify(CMakeFiles/my_cpp_node.dir) by extension 'colcon_meta'
[2.267s] Level 1:colcon.colcon_core.package_identification:_identify(CMakeFiles/my_cpp_node.dir) by extensions ['ros']
[2.267s] Level 1:colcon.colcon_core.package_identification:_identify(CMakeFiles/my_cpp_node.dir) by extension 'ros'
[2.267s] Level 1:colcon.colcon_core.package_identification:_identify(CMakeFiles/my_cpp_node.dir) by extensions ['cmake', 'python']
[2.267s] Level 1:colcon.colcon_core.package_identification:_identify(CMakeFiles/my_cpp_node.dir) by extension 'cmake'
[2.268s] Level 1:colcon.colcon_core.package_identification:_identify(CMakeFiles/my_cpp_node.dir) by extension 'python'
[2.268s] Level 1:colcon.colcon_core.package_identification:_identify(CMakeFiles/my_cpp_node.dir) by extensions ['python_setup_py']
[2.268s] Level 1:colcon.colcon_core.package_identification:_identify(CMakeFiles/my_cpp_node.dir) by extension 'python_setup_py'
[2.268s] Level 1:colcon.colcon_core.package_identification:_identify(CMakeFiles/my_cpp_node.dir/src) by extensions ['ignore', 'ignore_ament_install']
[2.268s] Level 1:colcon.colcon_core.package_identification:_identify(CMakeFiles/my_cpp_node.dir/src) by extension 'ignore'
[2.269s] Level 1:colcon.colcon_core.package_identification:_identify(CMakeFiles/my_cpp_node.dir/src) by extension 'ignore_ament_install'
[2.270s] Level 1:colcon.colcon_core.package_identification:_identify(CMakeFiles/my_cpp_node.dir/src) by extensions ['colcon_pkg']
[2.272s] Level 1:colcon.colcon_core.package_identification:_identify(CMakeFiles/my_cpp_node.dir/src) by extension 'colcon_pkg'
[2.272s] Level 1:colcon.colcon_core.package_identification:_identify(CMakeFiles/my_cpp_node.dir/src) by extensions ['colcon_meta']
[2.272s] Level 1:colcon.colcon_core.package_identification:_identify(CMakeFiles/my_cpp_node.dir/src) by extension 'colcon_meta'
[2.273s] Level 1:colcon.colcon_core.package_identification:_identify(CMakeFiles/my_cpp_node.dir/src) by extensions ['ros']
[2.273s] Level 1:colcon.colcon_core.package_identification:_identify(CMakeFiles/my_cpp_node.dir/src) by extension 'ros'
[2.273s] Level 1:colcon.colcon_core.package_identification:_identify(CMakeFiles/my_cpp_node.dir/src) by extensions ['cmake', 'python']
[2.273s] Level 1:colcon.colcon_core.package_identification:_identify(CMakeFiles/my_cpp_node.dir/src) by extension 'cmake'
[2.273s] Level 1:colcon.colcon_core.package_identification:_identify(CMakeFiles/my_cpp_node.dir/src) by extension 'python'
[2.274s] Level 1:colcon.colcon_core.package_identification:_identify(CMakeFiles/my_cpp_node.dir/src) by extensions ['python_setup_py']
[2.274s] Level 1:colcon.colcon_core.package_identification:_identify(CMakeFiles/my_cpp_node.dir/src) by extension 'python_setup_py'
[2.274s] Level 1:colcon.colcon_core.package_identification:_identify(CMakeFiles/my_cpp_py_pkg_uninstall.dir) by extensions ['ignore', 'ignore_ament_install']
[2.274s] Level 1:colcon.colcon_core.package_identification:_identify(CMakeFiles/my_cpp_py_pkg_uninstall.dir) by extension 'ignore'
[2.275s] Level 1:colcon.colcon_core.package_identification:_identify(CMakeFiles/my_cpp_py_pkg_uninstall.dir) by extension 'ignore_ament_install'
[2.275s] Level 1:colcon.colcon_core.package_identification:_identify(CMakeFiles/my_cpp_py_pkg_uninstall.dir) by extensions ['colcon_pkg']
[2.276s] Level 1:colcon.colcon_core.package_identification:_identify(CMakeFiles/my_cpp_py_pkg_uninstall.dir) by extension 'colcon_pkg'
[2.276s] Level 1:colcon.colcon_core.package_identification:_identify(CMakeFiles/my_cpp_py_pkg_uninstall.dir) by extensions ['colcon_meta']
[2.276s] Level 1:colcon.colcon_core.package_identification:_identify(CMakeFiles/my_cpp_py_pkg_uninstall.dir) by extension 'colcon_meta'
[2.277s] Level 1:colcon.colcon_core.package_identification:_identify(CMakeFiles/my_cpp_py_pkg_uninstall.dir) by extensions ['ros']
[2.277s] Level 1:colcon.colcon_core.package_identification:_identify(CMakeFiles/my_cpp_py_pkg_uninstall.dir) by extension 'ros'
[2.277s] Level 1:colcon.colcon_core.package_identification:_identify(CMakeFiles/my_cpp_py_pkg_uninstall.dir) by extensions ['cmake', 'python']
[2.277s] Level 1:colcon.colcon_core.package_identification:_identify(CMakeFiles/my_cpp_py_pkg_uninstall.dir) by extension 'cmake'
[2.278s] Level 1:colcon.colcon_core.package_identification:_identify(CMakeFiles/my_cpp_py_pkg_uninstall.dir) by extension 'python'
[2.278s] Level 1:colcon.colcon_core.package_identification:_identify(CMakeFiles/my_cpp_py_pkg_uninstall.dir) by extensions ['python_setup_py']
[2.278s] Level 1:colcon.colcon_core.package_identification:_identify(CMakeFiles/my_cpp_py_pkg_uninstall.dir) by extension 'python_setup_py'
[2.278s] Level 1:colcon.colcon_core.package_identification:_identify(CMakeFiles/talker.dir) by extensions ['ignore', 'ignore_ament_install']
[2.278s] Level 1:colcon.colcon_core.package_identification:_identify(CMakeFiles/talker.dir) by extension 'ignore'
[2.279s] Level 1:colcon.colcon_core.package_identification:_identify(CMakeFiles/talker.dir) by extension 'ignore_ament_install'
[2.279s] Level 1:colcon.colcon_core.package_identification:_identify(CMakeFiles/talker.dir) by extensions ['colcon_pkg']
[2.279s] Level 1:colcon.colcon_core.package_identification:_identify(CMakeFiles/talker.dir) by extension 'colcon_pkg'
[2.279s] Level 1:colcon.colcon_core.package_identification:_identify(CMakeFiles/talker.dir) by extensions ['colcon_meta']
[2.279s] Level 1:colcon.colcon_core.package_identification:_identify(CMakeFiles/talker.dir) by extension 'colcon_meta'
[2.279s] Level 1:colcon.colcon_core.package_identification:_identify(CMakeFiles/talker.dir) by extensions ['ros']
[2.280s] Level 1:colcon.colcon_core.package_identification:_identify(CMakeFiles/talker.dir) by extension 'ros'
[2.280s] Level 1:colcon.colcon_core.package_identification:_identify(CMakeFiles/talker.dir) by extensions ['cmake', 'python']
[2.280s] Level 1:colcon.colcon_core.package_identification:_identify(CMakeFiles/talker.dir) by extension 'cmake'
[2.280s] Level 1:colcon.colcon_core.package_identification:_identify(CMakeFiles/talker.dir) by extension 'python'
[2.281s] Level 1:colcon.colcon_core.package_identification:_identify(CMakeFiles/talker.dir) by extensions ['python_setup_py']
[2.281s] Level 1:colcon.colcon_core.package_identification:_identify(CMakeFiles/talker.dir) by extension 'python_setup_py'
[2.281s] Level 1:colcon.colcon_core.package_identification:_identify(CMakeFiles/talker.dir/src) by extensions ['ignore', 'ignore_ament_install']
[2.281s] Level 1:colcon.colcon_core.package_identification:_identify(CMakeFiles/talker.dir/src) by extension 'ignore'
[2.281s] Level 1:colcon.colcon_core.package_identification:_identify(CMakeFiles/talker.dir/src) by extension 'ignore_ament_install'
[2.281s] Level 1:colcon.colcon_core.package_identification:_identify(CMakeFiles/talker.dir/src) by extensions ['colcon_pkg']
[2.281s] Level 1:colcon.colcon_core.package_identification:_identify(CMakeFiles/talker.dir/src) by extension 'colcon_pkg'
[2.281s] Level 1:colcon.colcon_core.package_identification:_identify(CMakeFiles/talker.dir/src) by extensions ['colcon_meta']
[2.282s] Level 1:colcon.colcon_core.package_identification:_identify(CMakeFiles/talker.dir/src) by extension 'colcon_meta'
[2.282s] Level 1:colcon.colcon_core.package_identification:_identify(CMakeFiles/talker.dir/src) by extensions ['ros']
[2.282s] Level 1:colcon.colcon_core.package_identification:_identify(CMakeFiles/talker.dir/src) by extension 'ros'
[2.282s] Level 1:colcon.colcon_core.package_identification:_identify(CMakeFiles/talker.dir/src) by extensions ['cmake', 'python']
[2.283s] Level 1:colcon.colcon_core.package_identification:_identify(CMakeFiles/talker.dir/src) by extension 'cmake'
[2.283s] Level 1:colcon.colcon_core.package_identification:_identify(CMakeFiles/talker.dir/src) by extension 'python'
[2.284s] Level 1:colcon.colcon_core.package_identification:_identify(CMakeFiles/talker.dir/src) by extensions ['python_setup_py']
[2.284s] Level 1:colcon.colcon_core.package_identification:_identify(CMakeFiles/talker.dir/src) by extension 'python_setup_py'
[2.285s] Level 1:colcon.colcon_core.package_identification:_identify(CMakeFiles/uninstall.dir) by extensions ['ignore', 'ignore_ament_install']
[2.285s] Level 1:colcon.colcon_core.package_identification:_identify(CMakeFiles/uninstall.dir) by extension 'ignore'
[2.285s] Level 1:colcon.colcon_core.package_identification:_identify(CMakeFiles/uninstall.dir) by extension 'ignore_ament_install'
[2.286s] Level 1:colcon.colcon_core.package_identification:_identify(CMakeFiles/uninstall.dir) by extensions ['colcon_pkg']
[2.288s] Level 1:colcon.colcon_core.package_identification:_identify(CMakeFiles/uninstall.dir) by extension 'colcon_pkg'
[2.289s] Level 1:colcon.colcon_core.package_identification:_identify(CMakeFiles/uninstall.dir) by extensions ['colcon_meta']
[2.290s] Level 1:colcon.colcon_core.package_identification:_identify(CMakeFiles/uninstall.dir) by extension 'colcon_meta'
[2.290s] Level 1:colcon.colcon_core.package_identification:_identify(CMakeFiles/uninstall.dir) by extensions ['ros']
[2.290s] Level 1:colcon.colcon_core.package_identification:_identify(CMakeFiles/uninstall.dir) by extension 'ros'
[2.290s] Level 1:colcon.colcon_core.package_identification:_identify(CMakeFiles/uninstall.dir) by extensions ['cmake', 'python']
[2.291s] Level 1:colcon.colcon_core.package_identification:_identify(CMakeFiles/uninstall.dir) by extension 'cmake'
[2.291s] Level 1:colcon.colcon_core.package_identification:_identify(CMakeFiles/uninstall.dir) by extension 'python'
[2.291s] Level 1:colcon.colcon_core.package_identification:_identify(CMakeFiles/uninstall.dir) by extensions ['python_setup_py']
[2.291s] Level 1:colcon.colcon_core.package_identification:_identify(CMakeFiles/uninstall.dir) by extension 'python_setup_py'
[2.292s] Level 1:colcon.colcon_core.package_identification:_identify(build) by extensions ['ignore', 'ignore_ament_install']
[2.292s] Level 1:colcon.colcon_core.package_identification:_identify(build) by extension 'ignore'
[2.292s] Level 1:colcon.colcon_core.package_identification:_identify(build) ignored
[2.293s] Level 1:colcon.colcon_core.package_identification:_identify(install) by extensions ['ignore', 'ignore_ament_install']
[2.293s] Level 1:colcon.colcon_core.package_identification:_identify(install) by extension 'ignore'
[2.293s] Level 1:colcon.colcon_core.package_identification:_identify(install) ignored
[2.294s] Level 1:colcon.colcon_core.package_identification:_identify(log) by extensions ['ignore', 'ignore_ament_install']
[2.294s] Level 1:colcon.colcon_core.package_identification:_identify(log) by extension 'ignore'
[2.294s] Level 1:colcon.colcon_core.package_identification:_identify(log) ignored
[2.295s] Level 1:colcon.colcon_core.package_identification:_identify(maps) by extensions ['ignore', 'ignore_ament_install']
[2.295s] Level 1:colcon.colcon_core.package_identification:_identify(maps) by extension 'ignore'
[2.295s] Level 1:colcon.colcon_core.package_identification:_identify(maps) by extension 'ignore_ament_install'
[2.295s] Level 1:colcon.colcon_core.package_identification:_identify(maps) by extensions ['colcon_pkg']
[2.295s] Level 1:colcon.colcon_core.package_identification:_identify(maps) by extension 'colcon_pkg'
[2.296s] Level 1:colcon.colcon_core.package_identification:_identify(maps) by extensions ['colcon_meta']
[2.296s] Level 1:colcon.colcon_core.package_identification:_identify(maps) by extension 'colcon_meta'
[2.296s] Level 1:colcon.colcon_core.package_identification:_identify(maps) by extensions ['ros']
[2.296s] Level 1:colcon.colcon_core.package_identification:_identify(maps) by extension 'ros'
[2.296s] Level 1:colcon.colcon_core.package_identification:_identify(maps) by extensions ['cmake', 'python']
[2.297s] Level 1:colcon.colcon_core.package_identification:_identify(maps) by extension 'cmake'
[2.297s] Level 1:colcon.colcon_core.package_identification:_identify(maps) by extension 'python'
[2.297s] Level 1:colcon.colcon_core.package_identification:_identify(maps) by extensions ['python_setup_py']
[2.297s] Level 1:colcon.colcon_core.package_identification:_identify(maps) by extension 'python_setup_py'
[2.297s] Level 1:colcon.colcon_core.package_identification:_identify(src) by extensions ['ignore', 'ignore_ament_install']
[2.297s] Level 1:colcon.colcon_core.package_identification:_identify(src) by extension 'ignore'
[2.298s] Level 1:colcon.colcon_core.package_identification:_identify(src) by extension 'ignore_ament_install'
[2.298s] Level 1:colcon.colcon_core.package_identification:_identify(src) by extensions ['colcon_pkg']
[2.298s] Level 1:colcon.colcon_core.package_identification:_identify(src) by extension 'colcon_pkg'
[2.298s] Level 1:colcon.colcon_core.package_identification:_identify(src) by extensions ['colcon_meta']
[2.298s] Level 1:colcon.colcon_core.package_identification:_identify(src) by extension 'colcon_meta'
[2.298s] Level 1:colcon.colcon_core.package_identification:_identify(src) by extensions ['ros']
[2.298s] Level 1:colcon.colcon_core.package_identification:_identify(src) by extension 'ros'
[2.299s] Level 1:colcon.colcon_core.package_identification:_identify(src) by extensions ['cmake', 'python']
[2.299s] Level 1:colcon.colcon_core.package_identification:_identify(src) by extension 'cmake'
[2.299s] Level 1:colcon.colcon_core.package_identification:_identify(src) by extension 'python'
[2.299s] Level 1:colcon.colcon_core.package_identification:_identify(src) by extensions ['python_setup_py']
[2.299s] Level 1:colcon.colcon_core.package_identification:_identify(src) by extension 'python_setup_py'
[2.300s] Level 1:colcon.colcon_core.package_identification:_identify(src/my_cpp_py_pkg) by extensions ['ignore', 'ignore_ament_install']
[2.300s] Level 1:colcon.colcon_core.package_identification:_identify(src/my_cpp_py_pkg) by extension 'ignore'
[2.300s] Level 1:colcon.colcon_core.package_identification:_identify(src/my_cpp_py_pkg) by extension 'ignore_ament_install'
[2.300s] Level 1:colcon.colcon_core.package_identification:_identify(src/my_cpp_py_pkg) by extensions ['colcon_pkg']
[2.301s] Level 1:colcon.colcon_core.package_identification:_identify(src/my_cpp_py_pkg) by extension 'colcon_pkg'
[2.301s] Level 1:colcon.colcon_core.package_identification:_identify(src/my_cpp_py_pkg) by extensions ['colcon_meta']
[2.301s] Level 1:colcon.colcon_core.package_identification:_identify(src/my_cpp_py_pkg) by extension 'colcon_meta'
[2.301s] Level 1:colcon.colcon_core.package_identification:_identify(src/my_cpp_py_pkg) by extensions ['ros']
[2.301s] Level 1:colcon.colcon_core.package_identification:_identify(src/my_cpp_py_pkg) by extension 'ros'
[2.324s] DEBUG:colcon.colcon_core.package_identification:Package 'src/my_cpp_py_pkg' with type 'ros.ament_cmake' and name 'my_cpp_py_pkg'
[2.325s] Level 1:colcon.colcon_core.package_discovery:discover_packages(recursive) using defaults
[2.326s] Level 1:colcon.colcon_core.package_discovery:discover_packages(ignore) discover
[2.326s] Level 1:colcon.colcon_core.package_discovery:discover_packages(ignore) using defaults
[2.326s] Level 1:colcon.colcon_core.package_discovery:discover_packages(path) discover
[2.326s] Level 1:colcon.colcon_core.package_discovery:discover_packages(path) using defaults
[2.429s] Level 1:colcon.colcon_core.package_discovery:discover_packages(prefix_path) check parameters
[2.429s] Level 1:colcon.colcon_core.package_discovery:discover_packages(prefix_path) discover
[2.450s] DEBUG:colcon.colcon_installed_package_information.package_discovery:Found 2 installed packages in /home/emelie/ba_ws_com/install
[2.463s] DEBUG:colcon.colcon_installed_package_information.package_discovery:Found 14 installed packages in /home/emelie/install
[2.468s] DEBUG:colcon.colcon_installed_package_information.package_discovery:Found 280 installed packages in /opt/ros/foxy
[2.506s] Level 1:colcon.colcon_core.package_discovery:discover_packages(prefix_path) using defaults
[3.015s] Level 5:colcon.colcon_core.verb:set package 'my_cpp_py_pkg' build argument 'cmake_args' from command line to 'None'
[3.016s] Level 5:colcon.colcon_core.verb:set package 'my_cpp_py_pkg' build argument 'cmake_target' from command line to 'None'
[3.016s] Level 5:colcon.colcon_core.verb:set package 'my_cpp_py_pkg' build argument 'cmake_target_skip_unavailable' from command line to 'False'
[3.016s] Level 5:colcon.colcon_core.verb:set package 'my_cpp_py_pkg' build argument 'cmake_clean_cache' from command line to 'False'
[3.016s] Level 5:colcon.colcon_core.verb:set package 'my_cpp_py_pkg' build argument 'cmake_clean_first' from command line to 'False'
[3.016s] Level 5:colcon.colcon_core.verb:set package 'my_cpp_py_pkg' build argument 'cmake_force_configure' from command line to 'False'
[3.016s] Level 5:colcon.colcon_core.verb:set package 'my_cpp_py_pkg' build argument 'ament_cmake_args' from command line to 'None'
[3.016s] Level 5:colcon.colcon_core.verb:set package 'my_cpp_py_pkg' build argument 'catkin_cmake_args' from command line to 'None'
[3.016s] Level 5:colcon.colcon_core.verb:set package 'my_cpp_py_pkg' build argument 'catkin_skip_building_tests' from command line to 'False'
[3.016s] DEBUG:colcon.colcon_core.verb:Building package 'my_cpp_py_pkg' with the following arguments: {'ament_cmake_args': None, 'build_base': '/home/emelie/ba_ws_com/build/my_cpp_py_pkg', 'catkin_cmake_args': None, 'catkin_skip_building_tests': False, 'cmake_args': None, 'cmake_clean_cache': False, 'cmake_clean_first': False, 'cmake_force_configure': False, 'cmake_target': None, 'cmake_target_skip_unavailable': False, 'install_base': '/home/emelie/ba_ws_com/install/my_cpp_py_pkg', 'merge_install': False, 'path': '/home/emelie/ba_ws_com/src/my_cpp_py_pkg', 'symlink_install': False, 'test_result_base': None}
[3.017s] INFO:colcon.colcon_core.executor:Executing jobs using 'parallel' executor
[3.025s] DEBUG:colcon.colcon_parallel_executor.executor.parallel:run_until_complete
[3.026s] INFO:colcon.colcon_ros.task.ament_cmake.build:Building ROS package in '/home/emelie/ba_ws_com/src/my_cpp_py_pkg' with build type 'ament_cmake'
[3.027s] INFO:colcon.colcon_cmake.task.cmake.build:Building CMake package in '/home/emelie/ba_ws_com/src/my_cpp_py_pkg'
[3.042s] INFO:colcon.colcon_core.plugin_system:Skipping extension 'colcon_core.shell.bat': Not used on non-Windows systems
[3.043s] INFO:colcon.colcon_core.shell:Skip shell extension 'powershell' for command environment: Not usable outside of PowerShell
[3.043s] DEBUG:colcon.colcon_core.shell:Skip shell extension 'dsv' for command environment
[3.117s] DEBUG:colcon.colcon_core.event_handler.log_command:Invoking command in '/home/emelie/ba_ws_com/build/my_cpp_py_pkg': CMAKE_PREFIX_PATH=${CMAKE_PREFIX_PATH}:/home/emelie/install/f1tenth_stack:/home/emelie/install/joy_teleop:/home/emelie/install/mouse_teleop:/home/emelie/install/key_teleop:/home/emelie/install/f1tenth_gym_ros:/home/emelie/install/ba_roslab:/opt/ros/foxy /usr/bin/cmake --build /home/emelie/ba_ws_com/build/my_cpp_py_pkg -- -j4 -l4
[27.038s] DEBUG:colcon.colcon_core.event_handler.log_command:Invoked command in '/home/emelie/ba_ws_com/build/my_cpp_py_pkg' returned '0': CMAKE_PREFIX_PATH=${CMAKE_PREFIX_PATH}:/home/emelie/install/f1tenth_stack:/home/emelie/install/joy_teleop:/home/emelie/install/mouse_teleop:/home/emelie/install/key_teleop:/home/emelie/install/f1tenth_gym_ros:/home/emelie/install/ba_roslab:/opt/ros/foxy /usr/bin/cmake --build /home/emelie/ba_ws_com/build/my_cpp_py_pkg -- -j4 -l4
[27.272s] DEBUG:colcon.colcon_core.event_handler.log_command:Invoking command in '/home/emelie/ba_ws_com/build/my_cpp_py_pkg': CMAKE_PREFIX_PATH=${CMAKE_PREFIX_PATH}:/home/emelie/install/f1tenth_stack:/home/emelie/install/joy_teleop:/home/emelie/install/mouse_teleop:/home/emelie/install/key_teleop:/home/emelie/install/f1tenth_gym_ros:/home/emelie/install/ba_roslab:/opt/ros/foxy /usr/bin/cmake --install /home/emelie/ba_ws_com/build/my_cpp_py_pkg
[27.468s] Level 1:colcon.colcon_core.environment:create_environment_scripts_only(my_cpp_py_pkg)
[27.472s] DEBUG:colcon.colcon_core.event_handler.log_command:Invoked command in '/home/emelie/ba_ws_com/build/my_cpp_py_pkg' returned '0': CMAKE_PREFIX_PATH=${CMAKE_PREFIX_PATH}:/home/emelie/install/f1tenth_stack:/home/emelie/install/joy_teleop:/home/emelie/install/mouse_teleop:/home/emelie/install/key_teleop:/home/emelie/install/f1tenth_gym_ros:/home/emelie/install/ba_roslab:/opt/ros/foxy /usr/bin/cmake --install /home/emelie/ba_ws_com/build/my_cpp_py_pkg
[27.493s] Level 1:colcon.colcon_core.environment:checking '/home/emelie/ba_ws_com/install/my_cpp_py_pkg' for CMake module files
[27.496s] Level 1:colcon.colcon_core.environment:checking '/home/emelie/ba_ws_com/install/my_cpp_py_pkg' for CMake config files
[27.498s] Level 1:colcon.colcon_core.shell:create_environment_hook('my_cpp_py_pkg', 'cmake_prefix_path')
[27.503s] INFO:colcon.colcon_core.shell:Creating environment hook '/home/emelie/ba_ws_com/install/my_cpp_py_pkg/share/my_cpp_py_pkg/hook/cmake_prefix_path.ps1'
[27.505s] INFO:colcon.colcon_core.shell:Creating environment descriptor '/home/emelie/ba_ws_com/install/my_cpp_py_pkg/share/my_cpp_py_pkg/hook/cmake_prefix_path.dsv'
[27.507s] INFO:colcon.colcon_core.shell:Creating environment hook '/home/emelie/ba_ws_com/install/my_cpp_py_pkg/share/my_cpp_py_pkg/hook/cmake_prefix_path.sh'
[27.511s] Level 1:colcon.colcon_core.environment:checking '/home/emelie/ba_ws_com/install/my_cpp_py_pkg/lib'
[27.511s] Level 1:colcon.colcon_core.environment:checking '/home/emelie/ba_ws_com/install/my_cpp_py_pkg/bin'
[27.512s] Level 1:colcon.colcon_core.environment:checking '/home/emelie/ba_ws_com/install/my_cpp_py_pkg/lib/pkgconfig/my_cpp_py_pkg.pc'
[27.514s] Level 1:colcon.colcon_core.environment:checking '/home/emelie/ba_ws_com/install/my_cpp_py_pkg/lib/python3.8/site-packages'
[27.514s] Level 1:colcon.colcon_core.environment:checking '/home/emelie/ba_ws_com/install/my_cpp_py_pkg/bin'
[27.515s] INFO:colcon.colcon_core.shell:Creating package script '/home/emelie/ba_ws_com/install/my_cpp_py_pkg/share/my_cpp_py_pkg/package.ps1'
[27.521s] INFO:colcon.colcon_core.shell:Creating package descriptor '/home/emelie/ba_ws_com/install/my_cpp_py_pkg/share/my_cpp_py_pkg/package.dsv'
[27.524s] INFO:colcon.colcon_core.shell:Creating package script '/home/emelie/ba_ws_com/install/my_cpp_py_pkg/share/my_cpp_py_pkg/package.sh'
[27.526s] INFO:colcon.colcon_core.shell:Creating package script '/home/emelie/ba_ws_com/install/my_cpp_py_pkg/share/my_cpp_py_pkg/package.bash'
[27.531s] INFO:colcon.colcon_core.shell:Creating package script '/home/emelie/ba_ws_com/install/my_cpp_py_pkg/share/my_cpp_py_pkg/package.zsh'
[27.534s] Level 1:colcon.colcon_core.environment:create_file_with_runtime_dependencies(/home/emelie/ba_ws_com/install/my_cpp_py_pkg/share/colcon-core/packages/my_cpp_py_pkg)
[27.692s] Level 1:colcon.colcon_core.environment:create_environment_scripts_only(my_cpp_py_pkg)
[27.693s] Level 1:colcon.colcon_core.environment:checking '/home/emelie/ba_ws_com/install/my_cpp_py_pkg' for CMake module files
[27.698s] Level 1:colcon.colcon_core.environment:checking '/home/emelie/ba_ws_com/install/my_cpp_py_pkg' for CMake config files
[27.699s] Level 1:colcon.colcon_core.shell:create_environment_hook('my_cpp_py_pkg', 'cmake_prefix_path')
[27.700s] INFO:colcon.colcon_core.shell:Creating environment hook '/home/emelie/ba_ws_com/install/my_cpp_py_pkg/share/my_cpp_py_pkg/hook/cmake_prefix_path.ps1'
[27.702s] INFO:colcon.colcon_core.shell:Creating environment descriptor '/home/emelie/ba_ws_com/install/my_cpp_py_pkg/share/my_cpp_py_pkg/hook/cmake_prefix_path.dsv'
[27.704s] INFO:colcon.colcon_core.shell:Creating environment hook '/home/emelie/ba_ws_com/install/my_cpp_py_pkg/share/my_cpp_py_pkg/hook/cmake_prefix_path.sh'
[27.706s] Level 1:colcon.colcon_core.environment:checking '/home/emelie/ba_ws_com/install/my_cpp_py_pkg/lib'
[27.706s] Level 1:colcon.colcon_core.environment:checking '/home/emelie/ba_ws_com/install/my_cpp_py_pkg/bin'
[27.706s] Level 1:colcon.colcon_core.environment:checking '/home/emelie/ba_ws_com/install/my_cpp_py_pkg/lib/pkgconfig/my_cpp_py_pkg.pc'
[27.707s] Level 1:colcon.colcon_core.environment:checking '/home/emelie/ba_ws_com/install/my_cpp_py_pkg/lib/python3.8/site-packages'
[27.708s] Level 1:colcon.colcon_core.environment:checking '/home/emelie/ba_ws_com/install/my_cpp_py_pkg/bin'
[27.709s] INFO:colcon.colcon_core.shell:Creating package script '/home/emelie/ba_ws_com/install/my_cpp_py_pkg/share/my_cpp_py_pkg/package.ps1'
[27.710s] INFO:colcon.colcon_core.shell:Creating package descriptor '/home/emelie/ba_ws_com/install/my_cpp_py_pkg/share/my_cpp_py_pkg/package.dsv'
[27.715s] INFO:colcon.colcon_core.shell:Creating package script '/home/emelie/ba_ws_com/install/my_cpp_py_pkg/share/my_cpp_py_pkg/package.sh'
[27.718s] INFO:colcon.colcon_core.shell:Creating package script '/home/emelie/ba_ws_com/install/my_cpp_py_pkg/share/my_cpp_py_pkg/package.bash'
[27.720s] INFO:colcon.colcon_core.shell:Creating package script '/home/emelie/ba_ws_com/install/my_cpp_py_pkg/share/my_cpp_py_pkg/package.zsh'
[27.721s] Level 1:colcon.colcon_core.environment:create_file_with_runtime_dependencies(/home/emelie/ba_ws_com/install/my_cpp_py_pkg/share/colcon-core/packages/my_cpp_py_pkg)
[27.722s] DEBUG:colcon.colcon_parallel_executor.executor.parallel:closing loop
[27.724s] DEBUG:colcon.colcon_parallel_executor.executor.parallel:loop closed
[27.724s] DEBUG:colcon.colcon_parallel_executor.executor.parallel:run_until_complete finished with '0'
[27.724s] DEBUG:colcon.colcon_core.event_reactor:joining thread
[27.862s] INFO:colcon.colcon_core.plugin_system:Skipping extension 'colcon_notification.desktop_notification.notify_send': Could not find 'notify-send'
[27.862s] INFO:colcon.colcon_core.plugin_system:Skipping extension 'colcon_notification.desktop_notification.terminal_notifier': Not used on non-Darwin systems
[27.863s] INFO:colcon.colcon_core.plugin_system:Skipping extension 'colcon_notification.desktop_notification.win32': Not used on non-Windows systems
[27.863s] INFO:colcon.colcon_notification.desktop_notification:Sending desktop notification using 'notify2'
[27.908s] DEBUG:colcon.colcon_notification.desktop_notification.notify2:Failed to initialize notify2: org.freedesktop.DBus.Error.ServiceUnknown: The name org.freedesktop.Notifications was not provided by any .service files
[27.908s] DEBUG:colcon.colcon_core.event_reactor:joined thread
[27.909s] INFO:colcon.colcon_core.shell:Creating prefix script '/home/emelie/ba_ws_com/install/local_setup.ps1'
[27.916s] INFO:colcon.colcon_core.shell:Creating prefix util module '/home/emelie/ba_ws_com/install/_local_setup_util_ps1.py'
[27.921s] INFO:colcon.colcon_core.shell:Creating prefix chain script '/home/emelie/ba_ws_com/install/setup.ps1'
[27.934s] INFO:colcon.colcon_core.shell:Creating prefix script '/home/emelie/ba_ws_com/install/local_setup.sh'
[27.937s] INFO:colcon.colcon_core.shell:Creating prefix util module '/home/emelie/ba_ws_com/install/_local_setup_util_sh.py'
[27.938s] INFO:colcon.colcon_core.shell:Creating prefix chain script '/home/emelie/ba_ws_com/install/setup.sh'
[27.952s] INFO:colcon.colcon_core.shell:Creating prefix script '/home/emelie/ba_ws_com/install/local_setup.bash'
[27.955s] INFO:colcon.colcon_core.shell:Creating prefix chain script '/home/emelie/ba_ws_com/install/setup.bash'
[27.959s] INFO:colcon.colcon_core.shell:Creating prefix script '/home/emelie/ba_ws_com/install/local_setup.zsh'
[27.962s] INFO:colcon.colcon_core.shell:Creating prefix chain script '/home/emelie/ba_ws_com/install/setup.zsh'
