[0.073s] Invoking command in '/home/emelie/ba_ws_com/build/my_cpp_py_pkg': CMAKE_PREFIX_PATH=${CMAKE_PREFIX_PATH}:/home/emelie/install/f1tenth_stack:/home/emelie/install/joy_teleop:/home/emelie/install/mouse_teleop:/home/emelie/install/key_teleop:/home/emelie/install/f1tenth_gym_ros:/home/emelie/install/ba_roslab:/opt/ros/foxy /usr/bin/cmake --build /home/emelie/ba_ws_com/build/my_cpp_py_pkg -- -j4 -l4
[0.229s] [ 25%] Built target my_cpp_node
[0.303s] [ 50%] Built target talker
[0.375s] [ 75%] Built target listener
[0.454s] [ 87%] [32m[1mLinking CXX executable pure_pursuit[0m
[1.878s] [100%] Built target pure_pursuit
[1.900s] Invoked command in '/home/emelie/ba_ws_com/build/my_cpp_py_pkg' returned '0': CMAKE_PREFIX_PATH=${CMAKE_PREFIX_PATH}:/home/emelie/install/f1tenth_stack:/home/emelie/install/joy_teleop:/home/emelie/install/mouse_teleop:/home/emelie/install/key_teleop:/home/emelie/install/f1tenth_gym_ros:/home/emelie/install/ba_roslab:/opt/ros/foxy /usr/bin/cmake --build /home/emelie/ba_ws_com/build/my_cpp_py_pkg -- -j4 -l4
[2.004s] Invoking command in '/home/emelie/ba_ws_com/build/my_cpp_py_pkg': CMAKE_PREFIX_PATH=${CMAKE_PREFIX_PATH}:/home/emelie/install/f1tenth_stack:/home/emelie/install/joy_teleop:/home/emelie/install/mouse_teleop:/home/emelie/install/key_teleop:/home/emelie/install/f1tenth_gym_ros:/home/emelie/install/ba_roslab:/opt/ros/foxy /usr/bin/cmake --install /home/emelie/ba_ws_com/build/my_cpp_py_pkg
[2.023s] -- Install configuration: ""
[2.024s] -- Up-to-date: /home/emelie/ba_ws_com/install/my_cpp_py_pkg/lib/my_cpp_py_pkg/talker
[2.025s] -- Up-to-date: /home/emelie/ba_ws_com/install/my_cpp_py_pkg/lib/my_cpp_py_pkg/listener
[2.027s] -- Installing: /home/emelie/ba_ws_com/install/my_cpp_py_pkg/lib/my_cpp_py_pkg/pure_pursuit
[2.063s] -- Set runtime path of "/home/emelie/ba_ws_com/install/my_cpp_py_pkg/lib/my_cpp_py_pkg/pure_pursuit" to ""
[2.064s] -- Up-to-date: /home/emelie/ba_ws_com/install/my_cpp_py_pkg/lib/my_cpp_py_pkg/my_cpp_node
[2.064s] -- Up-to-date: /home/emelie/ba_ws_com/install/my_cpp_py_pkg/share/ament_index/resource_index/package_run_dependencies/my_cpp_py_pkg
[2.065s] -- Up-to-date: /home/emelie/ba_ws_com/install/my_cpp_py_pkg/share/ament_index/resource_index/parent_prefix_path/my_cpp_py_pkg
[2.065s] -- Up-to-date: /home/emelie/ba_ws_com/install/my_cpp_py_pkg/share/my_cpp_py_pkg/environment/ament_prefix_path.sh
[2.065s] -- Up-to-date: /home/emelie/ba_ws_com/install/my_cpp_py_pkg/share/my_cpp_py_pkg/environment/ament_prefix_path.dsv
[2.066s] -- Up-to-date: /home/emelie/ba_ws_com/install/my_cpp_py_pkg/share/my_cpp_py_pkg/environment/path.sh
[2.066s] -- Up-to-date: /home/emelie/ba_ws_com/install/my_cpp_py_pkg/share/my_cpp_py_pkg/environment/path.dsv
[2.066s] -- Up-to-date: /home/emelie/ba_ws_com/install/my_cpp_py_pkg/share/my_cpp_py_pkg/local_setup.bash
[2.066s] -- Up-to-date: /home/emelie/ba_ws_com/install/my_cpp_py_pkg/share/my_cpp_py_pkg/local_setup.sh
[2.066s] -- Up-to-date: /home/emelie/ba_ws_com/install/my_cpp_py_pkg/share/my_cpp_py_pkg/local_setup.zsh
[2.066s] -- Up-to-date: /home/emelie/ba_ws_com/install/my_cpp_py_pkg/share/my_cpp_py_pkg/local_setup.dsv
[2.066s] -- Installing: /home/emelie/ba_ws_com/install/my_cpp_py_pkg/share/my_cpp_py_pkg/package.dsv
[2.067s] -- Up-to-date: /home/emelie/ba_ws_com/install/my_cpp_py_pkg/share/ament_index/resource_index/packages/my_cpp_py_pkg
[2.067s] -- Up-to-date: /home/emelie/ba_ws_com/install/my_cpp_py_pkg/share/my_cpp_py_pkg/cmake/my_cpp_py_pkgConfig.cmake
[2.067s] -- Up-to-date: /home/emelie/ba_ws_com/install/my_cpp_py_pkg/share/my_cpp_py_pkg/cmake/my_cpp_py_pkgConfig-version.cmake
[2.068s] -- Up-to-date: /home/emelie/ba_ws_com/install/my_cpp_py_pkg/share/my_cpp_py_pkg/package.xml
[2.072s] Invoked command in '/home/emelie/ba_ws_com/build/my_cpp_py_pkg' returned '0': CMAKE_PREFIX_PATH=${CMAKE_PREFIX_PATH}:/home/emelie/install/f1tenth_stack:/home/emelie/install/joy_teleop:/home/emelie/install/mouse_teleop:/home/emelie/install/key_teleop:/home/emelie/install/f1tenth_gym_ros:/home/emelie/install/ba_roslab:/opt/ros/foxy /usr/bin/cmake --install /home/emelie/ba_ws_com/build/my_cpp_py_pkg
