[0.018s] Invoking command in '/home/emelie/ba_ws_com/build/my_cpp_py_pkg': CMAKE_PREFIX_PATH=${CMAKE_PREFIX_PATH}:/opt/ros/foxy /usr/bin/cmake --build /home/emelie/ba_ws_com/build/my_cpp_py_pkg -- -j4 -l4
[0.061s] -- Found ament_cmake: 0.9.12 (/opt/ros/foxy/share/ament_cmake/cmake)
[0.090s] -- Using PYTHON_EXECUTABLE: /usr/bin/python3
[0.328s] -- Found rclcpp: 2.4.3 (/opt/ros/foxy/share/rclcpp/cmake)
[0.572s] -- Using all available rosidl_typesupport_c: rosidl_typesupport_fastrtps_c;rosidl_typesupport_introspection_c
[0.604s] -- Found rosidl_adapter: 1.3.1 (/opt/ros/foxy/share/rosidl_adapter/cmake)
[1.631s] -- Found OpenSSL: /usr/lib/x86_64-linux-gnu/libcrypto.so (found version "1.1.1f")  
[2.523s] -- Found FastRTPS: /opt/ros/foxy/include  
[4.168s] -- Using all available rosidl_typesupport_cpp: rosidl_typesupport_fastrtps_cpp;rosidl_typesupport_introspection_cpp
[4.332s] -- Found rmw_implementation_cmake: 1.0.4 (/opt/ros/foxy/share/rmw_implementation_cmake/cmake)
[4.338s] -- Using RMW implementation 'rmw_fastrtps_cpp' as default
[4.344s] -- Looking for pthread.h
[4.511s] -- Looking for pthread.h - found
[4.512s] -- Performing Test CMAKE_HAVE_LIBC_PTHREAD
[4.699s] -- Performing Test CMAKE_HAVE_LIBC_PTHREAD - Failed
[4.699s] -- Looking for pthread_create in pthreads
[4.850s] -- Looking for pthread_create in pthreads - not found
[4.851s] -- Looking for pthread_create in pthread
[5.007s] -- Looking for pthread_create in pthread - found
[5.009s] -- Found Threads: TRUE  
[5.308s] -- Found ament_lint_auto: 0.9.8 (/opt/ros/foxy/share/ament_lint_auto/cmake)
[5.393s] -- Added test 'copyright' to check source files copyright and LICENSE
[5.395s] -- Added test 'cppcheck' to perform static code analysis on C / C++ code
[5.395s] -- Configured cppcheck include dirs: 
[5.395s] -- Configured cppcheck exclude dirs and/or files: 
[5.396s] -- Added test 'cpplint' to check C / C++ code against the Google style
[5.396s] -- Configured cpplint exclude dirs and/or files: 
[5.397s] -- Added test 'lint_cmake' to check CMake code style
[5.398s] -- Added test 'uncrustify' to check C / C++ code style
[5.398s] -- Configured uncrustify additional arguments: 
[5.398s] -- Added test 'xmllint' to check XML markup files
[5.402s] -- Configuring done
[5.403s] CMake Error at CMakeLists.txt:25 (add_executable):
[5.403s]   Cannot find source file:
[5.403s] 
[5.404s]     src/my_cpp_node.cpp
[5.404s] 
[5.404s]   Tried extensions .c .C .c++ .cc .cpp .cxx .cu .m .M .mm .h .hh .h++ .hm
[5.404s]   .hpp .hxx .in .txx
[5.404s] 
[5.404s] 
[5.404s] CMake Error at CMakeLists.txt:25 (add_executable):
[5.404s]   No SOURCES given to target: minimal_cpp_node
[5.404s] 
[5.405s] 
[5.405s] CMake Generate step failed.  Build files cannot be regenerated correctly.
[5.412s] make: *** [Makefile:222: cmake_check_build_system] Error 1
[5.415s] Invoked command in '/home/emelie/ba_ws_com/build/my_cpp_py_pkg' returned '2': CMAKE_PREFIX_PATH=${CMAKE_PREFIX_PATH}:/opt/ros/foxy /usr/bin/cmake --build /home/emelie/ba_ws_com/build/my_cpp_py_pkg -- -j4 -l4
