[0.068s] Invoking command in '/home/emelie/ba_ws_com/build/my_cpp_py_pkg': CMAKE_PREFIX_PATH=${CMAKE_PREFIX_PATH}:/home/emelie/ba_ws/install/f1tenth_stack:/home/emelie/ba_ws/install/joy_teleop:/home/emelie/ba_ws/install/mouse_teleop:/home/emelie/ba_ws/install/key_teleop:/home/emelie/ba_ws/install/ba_roslab:/home/emelie/install/f1tenth_stack:/home/emelie/install/joy_teleop:/home/emelie/install/mouse_teleop:/home/emelie/install/key_teleop:/home/emelie/install/f1tenth_gym_ros:/home/emelie/install/ba_roslab:/opt/ros/foxy /usr/bin/cmake --build /home/emelie/ba_ws_com/build/my_cpp_py_pkg -- -j4 -l4
[0.484s] [35m[1mScanning dependencies of target pure_pursuit[0m
[0.486s] [ 25%] Built target my_cpp_node
[0.530s] [ 50%] Built target listener
[0.539s] [ 75%] Built target talker
[0.591s] [ 87%] [32mBuilding CXX object CMakeFiles/pure_pursuit.dir/src/pure_pursuit.cpp.o[0m
[3.115s] In file included from [01m[K/opt/ros/foxy/include/rclcpp/context.hpp:19[m[K,
[3.116s]                  from [01m[K/opt/ros/foxy/include/rclcpp/contexts/default_context.hpp:18[m[K,
[3.116s]                  from [01m[K/opt/ros/foxy/include/rclcpp/executor.hpp:32[m[K,
[3.116s]                  from [01m[K/opt/ros/foxy/include/rclcpp/executors/multi_threaded_executor.hpp:26[m[K,
[3.116s]                  from [01m[K/opt/ros/foxy/include/rclcpp/executors.hpp:21[m[K,
[3.116s]                  from [01m[K/opt/ros/foxy/include/rclcpp/rclcpp.hpp:146[m[K,
[3.116s]                  from [01m[K/home/emelie/ba_ws_com/src/my_cpp_py_pkg/src/pure_pursuit.cpp:28[m[K:
[3.117s] /usr/include/c++/9/functional: In instantiation of ‘[01m[Kstruct std::_Bind_check_arity<void (Pure_Pursuit_Node::*)(nav_msgs::msg::Odometry_<std::allocator<void> >), Pure_Pursuit_Node*>[m[K’:
[3.117s] [01m[K/usr/include/c++/9/functional:787:12:[m[K   required from ‘[01m[Kstruct std::_Bind_helper<false, void (Pure_Pursuit_Node::*)(nav_msgs::msg::Odometry_<std::allocator<void> >), Pure_Pursuit_Node*>[m[K’
[3.117s] [01m[K/usr/include/c++/9/functional:808:5:[m[K   required by substitution of ‘[01m[Ktemplate<class _Func, class ... _BoundArgs> typename std::_Bind_helper<std::__is_socketlike<_Func>::value, _Func, _BoundArgs ...>::type std::bind(_Func&&, _BoundArgs&& ...) [with _Func = void (Pure_Pursuit_Node::*)(nav_msgs::msg::Odometry_<std::allocator<void> >); _BoundArgs = {Pure_Pursuit_Node*}][m[K’
[3.117s] [01m[K/home/emelie/ba_ws_com/src/my_cpp_py_pkg/src/pure_pursuit.cpp:60:139:[m[K   required from here
[3.117s] [01m[K/usr/include/c++/9/functional:775:7:[m[K [01;31m[Kerror: [m[Kstatic assertion failed: Wrong number of arguments for pointer-to-member
[3.118s]   774 |       static_assert(_Varargs::[01;31m[Kvalue[m[K
[3.118s]       |                               [01;31m[K~~~~~[m[K
[3.118s]   775 | [01;31m[K      ? sizeof...(_BoundArgs) >= _Arity::value + 1[m[K
[3.118s]       |       [01;31m[K^~~~~~~~~~~~~~~~~~~~~~~~~~~~~~~~~~~~~~~~~~~~[m[K
[3.118s]   776 | [01;31m[K      : sizeof...(_BoundArgs) == _Arity::value + 1[m[K,
[3.118s]       |       [01;31m[K~~~~~~~~~~~~~~~~~~~~~~~~~~~~~~~~~~~~~~~~~~~~[m[K
[3.188s] [01m[K/home/emelie/ba_ws_com/src/my_cpp_py_pkg/src/pure_pursuit.cpp:[m[K In member function ‘[01m[Kvoid Pure_Pursuit_Node::odom_callback(nav_msgs::msg::Odometry)[m[K’:
[3.188s] [01m[K/home/emelie/ba_ws_com/src/my_cpp_py_pkg/src/pure_pursuit.cpp:185:22:[m[K [01;31m[Kerror: [m[K‘[01m[Keuler_from_quaternion[m[K’ was not declared in this scope
[3.188s]   185 |     car_orientation= [01;31m[Keuler_from_quaternion[m[K(msg.pose.pose.orientation.x, msg.pose.pose.orientation.y, msg.pose.pose.orientation.z, msg.pose.pose.orientation.w );
[3.188s]       |                      [01;31m[K^~~~~~~~~~~~~~~~~~~~~[m[K
[3.194s] [01m[K/home/emelie/ba_ws_com/src/my_cpp_py_pkg/src/pure_pursuit.cpp:188:32:[m[K [01;31m[Kerror: [m[K‘[01m[Kfind_nearest_waypoint[m[K’ was not declared in this scope
[3.195s]   188 |       nearest_waypoint_index = [01;31m[Kfind_nearest_waypoint[m[K(car_position_2d, path_points_2d);
[3.195s]       |                                [01;31m[K^~~~~~~~~~~~~~~~~~~~~[m[K
[3.199s] [01m[K/home/emelie/ba_ws_com/src/my_cpp_py_pkg/src/pure_pursuit.cpp:191:32:[m[K [01;31m[Kerror: [m[K‘[01m[Kfind_next_waypoint[m[K’ was not declared in this scope
[3.200s]   191 |       nearest_waypoint_index = [01;31m[Kfind_next_waypoint[m[K(nearest_waypoint_index, car_position_2d, path_points_2d);
[3.200s]       |                                [01;31m[K^~~~~~~~~~~~~~~~~~[m[K
[3.203s] [01m[K/home/emelie/ba_ws_com/src/my_cpp_py_pkg/src/pure_pursuit.cpp:195:50:[m[K [01;31m[Kerror: [m[K‘[01m[Ktransform_waypoint[m[K’ was not declared in this scope; did you mean ‘[01m[Ktransformed_waypoint[m[K’?
[3.203s]   195 |     tuple<double, double> transformed_waypoint = [01;31m[Ktransform_waypoint[m[K(nearest_waypoint, car_position_2d, car_orientation);
[3.203s]       |                                                  [01;31m[K^~~~~~~~~~~~~~~~~~[m[K
[3.203s]       |                                                  [32m[Ktransformed_waypoint[m[K
[3.207s] [01m[K/home/emelie/ba_ws_com/src/my_cpp_py_pkg/src/pure_pursuit.cpp:197:27:[m[K [01;31m[Kerror: [m[K‘[01m[Kcalc_turning_angle[m[K’ was not declared in this scope; did you mean ‘[01m[Kturning_angle[m[K’?
[3.207s]   197 |     float turning_angle = [01;31m[Kcalc_turning_angle[m[K(car_position_2d, car_orientation, nearest_waypoint);
[3.207s]       |                           [01;31m[K^~~~~~~~~~~~~~~~~~[m[K
[3.207s]       |                           [32m[Kturning_angle[m[K
[3.219s] [01m[K/home/emelie/ba_ws_com/src/my_cpp_py_pkg/src/pure_pursuit.cpp:195:27:[m[K [01;35m[Kwarning: [m[Kunused variable ‘[01m[Ktransformed_waypoint[m[K’ [[01;35m[K-Wunused-variable[m[K]
[3.219s]   195 |     tuple<double, double> [01;35m[Ktransformed_waypoint[m[K = transform_waypoint(nearest_waypoint, car_position_2d, car_orientation);
[3.219s]       |                           [01;35m[K^~~~~~~~~~~~~~~~~~~~[m[K
[3.228s] [01m[K/home/emelie/ba_ws_com/src/my_cpp_py_pkg/src/pure_pursuit.cpp:[m[K In function ‘[01m[Kfloat calc_turning_angle(std::tuple<double, double>, std::tuple<double, double, double>, std::tuple<double, double>)[m[K’:
[3.229s] [01m[K/home/emelie/ba_ws_com/src/my_cpp_py_pkg/src/pure_pursuit.cpp:247:47:[m[K [01;31m[Kerror: [m[K‘[01m[Ktransform_waypoint[m[K’ was not declared in this scope; did you mean ‘[01m[Ktransformed_waypoint[m[K’?
[3.229s]   247 |   tuple<double, double> transformed_waypoint= [01;31m[Ktransform_waypoint[m[K(nearest_waypoint, car_position, car_orientation);
[3.229s]       |                                               [01;31m[K^~~~~~~~~~~~~~~~~~[m[K
[3.229s]       |                                               [32m[Ktransformed_waypoint[m[K
[3.235s] [01m[K/home/emelie/ba_ws_com/src/my_cpp_py_pkg/src/pure_pursuit.cpp:[m[K In function ‘[01m[Kint find_next_waypoint(int, std::tuple<float, float>, std::vector<std::tuple<double, double> >)[m[K’:
[3.235s] [01m[K/home/emelie/ba_ws_com/src/my_cpp_py_pkg/src/pure_pursuit.cpp:284:19:[m[K [01;35m[Kwarning: [m[Kcomparison of integer expressions of different signedness: ‘[01m[Kint[m[K’ and ‘[01m[Kstd::vector<std::tuple<double, double> >::size_type[m[K’ {aka ‘[01m[Klong unsigned int[m[K’} [[01;35m[K-Wsign-compare[m[K]
[3.235s]   284 |   if([01;35m[Knew_waypoint == path_points_2d.size()[m[K){
[3.236s]       |      [01;35m[K~~~~~~~~~~~~~^~~~~~~~~~~~~~~~~~~~~~~~[m[K
[4.134s] In file included from [01m[K/opt/ros/foxy/include/rclcpp/node_interfaces/node_topics_interface.hpp:32[m[K,
[4.135s]                  from [01m[K/opt/ros/foxy/include/rclcpp/node.hpp:55[m[K,
[4.135s]                  from [01m[K/opt/ros/foxy/include/rclcpp/executors/single_threaded_executor.hpp:28[m[K,
[4.135s]                  from [01m[K/opt/ros/foxy/include/rclcpp/executors.hpp:22[m[K,
[4.135s]                  from [01m[K/opt/ros/foxy/include/rclcpp/rclcpp.hpp:146[m[K,
[4.135s]                  from [01m[K/home/emelie/ba_ws_com/src/my_cpp_py_pkg/src/pure_pursuit.cpp:28[m[K:
[4.135s] /opt/ros/foxy/include/rclcpp/subscription_factory.hpp: In instantiation of ‘[01m[Krclcpp::SubscriptionFactory rclcpp::create_subscription_factory(CallbackT&&, const rclcpp::SubscriptionOptionsWithAllocator<AllocatorT>&, typename MessageMemoryStrategyT::SharedPtr, std::shared_ptr<rclcpp::topic_statistics::SubscriptionTopicStatistics<CallbackMessageT> >) [with MessageT = nav_msgs::msg::Odometry_<std::allocator<void> >; CallbackT = std::_Bind<void (Pure_Pursuit_Node::*(Pure_Pursuit_Node*))(nav_msgs::msg::Odometry_<std::allocator<void> >)>; AllocatorT = std::allocator<void>; CallbackMessageT = nav_msgs::msg::Odometry_<std::allocator<void> >; SubscriptionT = rclcpp::Subscription<nav_msgs::msg::Odometry_<std::allocator<void> > >; MessageMemoryStrategyT = rclcpp::message_memory_strategy::MessageMemoryStrategy<nav_msgs::msg::Odometry_<std::allocator<void> >, std::allocator<void> >; typename MessageMemoryStrategyT::SharedPtr = std::shared_ptr<rclcpp::message_memory_strategy::MessageMemoryStrategy<nav_msgs::msg::Odometry_<std::allocator<void> >, std::allocator<void> > >][m[K’:
[4.136s] [01m[K/opt/ros/foxy/include/rclcpp/create_subscription.hpp:144:63:[m[K   required from ‘[01m[Kstd::shared_ptr<SubscriptionT> rclcpp::create_subscription(NodeT&&, const string&, const rclcpp::QoS&, CallbackT&&, const rclcpp::SubscriptionOptionsWithAllocator<AllocatorT>&, typename MessageMemoryStrategyT::SharedPtr) [with MessageT = nav_msgs::msg::Odometry_<std::allocator<void> >; CallbackT = std::_Bind<void (Pure_Pursuit_Node::*(Pure_Pursuit_Node*))(nav_msgs::msg::Odometry_<std::allocator<void> >)>; AllocatorT = std::allocator<void>; CallbackMessageT = nav_msgs::msg::Odometry_<std::allocator<void> >; SubscriptionT = rclcpp::Subscription<nav_msgs::msg::Odometry_<std::allocator<void> > >; MessageMemoryStrategyT = rclcpp::message_memory_strategy::MessageMemoryStrategy<nav_msgs::msg::Odometry_<std::allocator<void> >, std::allocator<void> >; NodeT = rclcpp::Node&; std::string = std::__cxx11::basic_string<char>; typename MessageMemoryStrategyT::SharedPtr = std::shared_ptr<rclcpp::message_memory_strategy::MessageMemoryStrategy<nav_msgs::msg::Odometry_<std::allocator<void> >, std::allocator<void> > >][m[K’
[4.136s] [01m[K/opt/ros/foxy/include/rclcpp/node_impl.hpp:98:47:[m[K   required from ‘[01m[Kstd::shared_ptr<SubscriptionT> rclcpp::Node::create_subscription(const string&, const rclcpp::QoS&, CallbackT&&, const rclcpp::SubscriptionOptionsWithAllocator<AllocatorT>&, typename MessageMemoryStrategyT::SharedPtr) [with MessageT = nav_msgs::msg::Odometry_<std::allocator<void> >; CallbackT = std::_Bind<void (Pure_Pursuit_Node::*(Pure_Pursuit_Node*))(nav_msgs::msg::Odometry_<std::allocator<void> >)>; AllocatorT = std::allocator<void>; CallbackMessageT = nav_msgs::msg::Odometry_<std::allocator<void> >; SubscriptionT = rclcpp::Subscription<nav_msgs::msg::Odometry_<std::allocator<void> > >; MessageMemoryStrategyT = rclcpp::message_memory_strategy::MessageMemoryStrategy<nav_msgs::msg::Odometry_<std::allocator<void> >, std::allocator<void> >; std::string = std::__cxx11::basic_string<char>; typename MessageMemoryStrategyT::SharedPtr = std::shared_ptr<rclcpp::message_memory_strategy::MessageMemoryStrategy<nav_msgs::msg::Odometry_<std::allocator<void> >, std::allocator<void> > >][m[K’
[4.136s] [01m[K/home/emelie/ba_ws_com/src/my_cpp_py_pkg/src/pure_pursuit.cpp:60:141:[m[K   required from here
[4.136s] [01m[K/opt/ros/foxy/include/rclcpp/subscription_factory.hpp:97:3:[m[K [01;31m[Kerror: [m[Kno matching function for call to ‘[01m[Krclcpp::AnySubscriptionCallback<nav_msgs::msg::Odometry_<std::allocator<void> >, std::allocator<void> >::set(std::_Bind<void (Pure_Pursuit_Node::*(Pure_Pursuit_Node*))(nav_msgs::msg::Odometry_<std::allocator<void> >)>)[m[K’
[4.136s]    97 |   [01;31m[Kany_subscription_callback[m[K.set(std::forward<CallbackT>(callback));
[4.136s]       |   [01;31m[K^~~~~~~~~~~~~~~~~~~~~~~~~[m[K
[4.137s] In file included from [01m[K/opt/ros/foxy/include/rclcpp/subscription_base.hpp:29[m[K,
[4.137s]                  from [01m[K/opt/ros/foxy/include/rclcpp/callback_group.hpp:26[m[K,
[4.137s]                  from [01m[K/opt/ros/foxy/include/rclcpp/any_executable.hpp:20[m[K,
[4.137s]                  from [01m[K/opt/ros/foxy/include/rclcpp/memory_strategy.hpp:24[m[K,
[4.137s]                  from [01m[K/opt/ros/foxy/include/rclcpp/memory_strategies.hpp:18[m[K,
[4.137s]                  from [01m[K/opt/ros/foxy/include/rclcpp/executor_options.hpp:20[m[K,
[4.137s]                  from [01m[K/opt/ros/foxy/include/rclcpp/executor.hpp:33[m[K,
[4.137s]                  from [01m[K/opt/ros/foxy/include/rclcpp/executors/multi_threaded_executor.hpp:26[m[K,
[4.137s]                  from [01m[K/opt/ros/foxy/include/rclcpp/executors.hpp:21[m[K,
[4.138s]                  from [01m[K/opt/ros/foxy/include/rclcpp/rclcpp.hpp:146[m[K,
[4.138s]                  from [01m[K/home/emelie/ba_ws_com/src/my_cpp_py_pkg/src/pure_pursuit.cpp:28[m[K:
[4.138s] [01m[K/opt/ros/foxy/include/rclcpp/any_subscription_callback.hpp:83:8:[m[K [01;36m[Knote: [m[Kcandidate: ‘[01m[Ktemplate<class CallbackT, typename std::enable_if<rclcpp::function_traits::same_arguments<CallbackT, std::function<void(std::shared_ptr<nav_msgs::msg::Odometry_<std::allocator<void> > >)> >::value, void>::type* <anonymous> > void rclcpp::AnySubscriptionCallback<MessageT, Alloc>::set(CallbackT) [with CallbackT = CallbackT; typename std::enable_if<rclcpp::function_traits::same_arguments<CallbackT, std::function<void(std::shared_ptr<_Tp>)> >::value>::type* <anonymous> = <enumerator>; MessageT = nav_msgs::msg::Odometry_<std::allocator<void> >; Alloc = std::allocator<void>][m[K’
[4.138s]    83 |   void [01;36m[Kset[m[K(CallbackT callback)
[4.138s]       |        [01;36m[K^~~[m[K
[4.138s] [01m[K/opt/ros/foxy/include/rclcpp/any_subscription_callback.hpp:83:8:[m[K [01;36m[Knote: [m[K  template argument deduction/substitution failed:
[4.138s] [01m[K/opt/ros/foxy/include/rclcpp/any_subscription_callback.hpp:81:17:[m[K [01;31m[Kerror: [m[Kno type named ‘[01m[Ktype[m[K’ in ‘[01m[Kstruct std::enable_if<false, void>[m[K’
[4.139s]    81 |     >::type * = [01;31m[Knullptr[m[K
[4.139s]       |                 [01;31m[K^~~~~~~[m[K
[4.139s] [01m[K/opt/ros/foxy/include/rclcpp/any_subscription_callback.hpp:97:8:[m[K [01;36m[Knote: [m[Kcandidate: ‘[01m[Ktemplate<class CallbackT, typename std::enable_if<rclcpp::function_traits::same_arguments<CallbackT, std::function<void(std::shared_ptr<nav_msgs::msg::Odometry_<std::allocator<void> > >, const rclcpp::MessageInfo&)> >::value, void>::type* <anonymous> > void rclcpp::AnySubscriptionCallback<MessageT, Alloc>::set(CallbackT) [with CallbackT = CallbackT; typename std::enable_if<rclcpp::function_traits::same_arguments<CallbackT, std::function<void(std::shared_ptr<_Tp>, const rclcpp::MessageInfo&)> >::value>::type* <anonymous> = <enumerator>; MessageT = nav_msgs::msg::Odometry_<std::allocator<void> >; Alloc = std::allocator<void>][m[K’
[4.139s]    97 |   void [01;36m[Kset[m[K(CallbackT callback)
[4.139s]       |        [01;36m[K^~~[m[K
[4.139s] [01m[K/opt/ros/foxy/include/rclcpp/any_subscription_callback.hpp:97:8:[m[K [01;36m[Knote: [m[K  template argument deduction/substitution failed:
[4.140s] [01m[K/opt/ros/foxy/include/rclcpp/any_subscription_callback.hpp:95:17:[m[K [01;31m[Kerror: [m[Kno type named ‘[01m[Ktype[m[K’ in ‘[01m[Kstruct std::enable_if<false, void>[m[K’
[4.140s]    95 |     >::type * = [01;31m[Knullptr[m[K
[4.140s]       |                 [01;31m[K^~~~~~~[m[K
[4.140s] [01m[K/opt/ros/foxy/include/rclcpp/any_subscription_callback.hpp:111:8:[m[K [01;36m[Knote: [m[Kcandidate: ‘[01m[Ktemplate<class CallbackT, typename std::enable_if<rclcpp::function_traits::same_arguments<CallbackT, std::function<void(std::shared_ptr<const nav_msgs::msg::Odometry_<std::allocator<void> > >)> >::value, void>::type* <anonymous> > void rclcpp::AnySubscriptionCallback<MessageT, Alloc>::set(CallbackT) [with CallbackT = CallbackT; typename std::enable_if<rclcpp::function_traits::same_arguments<CallbackT, std::function<void(std::shared_ptr<const _Tp>)> >::value>::type* <anonymous> = <enumerator>; MessageT = nav_msgs::msg::Odometry_<std::allocator<void> >; Alloc = std::allocator<void>][m[K’
[4.140s]   111 |   void [01;36m[Kset[m[K(CallbackT callback)
[4.140s]       |        [01;36m[K^~~[m[K
[4.141s] [01m[K/opt/ros/foxy/include/rclcpp/any_subscription_callback.hpp:111:8:[m[K [01;36m[Knote: [m[K  template argument deduction/substitution failed:
[4.141s] [01m[K/opt/ros/foxy/include/rclcpp/any_subscription_callback.hpp:109:17:[m[K [01;31m[Kerror: [m[Kno type named ‘[01m[Ktype[m[K’ in ‘[01m[Kstruct std::enable_if<false, void>[m[K’
[4.141s]   109 |     >::type * = [01;31m[Knullptr[m[K
[4.141s]       |                 [01;31m[K^~~~~~~[m[K
[4.141s] [01m[K/opt/ros/foxy/include/rclcpp/any_subscription_callback.hpp:125:8:[m[K [01;36m[Knote: [m[Kcandidate: ‘[01m[Ktemplate<class CallbackT, typename std::enable_if<rclcpp::function_traits::same_arguments<CallbackT, std::function<void(std::shared_ptr<const nav_msgs::msg::Odometry_<std::allocator<void> > >, const rclcpp::MessageInfo&)> >::value, void>::type* <anonymous> > void rclcpp::AnySubscriptionCallback<MessageT, Alloc>::set(CallbackT) [with CallbackT = CallbackT; typename std::enable_if<rclcpp::function_traits::same_arguments<CallbackT, std::function<void(std::shared_ptr<const _Tp>, const rclcpp::MessageInfo&)> >::value>::type* <anonymous> = <enumerator>; MessageT = nav_msgs::msg::Odometry_<std::allocator<void> >; Alloc = std::allocator<void>][m[K’
[4.141s]   125 |   void [01;36m[Kset[m[K(CallbackT callback)
[4.141s]       |        [01;36m[K^~~[m[K
[4.142s] [01m[K/opt/ros/foxy/include/rclcpp/any_subscription_callback.hpp:125:8:[m[K [01;36m[Knote: [m[K  template argument deduction/substitution failed:
[4.142s] [01m[K/opt/ros/foxy/include/rclcpp/any_subscription_callback.hpp:123:17:[m[K [01;31m[Kerror: [m[Kno type named ‘[01m[Ktype[m[K’ in ‘[01m[Kstruct std::enable_if<false, void>[m[K’
[4.142s]   123 |     >::type * = [01;31m[Knullptr[m[K
[4.142s]       |                 [01;31m[K^~~~~~~[m[K
[4.142s] [01m[K/opt/ros/foxy/include/rclcpp/any_subscription_callback.hpp:139:8:[m[K [01;36m[Knote: [m[Kcandidate: ‘[01m[Ktemplate<class CallbackT, typename std::enable_if<rclcpp::function_traits::same_arguments<CallbackT, std::function<void(std::unique_ptr<nav_msgs::msg::Odometry_<std::allocator<void> >, std::default_delete<nav_msgs::msg::Odometry_<std::allocator<void> > > >)> >::value, void>::type* <anonymous> > void rclcpp::AnySubscriptionCallback<MessageT, Alloc>::set(CallbackT) [with CallbackT = CallbackT; typename std::enable_if<rclcpp::function_traits::same_arguments<CallbackT, std::function<void(std::unique_ptr<MessageT, typename std::conditional<std::is_same<typename std::allocator_traits<typename std::allocator_traits<_Alloc>::rebind_traits<MessageT>::allocator_type>::rebind_alloc<MessageT>, typename std::allocator<void>::rebind<_Tp1>::other>::value, std::default_delete<_Tp>, rclcpp::allocator::AllocatorDeleter<typename std::allocator_traits<_Alloc>::rebind_traits<MessageT>::allocator_type> >::type>)> >::value>::type* <anonymous> = <enumerator>; MessageT = nav_msgs::msg::Odometry_<std::allocator<void> >; Alloc = std::allocator<void>][m[K’
[4.142s]   139 |   void [01;36m[Kset[m[K(CallbackT callback)
[4.143s]       |        [01;36m[K^~~[m[K
[4.143s] [01m[K/opt/ros/foxy/include/rclcpp/any_subscription_callback.hpp:139:8:[m[K [01;36m[Knote: [m[K  template argument deduction/substitution failed:
[4.143s] [01m[K/opt/ros/foxy/include/rclcpp/any_subscription_callback.hpp:137:17:[m[K [01;31m[Kerror: [m[Kno type named ‘[01m[Ktype[m[K’ in ‘[01m[Kstruct std::enable_if<false, void>[m[K’
[4.143s]   137 |     >::type * = [01;31m[Knullptr[m[K
[4.144s]       |                 [01;31m[K^~~~~~~[m[K
[4.151s] [01m[K/opt/ros/foxy/include/rclcpp/any_subscription_callback.hpp:153:8:[m[K [01;36m[Knote: [m[Kcandidate: ‘[01m[Ktemplate<class CallbackT, typename std::enable_if<rclcpp::function_traits::same_arguments<CallbackT, std::function<void(std::unique_ptr<nav_msgs::msg::Odometry_<std::allocator<void> >, std::default_delete<nav_msgs::msg::Odometry_<std::allocator<void> > > >, const rclcpp::MessageInfo&)> >::value, void>::type* <anonymous> > void rclcpp::AnySubscriptionCallback<MessageT, Alloc>::set(CallbackT) [with CallbackT = CallbackT; typename std::enable_if<rclcpp::function_traits::same_arguments<CallbackT, std::function<void(std::unique_ptr<MessageT, typename std::conditional<std::is_same<typename std::allocator_traits<typename std::allocator_traits<_Alloc>::rebind_traits<MessageT>::allocator_type>::rebind_alloc<MessageT>, typename std::allocator<void>::rebind<_Tp1>::other>::value, std::default_delete<_Tp>, rclcpp::allocator::AllocatorDeleter<typename std::allocator_traits<_Alloc>::rebind_traits<MessageT>::allocator_type> >::type>, const rclcpp::MessageInfo&)> >::value>::type* <anonymous> = <enumerator>; MessageT = nav_msgs::msg::Odometry_<std::allocator<void> >; Alloc = std::allocator<void>][m[K’
[4.152s]   153 |   void [01;36m[Kset[m[K(CallbackT callback)
[4.152s]       |        [01;36m[K^~~[m[K
[4.152s] [01m[K/opt/ros/foxy/include/rclcpp/any_subscription_callback.hpp:153:8:[m[K [01;36m[Knote: [m[K  template argument deduction/substitution failed:
[4.152s] [01m[K/opt/ros/foxy/include/rclcpp/any_subscription_callback.hpp:151:17:[m[K [01;31m[Kerror: [m[Kno type named ‘[01m[Ktype[m[K’ in ‘[01m[Kstruct std::enable_if<false, void>[m[K’
[4.153s]   151 |     >::type * = [01;31m[Knullptr[m[K
[4.153s]       |                 [01;31m[K^~~~~~~[m[K
[6.746s] In file included from [01m[K/usr/include/c++/9/future:48[m[K,
[6.746s]                  from [01m[K/opt/ros/foxy/include/rclcpp/executors.hpp:18[m[K,
[6.746s]                  from [01m[K/opt/ros/foxy/include/rclcpp/rclcpp.hpp:146[m[K,
[6.746s]                  from [01m[K/home/emelie/ba_ws_com/src/my_cpp_py_pkg/src/pure_pursuit.cpp:28[m[K:
[6.746s] [01m[K/usr/include/c++/9/bits/std_function.h:[m[K At global scope:
[6.747s] [01m[K/usr/include/c++/9/bits/std_function.h:667:7:[m[K [01;31m[Kerror: [m[K‘[01m[Kstd::function<_Res(_ArgTypes ...)>::function(_Functor) [with _Functor = rclcpp::create_subscription_factory(CallbackT&&, const rclcpp::SubscriptionOptionsWithAllocator<AllocatorT>&, typename MessageMemoryStrategyT::SharedPtr, std::shared_ptr<rclcpp::topic_statistics::SubscriptionTopicStatistics<CallbackMessageT> >) [with MessageT = nav_msgs::msg::Odometry_<std::allocator<void> >; CallbackT = std::_Bind<void (Pure_Pursuit_Node::*(Pure_Pursuit_Node*))(nav_msgs::msg::Odometry_<std::allocator<void> >)>; AllocatorT = std::allocator<void>; CallbackMessageT = nav_msgs::msg::Odometry_<std::allocator<void> >; SubscriptionT = rclcpp::Subscription<nav_msgs::msg::Odometry_<std::allocator<void> > >; MessageMemoryStrategyT = rclcpp::message_memory_strategy::MessageMemoryStrategy<nav_msgs::msg::Odometry_<std::allocator<void> >, std::allocator<void> >; typename MessageMemoryStrategyT::SharedPtr = std::shared_ptr<rclcpp::message_memory_strategy::MessageMemoryStrategy<nav_msgs::msg::Odometry_<std::allocator<void> >, std::allocator<void> > >]::<lambda(rclcpp::node_interfaces::NodeBaseInterface*, const string&, const rclcpp::QoS&)>; <template-parameter-2-2> = void; <template-parameter-2-3> = void; _Res = std::shared_ptr<rclcpp::SubscriptionBase>; _ArgTypes = {rclcpp::node_interfaces::NodeBaseInterface*, const std::__cxx11::basic_string<char, std::char_traits<char>, std::allocator<char> >&, const rclcpp::QoS&}][m[K’, declared using local type ‘[01m[Krclcpp::create_subscription_factory(CallbackT&&, const rclcpp::SubscriptionOptionsWithAllocator<AllocatorT>&, typename MessageMemoryStrategyT::SharedPtr, std::shared_ptr<rclcpp::topic_statistics::SubscriptionTopicStatistics<CallbackMessageT> >) [with MessageT = nav_msgs::msg::Odometry_<std::allocator<void> >; CallbackT = std::_Bind<void (Pure_Pursuit_Node::*(Pure_Pursuit_Node*))(nav_msgs::msg::Odometry_<std::allocator<void> >)>; AllocatorT = std::allocator<void>; CallbackMessageT = nav_msgs::msg::Odometry_<std::allocator<void> >; SubscriptionT = rclcpp::Subscription<nav_msgs::msg::Odometry_<std::allocator<void> > >; MessageMemoryStrategyT = rclcpp::message_memory_strategy::MessageMemoryStrategy<nav_msgs::msg::Odometry_<std::allocator<void> >, std::allocator<void> >; typename MessageMemoryStrategyT::SharedPtr = std::shared_ptr<rclcpp::message_memory_strategy::MessageMemoryStrategy<nav_msgs::msg::Odometry_<std::allocator<void> >, std::allocator<void> > >]::<lambda(rclcpp::node_interfaces::NodeBaseInterface*, const string&, const rclcpp::QoS&)>[m[K’, is used but never defined [[01;31m[K-fpermissive[m[K]
[6.747s]   667 |       [01;31m[Kfunction<_Res(_ArgTypes...)>[m[K::
[6.747s]       |       [01;31m[K^~~~~~~~~~~~~~~~~~~~~~~~~~~~[m[K
[7.001s] [01m[K/home/emelie/ba_ws_com/src/my_cpp_py_pkg/src/pure_pursuit.cpp:[m[K In function ‘[01m[Kint find_nearest_waypoint(std::tuple<double, double>, std::vector<std::tuple<double, double> >)[m[K’:
[7.001s] [01m[K/home/emelie/ba_ws_com/src/my_cpp_py_pkg/src/pure_pursuit.cpp:273:1:[m[K [01;35m[Kwarning: [m[Kcontrol reaches end of non-void function [[01;35m[K-Wreturn-type[m[K]
[7.001s]   273 | [01;35m[K}[m[K
[7.001s]       | [01;35m[K^[m[K
[7.467s] make[2]: *** [CMakeFiles/pure_pursuit.dir/build.make:63: CMakeFiles/pure_pursuit.dir/src/pure_pursuit.cpp.o] Error 1
[7.468s] make[1]: *** [CMakeFiles/Makefile2:111: CMakeFiles/pure_pursuit.dir/all] Error 2
[7.468s] make: *** [Makefile:141: all] Error 2
[7.480s] Invoked command in '/home/emelie/ba_ws_com/build/my_cpp_py_pkg' returned '2': CMAKE_PREFIX_PATH=${CMAKE_PREFIX_PATH}:/home/emelie/ba_ws/install/f1tenth_stack:/home/emelie/ba_ws/install/joy_teleop:/home/emelie/ba_ws/install/mouse_teleop:/home/emelie/ba_ws/install/key_teleop:/home/emelie/ba_ws/install/ba_roslab:/home/emelie/install/f1tenth_stack:/home/emelie/install/joy_teleop:/home/emelie/install/mouse_teleop:/home/emelie/install/key_teleop:/home/emelie/install/f1tenth_gym_ros:/home/emelie/install/ba_roslab:/opt/ros/foxy /usr/bin/cmake --build /home/emelie/ba_ws_com/build/my_cpp_py_pkg -- -j4 -l4
