[3.420s] DEBUG:colcon:Command line arguments: ['/usr/bin/colcon', 'build']
[3.421s] DEBUG:colcon:Parsed command line arguments: Namespace(allow_overriding=[], ament_cmake_args=None, base_paths=['.'], build_base='build', catkin_cmake_args=None, catkin_skip_building_tests=False, cmake_args=None, cmake_clean_cache=False, cmake_clean_first=False, cmake_force_configure=False, cmake_target=None, cmake_target_skip_unavailable=False, continue_on_error=False, event_handlers=None, executor='parallel', ignore_user_meta=False, install_base='install', log_base=None, log_level=None, main=<bound method BuildVerb.main of <colcon_core.verb.build.BuildVerb object at 0x7b60632afe50>>, merge_install=False, metas=['./colcon.meta'], mixin=None, mixin_files=None, mixin_verb=('build',), packages_above=None, packages_above_and_dependencies=None, packages_above_depth=None, packages_end=None, packages_ignore=None, packages_ignore_regex=None, packages_select=None, packages_select_build_failed=False, packages_select_by_dep=None, packages_select_regex=None, packages_select_test_failures=False, packages_skip=None, packages_skip_build_finished=False, packages_skip_by_dep=None, packages_skip_regex=None, packages_skip_test_passed=False, packages_skip_up_to=None, packages_start=None, packages_up_to=None, packages_up_to_regex=None, parallel_workers=4, paths=None, symlink_install=False, test_result_base=None, verb_extension=<colcon_core.verb.build.BuildVerb object at 0x7b60632afe50>, verb_name='build', verb_parser=<colcon_mixin.mixin.mixin_argument.MixinArgumentDecorator object at 0x7b60632c1700>)
[7.749s] Level 1:colcon.colcon_core.package_discovery:discover_packages(colcon_meta) check parameters
[7.750s] Level 1:colcon.colcon_core.package_discovery:discover_packages(recursive) check parameters
[7.752s] Level 1:colcon.colcon_core.package_discovery:discover_packages(ignore) check parameters
[7.753s] Level 1:colcon.colcon_core.package_discovery:discover_packages(path) check parameters
[7.753s] Level 1:colcon.colcon_core.package_discovery:discover_packages(colcon_meta) discover
[7.753s] Level 1:colcon.colcon_core.package_discovery:discover_packages(recursive) discover
[7.754s] INFO:colcon.colcon_core.package_discovery:Crawling recursively for packages in '/home/emelie/ba_ws_com'
[7.755s] Level 1:colcon.colcon_core.package_identification:_identify(.) by extensions ['ignore', 'ignore_ament_install']
[7.756s] Level 1:colcon.colcon_core.package_identification:_identify(.) by extension 'ignore'
[7.756s] Level 1:colcon.colcon_core.package_identification:_identify(.) by extension 'ignore_ament_install'
[7.757s] Level 1:colcon.colcon_core.package_identification:_identify(.) by extensions ['colcon_pkg']
[7.757s] Level 1:colcon.colcon_core.package_identification:_identify(.) by extension 'colcon_pkg'
[7.757s] Level 1:colcon.colcon_core.package_identification:_identify(.) by extensions ['colcon_meta']
[7.757s] Level 1:colcon.colcon_core.package_identification:_identify(.) by extension 'colcon_meta'
[7.757s] Level 1:colcon.colcon_core.package_identification:_identify(.) by extensions ['ros']
[7.757s] Level 1:colcon.colcon_core.package_identification:_identify(.) by extension 'ros'
[8.560s] Level 1:colcon.colcon_core.package_identification:_identify(.) by extensions ['cmake', 'python']
[8.560s] Level 1:colcon.colcon_core.package_identification:_identify(.) by extension 'cmake'
[8.561s] Level 1:colcon.colcon_core.package_identification:_identify(.) by extension 'python'
[8.561s] Level 1:colcon.colcon_core.package_identification:_identify(.) by extensions ['python_setup_py']
[8.561s] Level 1:colcon.colcon_core.package_identification:_identify(.) by extension 'python_setup_py'
[8.564s] Level 1:colcon.colcon_core.package_identification:_identify(CMakeFiles) by extensions ['ignore', 'ignore_ament_install']
[8.564s] Level 1:colcon.colcon_core.package_identification:_identify(CMakeFiles) by extension 'ignore'
[8.564s] Level 1:colcon.colcon_core.package_identification:_identify(CMakeFiles) by extension 'ignore_ament_install'
[8.565s] Level 1:colcon.colcon_core.package_identification:_identify(CMakeFiles) by extensions ['colcon_pkg']
[8.565s] Level 1:colcon.colcon_core.package_identification:_identify(CMakeFiles) by extension 'colcon_pkg'
[8.566s] Level 1:colcon.colcon_core.package_identification:_identify(CMakeFiles) by extensions ['colcon_meta']
[8.566s] Level 1:colcon.colcon_core.package_identification:_identify(CMakeFiles) by extension 'colcon_meta'
[8.566s] Level 1:colcon.colcon_core.package_identification:_identify(CMakeFiles) by extensions ['ros']
[8.567s] Level 1:colcon.colcon_core.package_identification:_identify(CMakeFiles) by extension 'ros'
[8.567s] Level 1:colcon.colcon_core.package_identification:_identify(CMakeFiles) by extensions ['cmake', 'python']
[8.567s] Level 1:colcon.colcon_core.package_identification:_identify(CMakeFiles) by extension 'cmake'
[8.567s] Level 1:colcon.colcon_core.package_identification:_identify(CMakeFiles) by extension 'python'
[8.568s] Level 1:colcon.colcon_core.package_identification:_identify(CMakeFiles) by extensions ['python_setup_py']
[8.568s] Level 1:colcon.colcon_core.package_identification:_identify(CMakeFiles) by extension 'python_setup_py'
[8.569s] Level 1:colcon.colcon_core.package_identification:_identify(CMakeFiles/3.16.3) by extensions ['ignore', 'ignore_ament_install']
[8.570s] Level 1:colcon.colcon_core.package_identification:_identify(CMakeFiles/3.16.3) by extension 'ignore'
[8.570s] Level 1:colcon.colcon_core.package_identification:_identify(CMakeFiles/3.16.3) by extension 'ignore_ament_install'
[8.570s] Level 1:colcon.colcon_core.package_identification:_identify(CMakeFiles/3.16.3) by extensions ['colcon_pkg']
[8.571s] Level 1:colcon.colcon_core.package_identification:_identify(CMakeFiles/3.16.3) by extension 'colcon_pkg'
[8.571s] Level 1:colcon.colcon_core.package_identification:_identify(CMakeFiles/3.16.3) by extensions ['colcon_meta']
[8.571s] Level 1:colcon.colcon_core.package_identification:_identify(CMakeFiles/3.16.3) by extension 'colcon_meta'
[8.571s] Level 1:colcon.colcon_core.package_identification:_identify(CMakeFiles/3.16.3) by extensions ['ros']
[8.572s] Level 1:colcon.colcon_core.package_identification:_identify(CMakeFiles/3.16.3) by extension 'ros'
[8.572s] Level 1:colcon.colcon_core.package_identification:_identify(CMakeFiles/3.16.3) by extensions ['cmake', 'python']
[8.573s] Level 1:colcon.colcon_core.package_identification:_identify(CMakeFiles/3.16.3) by extension 'cmake'
[8.573s] Level 1:colcon.colcon_core.package_identification:_identify(CMakeFiles/3.16.3) by extension 'python'
[8.573s] Level 1:colcon.colcon_core.package_identification:_identify(CMakeFiles/3.16.3) by extensions ['python_setup_py']
[8.574s] Level 1:colcon.colcon_core.package_identification:_identify(CMakeFiles/3.16.3) by extension 'python_setup_py'
[8.575s] Level 1:colcon.colcon_core.package_identification:_identify(CMakeFiles/3.16.3/CompilerIdC) by extensions ['ignore', 'ignore_ament_install']
[8.575s] Level 1:colcon.colcon_core.package_identification:_identify(CMakeFiles/3.16.3/CompilerIdC) by extension 'ignore'
[8.576s] Level 1:colcon.colcon_core.package_identification:_identify(CMakeFiles/3.16.3/CompilerIdC) by extension 'ignore_ament_install'
[8.576s] Level 1:colcon.colcon_core.package_identification:_identify(CMakeFiles/3.16.3/CompilerIdC) by extensions ['colcon_pkg']
[8.576s] Level 1:colcon.colcon_core.package_identification:_identify(CMakeFiles/3.16.3/CompilerIdC) by extension 'colcon_pkg'
[8.577s] Level 1:colcon.colcon_core.package_identification:_identify(CMakeFiles/3.16.3/CompilerIdC) by extensions ['colcon_meta']
[8.577s] Level 1:colcon.colcon_core.package_identification:_identify(CMakeFiles/3.16.3/CompilerIdC) by extension 'colcon_meta'
[8.577s] Level 1:colcon.colcon_core.package_identification:_identify(CMakeFiles/3.16.3/CompilerIdC) by extensions ['ros']
[8.577s] Level 1:colcon.colcon_core.package_identification:_identify(CMakeFiles/3.16.3/CompilerIdC) by extension 'ros'
[8.578s] Level 1:colcon.colcon_core.package_identification:_identify(CMakeFiles/3.16.3/CompilerIdC) by extensions ['cmake', 'python']
[8.579s] Level 1:colcon.colcon_core.package_identification:_identify(CMakeFiles/3.16.3/CompilerIdC) by extension 'cmake'
[8.580s] Level 1:colcon.colcon_core.package_identification:_identify(CMakeFiles/3.16.3/CompilerIdC) by extension 'python'
[8.580s] Level 1:colcon.colcon_core.package_identification:_identify(CMakeFiles/3.16.3/CompilerIdC) by extensions ['python_setup_py']
[8.580s] Level 1:colcon.colcon_core.package_identification:_identify(CMakeFiles/3.16.3/CompilerIdC) by extension 'python_setup_py'
[8.581s] Level 1:colcon.colcon_core.package_identification:_identify(CMakeFiles/3.16.3/CompilerIdC/tmp) by extensions ['ignore', 'ignore_ament_install']
[8.581s] Level 1:colcon.colcon_core.package_identification:_identify(CMakeFiles/3.16.3/CompilerIdC/tmp) by extension 'ignore'
[8.581s] Level 1:colcon.colcon_core.package_identification:_identify(CMakeFiles/3.16.3/CompilerIdC/tmp) by extension 'ignore_ament_install'
[8.582s] Level 1:colcon.colcon_core.package_identification:_identify(CMakeFiles/3.16.3/CompilerIdC/tmp) by extensions ['colcon_pkg']
[8.582s] Level 1:colcon.colcon_core.package_identification:_identify(CMakeFiles/3.16.3/CompilerIdC/tmp) by extension 'colcon_pkg'
[8.582s] Level 1:colcon.colcon_core.package_identification:_identify(CMakeFiles/3.16.3/CompilerIdC/tmp) by extensions ['colcon_meta']
[8.582s] Level 1:colcon.colcon_core.package_identification:_identify(CMakeFiles/3.16.3/CompilerIdC/tmp) by extension 'colcon_meta'
[8.582s] Level 1:colcon.colcon_core.package_identification:_identify(CMakeFiles/3.16.3/CompilerIdC/tmp) by extensions ['ros']
[8.582s] Level 1:colcon.colcon_core.package_identification:_identify(CMakeFiles/3.16.3/CompilerIdC/tmp) by extension 'ros'
[8.583s] Level 1:colcon.colcon_core.package_identification:_identify(CMakeFiles/3.16.3/CompilerIdC/tmp) by extensions ['cmake', 'python']
[8.583s] Level 1:colcon.colcon_core.package_identification:_identify(CMakeFiles/3.16.3/CompilerIdC/tmp) by extension 'cmake'
[8.583s] Level 1:colcon.colcon_core.package_identification:_identify(CMakeFiles/3.16.3/CompilerIdC/tmp) by extension 'python'
[8.583s] Level 1:colcon.colcon_core.package_identification:_identify(CMakeFiles/3.16.3/CompilerIdC/tmp) by extensions ['python_setup_py']
[8.584s] Level 1:colcon.colcon_core.package_identification:_identify(CMakeFiles/3.16.3/CompilerIdC/tmp) by extension 'python_setup_py'
[8.585s] Level 1:colcon.colcon_core.package_identification:_identify(CMakeFiles/3.16.3/CompilerIdCXX) by extensions ['ignore', 'ignore_ament_install']
[8.586s] Level 1:colcon.colcon_core.package_identification:_identify(CMakeFiles/3.16.3/CompilerIdCXX) by extension 'ignore'
[8.586s] Level 1:colcon.colcon_core.package_identification:_identify(CMakeFiles/3.16.3/CompilerIdCXX) by extension 'ignore_ament_install'
[8.587s] Level 1:colcon.colcon_core.package_identification:_identify(CMakeFiles/3.16.3/CompilerIdCXX) by extensions ['colcon_pkg']
[8.587s] Level 1:colcon.colcon_core.package_identification:_identify(CMakeFiles/3.16.3/CompilerIdCXX) by extension 'colcon_pkg'
[8.587s] Level 1:colcon.colcon_core.package_identification:_identify(CMakeFiles/3.16.3/CompilerIdCXX) by extensions ['colcon_meta']
[8.587s] Level 1:colcon.colcon_core.package_identification:_identify(CMakeFiles/3.16.3/CompilerIdCXX) by extension 'colcon_meta'
[8.588s] Level 1:colcon.colcon_core.package_identification:_identify(CMakeFiles/3.16.3/CompilerIdCXX) by extensions ['ros']
[8.588s] Level 1:colcon.colcon_core.package_identification:_identify(CMakeFiles/3.16.3/CompilerIdCXX) by extension 'ros'
[8.588s] Level 1:colcon.colcon_core.package_identification:_identify(CMakeFiles/3.16.3/CompilerIdCXX) by extensions ['cmake', 'python']
[8.589s] Level 1:colcon.colcon_core.package_identification:_identify(CMakeFiles/3.16.3/CompilerIdCXX) by extension 'cmake'
[8.589s] Level 1:colcon.colcon_core.package_identification:_identify(CMakeFiles/3.16.3/CompilerIdCXX) by extension 'python'
[8.589s] Level 1:colcon.colcon_core.package_identification:_identify(CMakeFiles/3.16.3/CompilerIdCXX) by extensions ['python_setup_py']
[8.590s] Level 1:colcon.colcon_core.package_identification:_identify(CMakeFiles/3.16.3/CompilerIdCXX) by extension 'python_setup_py'
[8.591s] Level 1:colcon.colcon_core.package_identification:_identify(CMakeFiles/3.16.3/CompilerIdCXX/tmp) by extensions ['ignore', 'ignore_ament_install']
[8.592s] Level 1:colcon.colcon_core.package_identification:_identify(CMakeFiles/3.16.3/CompilerIdCXX/tmp) by extension 'ignore'
[8.592s] Level 1:colcon.colcon_core.package_identification:_identify(CMakeFiles/3.16.3/CompilerIdCXX/tmp) by extension 'ignore_ament_install'
[8.592s] Level 1:colcon.colcon_core.package_identification:_identify(CMakeFiles/3.16.3/CompilerIdCXX/tmp) by extensions ['colcon_pkg']
[8.592s] Level 1:colcon.colcon_core.package_identification:_identify(CMakeFiles/3.16.3/CompilerIdCXX/tmp) by extension 'colcon_pkg'
[8.592s] Level 1:colcon.colcon_core.package_identification:_identify(CMakeFiles/3.16.3/CompilerIdCXX/tmp) by extensions ['colcon_meta']
[8.592s] Level 1:colcon.colcon_core.package_identification:_identify(CMakeFiles/3.16.3/CompilerIdCXX/tmp) by extension 'colcon_meta'
[8.592s] Level 1:colcon.colcon_core.package_identification:_identify(CMakeFiles/3.16.3/CompilerIdCXX/tmp) by extensions ['ros']
[8.592s] Level 1:colcon.colcon_core.package_identification:_identify(CMakeFiles/3.16.3/CompilerIdCXX/tmp) by extension 'ros'
[8.593s] Level 1:colcon.colcon_core.package_identification:_identify(CMakeFiles/3.16.3/CompilerIdCXX/tmp) by extensions ['cmake', 'python']
[8.593s] Level 1:colcon.colcon_core.package_identification:_identify(CMakeFiles/3.16.3/CompilerIdCXX/tmp) by extension 'cmake'
[8.593s] Level 1:colcon.colcon_core.package_identification:_identify(CMakeFiles/3.16.3/CompilerIdCXX/tmp) by extension 'python'
[8.593s] Level 1:colcon.colcon_core.package_identification:_identify(CMakeFiles/3.16.3/CompilerIdCXX/tmp) by extensions ['python_setup_py']
[8.593s] Level 1:colcon.colcon_core.package_identification:_identify(CMakeFiles/3.16.3/CompilerIdCXX/tmp) by extension 'python_setup_py'
[8.593s] Level 1:colcon.colcon_core.package_identification:_identify(CMakeFiles/CMakeTmp) by extensions ['ignore', 'ignore_ament_install']
[8.594s] Level 1:colcon.colcon_core.package_identification:_identify(CMakeFiles/CMakeTmp) by extension 'ignore'
[8.594s] Level 1:colcon.colcon_core.package_identification:_identify(CMakeFiles/CMakeTmp) by extension 'ignore_ament_install'
[8.594s] Level 1:colcon.colcon_core.package_identification:_identify(CMakeFiles/CMakeTmp) by extensions ['colcon_pkg']
[8.594s] Level 1:colcon.colcon_core.package_identification:_identify(CMakeFiles/CMakeTmp) by extension 'colcon_pkg'
[8.594s] Level 1:colcon.colcon_core.package_identification:_identify(CMakeFiles/CMakeTmp) by extensions ['colcon_meta']
[8.594s] Level 1:colcon.colcon_core.package_identification:_identify(CMakeFiles/CMakeTmp) by extension 'colcon_meta'
[8.594s] Level 1:colcon.colcon_core.package_identification:_identify(CMakeFiles/CMakeTmp) by extensions ['ros']
[8.594s] Level 1:colcon.colcon_core.package_identification:_identify(CMakeFiles/CMakeTmp) by extension 'ros'
[8.595s] Level 1:colcon.colcon_core.package_identification:_identify(CMakeFiles/CMakeTmp) by extensions ['cmake', 'python']
[8.595s] Level 1:colcon.colcon_core.package_identification:_identify(CMakeFiles/CMakeTmp) by extension 'cmake'
[8.596s] Level 1:colcon.colcon_core.package_identification:_identify(CMakeFiles/CMakeTmp) by extension 'python'
[8.596s] Level 1:colcon.colcon_core.package_identification:_identify(CMakeFiles/CMakeTmp) by extensions ['python_setup_py']
[8.597s] Level 1:colcon.colcon_core.package_identification:_identify(CMakeFiles/CMakeTmp) by extension 'python_setup_py'
[8.598s] Level 1:colcon.colcon_core.package_identification:_identify(CMakeFiles/listener.dir) by extensions ['ignore', 'ignore_ament_install']
[8.598s] Level 1:colcon.colcon_core.package_identification:_identify(CMakeFiles/listener.dir) by extension 'ignore'
[8.599s] Level 1:colcon.colcon_core.package_identification:_identify(CMakeFiles/listener.dir) by extension 'ignore_ament_install'
[8.599s] Level 1:colcon.colcon_core.package_identification:_identify(CMakeFiles/listener.dir) by extensions ['colcon_pkg']
[8.599s] Level 1:colcon.colcon_core.package_identification:_identify(CMakeFiles/listener.dir) by extension 'colcon_pkg'
[8.600s] Level 1:colcon.colcon_core.package_identification:_identify(CMakeFiles/listener.dir) by extensions ['colcon_meta']
[8.600s] Level 1:colcon.colcon_core.package_identification:_identify(CMakeFiles/listener.dir) by extension 'colcon_meta'
[8.600s] Level 1:colcon.colcon_core.package_identification:_identify(CMakeFiles/listener.dir) by extensions ['ros']
[8.601s] Level 1:colcon.colcon_core.package_identification:_identify(CMakeFiles/listener.dir) by extension 'ros'
[8.601s] Level 1:colcon.colcon_core.package_identification:_identify(CMakeFiles/listener.dir) by extensions ['cmake', 'python']
[8.601s] Level 1:colcon.colcon_core.package_identification:_identify(CMakeFiles/listener.dir) by extension 'cmake'
[8.601s] Level 1:colcon.colcon_core.package_identification:_identify(CMakeFiles/listener.dir) by extension 'python'
[8.602s] Level 1:colcon.colcon_core.package_identification:_identify(CMakeFiles/listener.dir) by extensions ['python_setup_py']
[8.602s] Level 1:colcon.colcon_core.package_identification:_identify(CMakeFiles/listener.dir) by extension 'python_setup_py'
[8.603s] Level 1:colcon.colcon_core.package_identification:_identify(CMakeFiles/listener.dir/src) by extensions ['ignore', 'ignore_ament_install']
[8.604s] Level 1:colcon.colcon_core.package_identification:_identify(CMakeFiles/listener.dir/src) by extension 'ignore'
[8.604s] Level 1:colcon.colcon_core.package_identification:_identify(CMakeFiles/listener.dir/src) by extension 'ignore_ament_install'
[8.604s] Level 1:colcon.colcon_core.package_identification:_identify(CMakeFiles/listener.dir/src) by extensions ['colcon_pkg']
[8.604s] Level 1:colcon.colcon_core.package_identification:_identify(CMakeFiles/listener.dir/src) by extension 'colcon_pkg'
[8.605s] Level 1:colcon.colcon_core.package_identification:_identify(CMakeFiles/listener.dir/src) by extensions ['colcon_meta']
[8.605s] Level 1:colcon.colcon_core.package_identification:_identify(CMakeFiles/listener.dir/src) by extension 'colcon_meta'
[8.605s] Level 1:colcon.colcon_core.package_identification:_identify(CMakeFiles/listener.dir/src) by extensions ['ros']
[8.605s] Level 1:colcon.colcon_core.package_identification:_identify(CMakeFiles/listener.dir/src) by extension 'ros'
[8.606s] Level 1:colcon.colcon_core.package_identification:_identify(CMakeFiles/listener.dir/src) by extensions ['cmake', 'python']
[8.606s] Level 1:colcon.colcon_core.package_identification:_identify(CMakeFiles/listener.dir/src) by extension 'cmake'
[8.606s] Level 1:colcon.colcon_core.package_identification:_identify(CMakeFiles/listener.dir/src) by extension 'python'
[8.607s] Level 1:colcon.colcon_core.package_identification:_identify(CMakeFiles/listener.dir/src) by extensions ['python_setup_py']
[8.607s] Level 1:colcon.colcon_core.package_identification:_identify(CMakeFiles/listener.dir/src) by extension 'python_setup_py'
[8.608s] Level 1:colcon.colcon_core.package_identification:_identify(CMakeFiles/my_cpp_node.dir) by extensions ['ignore', 'ignore_ament_install']
[8.609s] Level 1:colcon.colcon_core.package_identification:_identify(CMakeFiles/my_cpp_node.dir) by extension 'ignore'
[8.609s] Level 1:colcon.colcon_core.package_identification:_identify(CMakeFiles/my_cpp_node.dir) by extension 'ignore_ament_install'
[8.610s] Level 1:colcon.colcon_core.package_identification:_identify(CMakeFiles/my_cpp_node.dir) by extensions ['colcon_pkg']
[8.610s] Level 1:colcon.colcon_core.package_identification:_identify(CMakeFiles/my_cpp_node.dir) by extension 'colcon_pkg'
[8.610s] Level 1:colcon.colcon_core.package_identification:_identify(CMakeFiles/my_cpp_node.dir) by extensions ['colcon_meta']
[8.611s] Level 1:colcon.colcon_core.package_identification:_identify(CMakeFiles/my_cpp_node.dir) by extension 'colcon_meta'
[8.612s] Level 1:colcon.colcon_core.package_identification:_identify(CMakeFiles/my_cpp_node.dir) by extensions ['ros']
[8.613s] Level 1:colcon.colcon_core.package_identification:_identify(CMakeFiles/my_cpp_node.dir) by extension 'ros'
[8.614s] Level 1:colcon.colcon_core.package_identification:_identify(CMakeFiles/my_cpp_node.dir) by extensions ['cmake', 'python']
[8.614s] Level 1:colcon.colcon_core.package_identification:_identify(CMakeFiles/my_cpp_node.dir) by extension 'cmake'
[8.615s] Level 1:colcon.colcon_core.package_identification:_identify(CMakeFiles/my_cpp_node.dir) by extension 'python'
[8.615s] Level 1:colcon.colcon_core.package_identification:_identify(CMakeFiles/my_cpp_node.dir) by extensions ['python_setup_py']
[8.615s] Level 1:colcon.colcon_core.package_identification:_identify(CMakeFiles/my_cpp_node.dir) by extension 'python_setup_py'
[8.616s] Level 1:colcon.colcon_core.package_identification:_identify(CMakeFiles/my_cpp_node.dir/src) by extensions ['ignore', 'ignore_ament_install']
[8.617s] Level 1:colcon.colcon_core.package_identification:_identify(CMakeFiles/my_cpp_node.dir/src) by extension 'ignore'
[8.617s] Level 1:colcon.colcon_core.package_identification:_identify(CMakeFiles/my_cpp_node.dir/src) by extension 'ignore_ament_install'
[8.617s] Level 1:colcon.colcon_core.package_identification:_identify(CMakeFiles/my_cpp_node.dir/src) by extensions ['colcon_pkg']
[8.617s] Level 1:colcon.colcon_core.package_identification:_identify(CMakeFiles/my_cpp_node.dir/src) by extension 'colcon_pkg'
[8.617s] Level 1:colcon.colcon_core.package_identification:_identify(CMakeFiles/my_cpp_node.dir/src) by extensions ['colcon_meta']
[8.618s] Level 1:colcon.colcon_core.package_identification:_identify(CMakeFiles/my_cpp_node.dir/src) by extension 'colcon_meta'
[8.618s] Level 1:colcon.colcon_core.package_identification:_identify(CMakeFiles/my_cpp_node.dir/src) by extensions ['ros']
[8.618s] Level 1:colcon.colcon_core.package_identification:_identify(CMakeFiles/my_cpp_node.dir/src) by extension 'ros'
[8.618s] Level 1:colcon.colcon_core.package_identification:_identify(CMakeFiles/my_cpp_node.dir/src) by extensions ['cmake', 'python']
[8.618s] Level 1:colcon.colcon_core.package_identification:_identify(CMakeFiles/my_cpp_node.dir/src) by extension 'cmake'
[8.618s] Level 1:colcon.colcon_core.package_identification:_identify(CMakeFiles/my_cpp_node.dir/src) by extension 'python'
[8.618s] Level 1:colcon.colcon_core.package_identification:_identify(CMakeFiles/my_cpp_node.dir/src) by extensions ['python_setup_py']
[8.618s] Level 1:colcon.colcon_core.package_identification:_identify(CMakeFiles/my_cpp_node.dir/src) by extension 'python_setup_py'
[8.619s] Level 1:colcon.colcon_core.package_identification:_identify(CMakeFiles/my_cpp_py_pkg_uninstall.dir) by extensions ['ignore', 'ignore_ament_install']
[8.619s] Level 1:colcon.colcon_core.package_identification:_identify(CMakeFiles/my_cpp_py_pkg_uninstall.dir) by extension 'ignore'
[8.619s] Level 1:colcon.colcon_core.package_identification:_identify(CMakeFiles/my_cpp_py_pkg_uninstall.dir) by extension 'ignore_ament_install'
[8.620s] Level 1:colcon.colcon_core.package_identification:_identify(CMakeFiles/my_cpp_py_pkg_uninstall.dir) by extensions ['colcon_pkg']
[8.620s] Level 1:colcon.colcon_core.package_identification:_identify(CMakeFiles/my_cpp_py_pkg_uninstall.dir) by extension 'colcon_pkg'
[8.620s] Level 1:colcon.colcon_core.package_identification:_identify(CMakeFiles/my_cpp_py_pkg_uninstall.dir) by extensions ['colcon_meta']
[8.621s] Level 1:colcon.colcon_core.package_identification:_identify(CMakeFiles/my_cpp_py_pkg_uninstall.dir) by extension 'colcon_meta'
[8.621s] Level 1:colcon.colcon_core.package_identification:_identify(CMakeFiles/my_cpp_py_pkg_uninstall.dir) by extensions ['ros']
[8.621s] Level 1:colcon.colcon_core.package_identification:_identify(CMakeFiles/my_cpp_py_pkg_uninstall.dir) by extension 'ros'
[8.622s] Level 1:colcon.colcon_core.package_identification:_identify(CMakeFiles/my_cpp_py_pkg_uninstall.dir) by extensions ['cmake', 'python']
[8.622s] Level 1:colcon.colcon_core.package_identification:_identify(CMakeFiles/my_cpp_py_pkg_uninstall.dir) by extension 'cmake'
[8.622s] Level 1:colcon.colcon_core.package_identification:_identify(CMakeFiles/my_cpp_py_pkg_uninstall.dir) by extension 'python'
[8.623s] Level 1:colcon.colcon_core.package_identification:_identify(CMakeFiles/my_cpp_py_pkg_uninstall.dir) by extensions ['python_setup_py']
[8.623s] Level 1:colcon.colcon_core.package_identification:_identify(CMakeFiles/my_cpp_py_pkg_uninstall.dir) by extension 'python_setup_py'
[8.623s] Level 1:colcon.colcon_core.package_identification:_identify(CMakeFiles/talker.dir) by extensions ['ignore', 'ignore_ament_install']
[8.624s] Level 1:colcon.colcon_core.package_identification:_identify(CMakeFiles/talker.dir) by extension 'ignore'
[8.624s] Level 1:colcon.colcon_core.package_identification:_identify(CMakeFiles/talker.dir) by extension 'ignore_ament_install'
[8.624s] Level 1:colcon.colcon_core.package_identification:_identify(CMakeFiles/talker.dir) by extensions ['colcon_pkg']
[8.624s] Level 1:colcon.colcon_core.package_identification:_identify(CMakeFiles/talker.dir) by extension 'colcon_pkg'
[8.625s] Level 1:colcon.colcon_core.package_identification:_identify(CMakeFiles/talker.dir) by extensions ['colcon_meta']
[8.625s] Level 1:colcon.colcon_core.package_identification:_identify(CMakeFiles/talker.dir) by extension 'colcon_meta'
[8.625s] Level 1:colcon.colcon_core.package_identification:_identify(CMakeFiles/talker.dir) by extensions ['ros']
[8.625s] Level 1:colcon.colcon_core.package_identification:_identify(CMakeFiles/talker.dir) by extension 'ros'
[8.626s] Level 1:colcon.colcon_core.package_identification:_identify(CMakeFiles/talker.dir) by extensions ['cmake', 'python']
[8.626s] Level 1:colcon.colcon_core.package_identification:_identify(CMakeFiles/talker.dir) by extension 'cmake'
[8.626s] Level 1:colcon.colcon_core.package_identification:_identify(CMakeFiles/talker.dir) by extension 'python'
[8.626s] Level 1:colcon.colcon_core.package_identification:_identify(CMakeFiles/talker.dir) by extensions ['python_setup_py']
[8.626s] Level 1:colcon.colcon_core.package_identification:_identify(CMakeFiles/talker.dir) by extension 'python_setup_py'
[8.627s] Level 1:colcon.colcon_core.package_identification:_identify(CMakeFiles/talker.dir/src) by extensions ['ignore', 'ignore_ament_install']
[8.627s] Level 1:colcon.colcon_core.package_identification:_identify(CMakeFiles/talker.dir/src) by extension 'ignore'
[8.627s] Level 1:colcon.colcon_core.package_identification:_identify(CMakeFiles/talker.dir/src) by extension 'ignore_ament_install'
[8.627s] Level 1:colcon.colcon_core.package_identification:_identify(CMakeFiles/talker.dir/src) by extensions ['colcon_pkg']
[8.627s] Level 1:colcon.colcon_core.package_identification:_identify(CMakeFiles/talker.dir/src) by extension 'colcon_pkg'
[8.627s] Level 1:colcon.colcon_core.package_identification:_identify(CMakeFiles/talker.dir/src) by extensions ['colcon_meta']
[8.627s] Level 1:colcon.colcon_core.package_identification:_identify(CMakeFiles/talker.dir/src) by extension 'colcon_meta'
[8.628s] Level 1:colcon.colcon_core.package_identification:_identify(CMakeFiles/talker.dir/src) by extensions ['ros']
[8.630s] Level 1:colcon.colcon_core.package_identification:_identify(CMakeFiles/talker.dir/src) by extension 'ros'
[8.631s] Level 1:colcon.colcon_core.package_identification:_identify(CMakeFiles/talker.dir/src) by extensions ['cmake', 'python']
[8.632s] Level 1:colcon.colcon_core.package_identification:_identify(CMakeFiles/talker.dir/src) by extension 'cmake'
[8.633s] Level 1:colcon.colcon_core.package_identification:_identify(CMakeFiles/talker.dir/src) by extension 'python'
[8.633s] Level 1:colcon.colcon_core.package_identification:_identify(CMakeFiles/talker.dir/src) by extensions ['python_setup_py']
[8.634s] Level 1:colcon.colcon_core.package_identification:_identify(CMakeFiles/talker.dir/src) by extension 'python_setup_py'
[8.635s] Level 1:colcon.colcon_core.package_identification:_identify(CMakeFiles/uninstall.dir) by extensions ['ignore', 'ignore_ament_install']
[8.635s] Level 1:colcon.colcon_core.package_identification:_identify(CMakeFiles/uninstall.dir) by extension 'ignore'
[8.635s] Level 1:colcon.colcon_core.package_identification:_identify(CMakeFiles/uninstall.dir) by extension 'ignore_ament_install'
[8.637s] Level 1:colcon.colcon_core.package_identification:_identify(CMakeFiles/uninstall.dir) by extensions ['colcon_pkg']
[8.639s] Level 1:colcon.colcon_core.package_identification:_identify(CMakeFiles/uninstall.dir) by extension 'colcon_pkg'
[8.640s] Level 1:colcon.colcon_core.package_identification:_identify(CMakeFiles/uninstall.dir) by extensions ['colcon_meta']
[8.640s] Level 1:colcon.colcon_core.package_identification:_identify(CMakeFiles/uninstall.dir) by extension 'colcon_meta'
[8.641s] Level 1:colcon.colcon_core.package_identification:_identify(CMakeFiles/uninstall.dir) by extensions ['ros']
[8.642s] Level 1:colcon.colcon_core.package_identification:_identify(CMakeFiles/uninstall.dir) by extension 'ros'
[8.642s] Level 1:colcon.colcon_core.package_identification:_identify(CMakeFiles/uninstall.dir) by extensions ['cmake', 'python']
[8.642s] Level 1:colcon.colcon_core.package_identification:_identify(CMakeFiles/uninstall.dir) by extension 'cmake'
[8.643s] Level 1:colcon.colcon_core.package_identification:_identify(CMakeFiles/uninstall.dir) by extension 'python'
[8.643s] Level 1:colcon.colcon_core.package_identification:_identify(CMakeFiles/uninstall.dir) by extensions ['python_setup_py']
[8.645s] Level 1:colcon.colcon_core.package_identification:_identify(CMakeFiles/uninstall.dir) by extension 'python_setup_py'
[8.648s] Level 1:colcon.colcon_core.package_identification:_identify(build) by extensions ['ignore', 'ignore_ament_install']
[8.649s] Level 1:colcon.colcon_core.package_identification:_identify(build) by extension 'ignore'
[8.649s] Level 1:colcon.colcon_core.package_identification:_identify(build) ignored
[8.650s] Level 1:colcon.colcon_core.package_identification:_identify(install) by extensions ['ignore', 'ignore_ament_install']
[8.650s] Level 1:colcon.colcon_core.package_identification:_identify(install) by extension 'ignore'
[8.650s] Level 1:colcon.colcon_core.package_identification:_identify(install) ignored
[8.651s] Level 1:colcon.colcon_core.package_identification:_identify(log) by extensions ['ignore', 'ignore_ament_install']
[8.651s] Level 1:colcon.colcon_core.package_identification:_identify(log) by extension 'ignore'
[8.651s] Level 1:colcon.colcon_core.package_identification:_identify(log) ignored
[8.652s] Level 1:colcon.colcon_core.package_identification:_identify(src) by extensions ['ignore', 'ignore_ament_install']
[8.653s] Level 1:colcon.colcon_core.package_identification:_identify(src) by extension 'ignore'
[8.653s] Level 1:colcon.colcon_core.package_identification:_identify(src) by extension 'ignore_ament_install'
[8.653s] Level 1:colcon.colcon_core.package_identification:_identify(src) by extensions ['colcon_pkg']
[8.654s] Level 1:colcon.colcon_core.package_identification:_identify(src) by extension 'colcon_pkg'
[8.654s] Level 1:colcon.colcon_core.package_identification:_identify(src) by extensions ['colcon_meta']
[8.654s] Level 1:colcon.colcon_core.package_identification:_identify(src) by extension 'colcon_meta'
[8.655s] Level 1:colcon.colcon_core.package_identification:_identify(src) by extensions ['ros']
[8.655s] Level 1:colcon.colcon_core.package_identification:_identify(src) by extension 'ros'
[8.656s] Level 1:colcon.colcon_core.package_identification:_identify(src) by extensions ['cmake', 'python']
[8.657s] Level 1:colcon.colcon_core.package_identification:_identify(src) by extension 'cmake'
[8.659s] Level 1:colcon.colcon_core.package_identification:_identify(src) by extension 'python'
[8.660s] Level 1:colcon.colcon_core.package_identification:_identify(src) by extensions ['python_setup_py']
[8.660s] Level 1:colcon.colcon_core.package_identification:_identify(src) by extension 'python_setup_py'
[8.662s] Level 1:colcon.colcon_core.package_identification:_identify(src/my_cpp_py_pkg) by extensions ['ignore', 'ignore_ament_install']
[8.663s] Level 1:colcon.colcon_core.package_identification:_identify(src/my_cpp_py_pkg) by extension 'ignore'
[8.663s] Level 1:colcon.colcon_core.package_identification:_identify(src/my_cpp_py_pkg) by extension 'ignore_ament_install'
[8.664s] Level 1:colcon.colcon_core.package_identification:_identify(src/my_cpp_py_pkg) by extensions ['colcon_pkg']
[8.664s] Level 1:colcon.colcon_core.package_identification:_identify(src/my_cpp_py_pkg) by extension 'colcon_pkg'
[8.665s] Level 1:colcon.colcon_core.package_identification:_identify(src/my_cpp_py_pkg) by extensions ['colcon_meta']
[8.665s] Level 1:colcon.colcon_core.package_identification:_identify(src/my_cpp_py_pkg) by extension 'colcon_meta'
[8.665s] Level 1:colcon.colcon_core.package_identification:_identify(src/my_cpp_py_pkg) by extensions ['ros']
[8.665s] Level 1:colcon.colcon_core.package_identification:_identify(src/my_cpp_py_pkg) by extension 'ros'
[8.684s] DEBUG:colcon.colcon_core.package_identification:Package 'src/my_cpp_py_pkg' with type 'ros.ament_cmake' and name 'my_cpp_py_pkg'
[8.684s] Level 1:colcon.colcon_core.package_discovery:discover_packages(recursive) using defaults
[8.685s] Level 1:colcon.colcon_core.package_discovery:discover_packages(ignore) discover
[8.685s] Level 1:colcon.colcon_core.package_discovery:discover_packages(ignore) using defaults
[8.685s] Level 1:colcon.colcon_core.package_discovery:discover_packages(path) discover
[8.685s] Level 1:colcon.colcon_core.package_discovery:discover_packages(path) using defaults
[8.834s] Level 1:colcon.colcon_core.package_discovery:discover_packages(prefix_path) check parameters
[8.834s] Level 1:colcon.colcon_core.package_discovery:discover_packages(prefix_path) discover
[8.858s] DEBUG:colcon.colcon_installed_package_information.package_discovery:Found 2 installed packages in /home/emelie/ba_ws_com/install
[8.864s] DEBUG:colcon.colcon_installed_package_information.package_discovery:Found 12 installed packages in /home/emelie/ba_ws/install
[8.869s] DEBUG:colcon.colcon_installed_package_information.package_discovery:Found 14 installed packages in /home/emelie/install
[8.872s] DEBUG:colcon.colcon_installed_package_information.package_discovery:Found 0 installed packages in /home/emelie/ba_ws/src/ba_roslab/ba_roslab/install
[8.877s] DEBUG:colcon.colcon_installed_package_information.package_discovery:Found 280 installed packages in /opt/ros/foxy
[8.923s] Level 1:colcon.colcon_core.package_discovery:discover_packages(prefix_path) using defaults
[9.389s] Level 5:colcon.colcon_core.verb:set package 'my_cpp_py_pkg' build argument 'cmake_args' from command line to 'None'
[9.390s] Level 5:colcon.colcon_core.verb:set package 'my_cpp_py_pkg' build argument 'cmake_target' from command line to 'None'
[9.390s] Level 5:colcon.colcon_core.verb:set package 'my_cpp_py_pkg' build argument 'cmake_target_skip_unavailable' from command line to 'False'
[9.390s] Level 5:colcon.colcon_core.verb:set package 'my_cpp_py_pkg' build argument 'cmake_clean_cache' from command line to 'False'
[9.390s] Level 5:colcon.colcon_core.verb:set package 'my_cpp_py_pkg' build argument 'cmake_clean_first' from command line to 'False'
[9.390s] Level 5:colcon.colcon_core.verb:set package 'my_cpp_py_pkg' build argument 'cmake_force_configure' from command line to 'False'
[9.390s] Level 5:colcon.colcon_core.verb:set package 'my_cpp_py_pkg' build argument 'ament_cmake_args' from command line to 'None'
[9.390s] Level 5:colcon.colcon_core.verb:set package 'my_cpp_py_pkg' build argument 'catkin_cmake_args' from command line to 'None'
[9.390s] Level 5:colcon.colcon_core.verb:set package 'my_cpp_py_pkg' build argument 'catkin_skip_building_tests' from command line to 'False'
[9.390s] DEBUG:colcon.colcon_core.verb:Building package 'my_cpp_py_pkg' with the following arguments: {'ament_cmake_args': None, 'build_base': '/home/emelie/ba_ws_com/build/my_cpp_py_pkg', 'catkin_cmake_args': None, 'catkin_skip_building_tests': False, 'cmake_args': None, 'cmake_clean_cache': False, 'cmake_clean_first': False, 'cmake_force_configure': False, 'cmake_target': None, 'cmake_target_skip_unavailable': False, 'install_base': '/home/emelie/ba_ws_com/install/my_cpp_py_pkg', 'merge_install': False, 'path': '/home/emelie/ba_ws_com/src/my_cpp_py_pkg', 'symlink_install': False, 'test_result_base': None}
[9.391s] INFO:colcon.colcon_core.executor:Executing jobs using 'parallel' executor
[9.410s] DEBUG:colcon.colcon_parallel_executor.executor.parallel:run_until_complete
[9.414s] INFO:colcon.colcon_ros.task.ament_cmake.build:Building ROS package in '/home/emelie/ba_ws_com/src/my_cpp_py_pkg' with build type 'ament_cmake'
[9.415s] INFO:colcon.colcon_cmake.task.cmake.build:Building CMake package in '/home/emelie/ba_ws_com/src/my_cpp_py_pkg'
[9.437s] INFO:colcon.colcon_core.plugin_system:Skipping extension 'colcon_core.shell.bat': Not used on non-Windows systems
[9.437s] INFO:colcon.colcon_core.shell:Skip shell extension 'powershell' for command environment: Not usable outside of PowerShell
[9.438s] DEBUG:colcon.colcon_core.shell:Skip shell extension 'dsv' for command environment
[9.583s] DEBUG:colcon.colcon_core.event_handler.log_command:Invoking command in '/home/emelie/ba_ws_com/build/my_cpp_py_pkg': CMAKE_PREFIX_PATH=${CMAKE_PREFIX_PATH}:/home/emelie/ba_ws/install/f1tenth_stack:/home/emelie/ba_ws/install/joy_teleop:/home/emelie/ba_ws/install/mouse_teleop:/home/emelie/ba_ws/install/key_teleop:/home/emelie/ba_ws/install/ba_roslab:/home/emelie/install/f1tenth_stack:/home/emelie/install/joy_teleop:/home/emelie/install/mouse_teleop:/home/emelie/install/key_teleop:/home/emelie/install/f1tenth_gym_ros:/home/emelie/install/ba_roslab:/opt/ros/foxy /usr/bin/cmake --build /home/emelie/ba_ws_com/build/my_cpp_py_pkg -- -j4 -l4
[109.911s] DEBUG:colcon.colcon_core.event_handler.log_command:Invoked command in '/home/emelie/ba_ws_com/build/my_cpp_py_pkg' returned '0': CMAKE_PREFIX_PATH=${CMAKE_PREFIX_PATH}:/home/emelie/ba_ws/install/f1tenth_stack:/home/emelie/ba_ws/install/joy_teleop:/home/emelie/ba_ws/install/mouse_teleop:/home/emelie/ba_ws/install/key_teleop:/home/emelie/ba_ws/install/ba_roslab:/home/emelie/install/f1tenth_stack:/home/emelie/install/joy_teleop:/home/emelie/install/mouse_teleop:/home/emelie/install/key_teleop:/home/emelie/install/f1tenth_gym_ros:/home/emelie/install/ba_roslab:/opt/ros/foxy /usr/bin/cmake --build /home/emelie/ba_ws_com/build/my_cpp_py_pkg -- -j4 -l4
[110.123s] DEBUG:colcon.colcon_core.event_handler.log_command:Invoking command in '/home/emelie/ba_ws_com/build/my_cpp_py_pkg': CMAKE_PREFIX_PATH=${CMAKE_PREFIX_PATH}:/home/emelie/ba_ws/install/f1tenth_stack:/home/emelie/ba_ws/install/joy_teleop:/home/emelie/ba_ws/install/mouse_teleop:/home/emelie/ba_ws/install/key_teleop:/home/emelie/ba_ws/install/ba_roslab:/home/emelie/install/f1tenth_stack:/home/emelie/install/joy_teleop:/home/emelie/install/mouse_teleop:/home/emelie/install/key_teleop:/home/emelie/install/f1tenth_gym_ros:/home/emelie/install/ba_roslab:/opt/ros/foxy /usr/bin/cmake --install /home/emelie/ba_ws_com/build/my_cpp_py_pkg
[110.332s] Level 1:colcon.colcon_core.environment:create_environment_scripts_only(my_cpp_py_pkg)
[110.345s] DEBUG:colcon.colcon_core.event_handler.log_command:Invoked command in '/home/emelie/ba_ws_com/build/my_cpp_py_pkg' returned '0': CMAKE_PREFIX_PATH=${CMAKE_PREFIX_PATH}:/home/emelie/ba_ws/install/f1tenth_stack:/home/emelie/ba_ws/install/joy_teleop:/home/emelie/ba_ws/install/mouse_teleop:/home/emelie/ba_ws/install/key_teleop:/home/emelie/ba_ws/install/ba_roslab:/home/emelie/install/f1tenth_stack:/home/emelie/install/joy_teleop:/home/emelie/install/mouse_teleop:/home/emelie/install/key_teleop:/home/emelie/install/f1tenth_gym_ros:/home/emelie/install/ba_roslab:/opt/ros/foxy /usr/bin/cmake --install /home/emelie/ba_ws_com/build/my_cpp_py_pkg
[110.457s] Level 1:colcon.colcon_core.environment:checking '/home/emelie/ba_ws_com/install/my_cpp_py_pkg' for CMake module files
[110.463s] Level 1:colcon.colcon_core.environment:checking '/home/emelie/ba_ws_com/install/my_cpp_py_pkg' for CMake config files
[110.464s] Level 1:colcon.colcon_core.shell:create_environment_hook('my_cpp_py_pkg', 'cmake_prefix_path')
[110.467s] INFO:colcon.colcon_core.shell:Creating environment hook '/home/emelie/ba_ws_com/install/my_cpp_py_pkg/share/my_cpp_py_pkg/hook/cmake_prefix_path.ps1'
[110.492s] INFO:colcon.colcon_core.shell:Creating environment descriptor '/home/emelie/ba_ws_com/install/my_cpp_py_pkg/share/my_cpp_py_pkg/hook/cmake_prefix_path.dsv'
[110.496s] INFO:colcon.colcon_core.shell:Creating environment hook '/home/emelie/ba_ws_com/install/my_cpp_py_pkg/share/my_cpp_py_pkg/hook/cmake_prefix_path.sh'
[110.509s] Level 1:colcon.colcon_core.environment:checking '/home/emelie/ba_ws_com/install/my_cpp_py_pkg/lib'
[110.512s] Level 1:colcon.colcon_core.environment:checking '/home/emelie/ba_ws_com/install/my_cpp_py_pkg/bin'
[110.513s] Level 1:colcon.colcon_core.environment:checking '/home/emelie/ba_ws_com/install/my_cpp_py_pkg/lib/pkgconfig/my_cpp_py_pkg.pc'
[110.517s] Level 1:colcon.colcon_core.environment:checking '/home/emelie/ba_ws_com/install/my_cpp_py_pkg/lib/python3.8/site-packages'
[110.518s] Level 1:colcon.colcon_core.environment:checking '/home/emelie/ba_ws_com/install/my_cpp_py_pkg/bin'
[110.518s] INFO:colcon.colcon_core.shell:Creating package script '/home/emelie/ba_ws_com/install/my_cpp_py_pkg/share/my_cpp_py_pkg/package.ps1'
[110.523s] INFO:colcon.colcon_core.shell:Creating package descriptor '/home/emelie/ba_ws_com/install/my_cpp_py_pkg/share/my_cpp_py_pkg/package.dsv'
[110.526s] INFO:colcon.colcon_core.shell:Creating package script '/home/emelie/ba_ws_com/install/my_cpp_py_pkg/share/my_cpp_py_pkg/package.sh'
[110.532s] INFO:colcon.colcon_core.shell:Creating package script '/home/emelie/ba_ws_com/install/my_cpp_py_pkg/share/my_cpp_py_pkg/package.bash'
[110.536s] INFO:colcon.colcon_core.shell:Creating package script '/home/emelie/ba_ws_com/install/my_cpp_py_pkg/share/my_cpp_py_pkg/package.zsh'
[110.541s] Level 1:colcon.colcon_core.environment:create_file_with_runtime_dependencies(/home/emelie/ba_ws_com/install/my_cpp_py_pkg/share/colcon-core/packages/my_cpp_py_pkg)
[110.669s] Level 1:colcon.colcon_core.environment:create_environment_scripts_only(my_cpp_py_pkg)
[110.670s] Level 1:colcon.colcon_core.environment:checking '/home/emelie/ba_ws_com/install/my_cpp_py_pkg' for CMake module files
[110.671s] Level 1:colcon.colcon_core.environment:checking '/home/emelie/ba_ws_com/install/my_cpp_py_pkg' for CMake config files
[110.672s] Level 1:colcon.colcon_core.shell:create_environment_hook('my_cpp_py_pkg', 'cmake_prefix_path')
[110.672s] INFO:colcon.colcon_core.shell:Creating environment hook '/home/emelie/ba_ws_com/install/my_cpp_py_pkg/share/my_cpp_py_pkg/hook/cmake_prefix_path.ps1'
[110.675s] INFO:colcon.colcon_core.shell:Creating environment descriptor '/home/emelie/ba_ws_com/install/my_cpp_py_pkg/share/my_cpp_py_pkg/hook/cmake_prefix_path.dsv'
[110.679s] INFO:colcon.colcon_core.shell:Creating environment hook '/home/emelie/ba_ws_com/install/my_cpp_py_pkg/share/my_cpp_py_pkg/hook/cmake_prefix_path.sh'
[110.682s] Level 1:colcon.colcon_core.environment:checking '/home/emelie/ba_ws_com/install/my_cpp_py_pkg/lib'
[110.682s] Level 1:colcon.colcon_core.environment:checking '/home/emelie/ba_ws_com/install/my_cpp_py_pkg/bin'
[110.682s] Level 1:colcon.colcon_core.environment:checking '/home/emelie/ba_ws_com/install/my_cpp_py_pkg/lib/pkgconfig/my_cpp_py_pkg.pc'
[110.683s] Level 1:colcon.colcon_core.environment:checking '/home/emelie/ba_ws_com/install/my_cpp_py_pkg/lib/python3.8/site-packages'
[110.683s] Level 1:colcon.colcon_core.environment:checking '/home/emelie/ba_ws_com/install/my_cpp_py_pkg/bin'
[110.683s] INFO:colcon.colcon_core.shell:Creating package script '/home/emelie/ba_ws_com/install/my_cpp_py_pkg/share/my_cpp_py_pkg/package.ps1'
[110.685s] INFO:colcon.colcon_core.shell:Creating package descriptor '/home/emelie/ba_ws_com/install/my_cpp_py_pkg/share/my_cpp_py_pkg/package.dsv'
[110.686s] INFO:colcon.colcon_core.shell:Creating package script '/home/emelie/ba_ws_com/install/my_cpp_py_pkg/share/my_cpp_py_pkg/package.sh'
[110.688s] INFO:colcon.colcon_core.shell:Creating package script '/home/emelie/ba_ws_com/install/my_cpp_py_pkg/share/my_cpp_py_pkg/package.bash'
[110.692s] INFO:colcon.colcon_core.shell:Creating package script '/home/emelie/ba_ws_com/install/my_cpp_py_pkg/share/my_cpp_py_pkg/package.zsh'
[110.694s] Level 1:colcon.colcon_core.environment:create_file_with_runtime_dependencies(/home/emelie/ba_ws_com/install/my_cpp_py_pkg/share/colcon-core/packages/my_cpp_py_pkg)
[110.700s] DEBUG:colcon.colcon_parallel_executor.executor.parallel:closing loop
[110.705s] DEBUG:colcon.colcon_parallel_executor.executor.parallel:loop closed
[110.707s] DEBUG:colcon.colcon_parallel_executor.executor.parallel:run_until_complete finished with '0'
[110.708s] DEBUG:colcon.colcon_core.event_reactor:joining thread
[110.949s] INFO:colcon.colcon_core.plugin_system:Skipping extension 'colcon_notification.desktop_notification.notify_send': Could not find 'notify-send'
[110.950s] INFO:colcon.colcon_core.plugin_system:Skipping extension 'colcon_notification.desktop_notification.terminal_notifier': Not used on non-Darwin systems
[110.950s] INFO:colcon.colcon_core.plugin_system:Skipping extension 'colcon_notification.desktop_notification.win32': Not used on non-Windows systems
[110.950s] INFO:colcon.colcon_notification.desktop_notification:Sending desktop notification using 'notify2'
[110.989s] DEBUG:colcon.colcon_notification.desktop_notification.notify2:Failed to initialize notify2: org.freedesktop.DBus.Error.ServiceUnknown: The name org.freedesktop.Notifications was not provided by any .service files
[110.989s] DEBUG:colcon.colcon_core.event_reactor:joined thread
[110.991s] INFO:colcon.colcon_core.shell:Creating prefix script '/home/emelie/ba_ws_com/install/local_setup.ps1'
[110.995s] INFO:colcon.colcon_core.shell:Creating prefix util module '/home/emelie/ba_ws_com/install/_local_setup_util_ps1.py'
[110.999s] INFO:colcon.colcon_core.shell:Creating prefix chain script '/home/emelie/ba_ws_com/install/setup.ps1'
[111.016s] INFO:colcon.colcon_core.shell:Creating prefix script '/home/emelie/ba_ws_com/install/local_setup.sh'
[111.019s] INFO:colcon.colcon_core.shell:Creating prefix util module '/home/emelie/ba_ws_com/install/_local_setup_util_sh.py'
[111.021s] INFO:colcon.colcon_core.shell:Creating prefix chain script '/home/emelie/ba_ws_com/install/setup.sh'
[111.024s] INFO:colcon.colcon_core.shell:Creating prefix script '/home/emelie/ba_ws_com/install/local_setup.bash'
[111.026s] INFO:colcon.colcon_core.shell:Creating prefix chain script '/home/emelie/ba_ws_com/install/setup.bash'
[111.032s] INFO:colcon.colcon_core.shell:Creating prefix script '/home/emelie/ba_ws_com/install/local_setup.zsh'
[111.035s] INFO:colcon.colcon_core.shell:Creating prefix chain script '/home/emelie/ba_ws_com/install/setup.zsh'
