[0.028s] Invoking command in '/home/emelie/ba_ws_com/build/my_cpp_py_pkg': CMAKE_PREFIX_PATH=${CMAKE_PREFIX_PATH}:/home/emelie/ba_ws/install/f1tenth_stack:/home/emelie/ba_ws/install/joy_teleop:/home/emelie/ba_ws/install/mouse_teleop:/home/emelie/ba_ws/install/key_teleop:/home/emelie/ba_ws/install/ba_roslab:/home/emelie/install/f1tenth_stack:/home/emelie/install/joy_teleop:/home/emelie/install/mouse_teleop:/home/emelie/install/key_teleop:/home/emelie/install/f1tenth_gym_ros:/home/emelie/install/ba_roslab:/opt/ros/foxy /usr/bin/cmake --build /home/emelie/ba_ws_com/build/my_cpp_py_pkg -- -j4 -l4
[0.080s] -- Found ament_cmake: 0.9.12 (/opt/ros/foxy/share/ament_cmake/cmake)
[0.122s] -- Using PYTHON_EXECUTABLE: /usr/bin/python3
[0.498s] -- Found rclcpp: 2.4.3 (/opt/ros/foxy/share/rclcpp/cmake)
[0.648s] -- Using all available rosidl_typesupport_c: rosidl_typesupport_fastrtps_c;rosidl_typesupport_introspection_c
[0.652s] -- Found rosidl_adapter: 1.3.1 (/opt/ros/foxy/share/rosidl_adapter/cmake)
[3.849s] -- Using all available rosidl_typesupport_cpp: rosidl_typesupport_fastrtps_cpp;rosidl_typesupport_introspection_cpp
[3.909s] -- Found rmw_implementation_cmake: 1.0.4 (/opt/ros/foxy/share/rmw_implementation_cmake/cmake)
[3.912s] -- Using RMW implementation 'rmw_fastrtps_cpp' as default
[4.127s] -- Found visualization_msgs: 2.0.5 (/opt/ros/foxy/share/visualization_msgs/cmake)
[4.291s] -- Found nav_msgs: 2.0.5 (/opt/ros/foxy/share/nav_msgs/cmake)
[4.386s] -- Found ackermann_msgs: 2.0.2 (/opt/ros/foxy/share/ackermann_msgs/cmake)
[4.434s] -- Found ament_lint_auto: 0.9.8 (/opt/ros/foxy/share/ament_lint_auto/cmake)
[4.538s] -- Added test 'copyright' to check source files copyright and LICENSE
[4.542s] -- Added test 'cppcheck' to perform static code analysis on C / C++ code
[4.542s] -- Configured cppcheck include dirs: $<BUILD_INTERFACE:/home/emelie/ba_ws_com/src/my_cpp_py_pkg/include>
[4.542s] -- Configured cppcheck exclude dirs and/or files: 
[4.544s] -- Added test 'cpplint' to check C / C++ code against the Google style
[4.544s] -- Configured cpplint exclude dirs and/or files: 
[4.545s] -- Added test 'lint_cmake' to check CMake code style
[4.547s] -- Added test 'uncrustify' to check C / C++ code style
[4.547s] -- Configured uncrustify additional arguments: 
[4.548s] -- Added test 'xmllint' to check XML markup files
[4.553s] -- Configuring done
[4.593s] -- Generating done
[4.596s] -- Build files have been written to: /home/emelie/ba_ws_com/build/my_cpp_py_pkg
[4.657s] [35m[1mScanning dependencies of target pure_pursuit[0m
[4.683s] [ 25%] Built target my_cpp_node
[4.705s] [ 50%] Built target listener
[4.714s] [ 75%] Built target talker
[4.730s] [ 87%] [32mBuilding CXX object CMakeFiles/pure_pursuit.dir/src/pure_pursuit.cpp.o[0m
[6.881s] In file included from [01m[K/opt/ros/foxy/include/rclcpp/context.hpp:19[m[K,
[6.881s]                  from [01m[K/opt/ros/foxy/include/rclcpp/contexts/default_context.hpp:18[m[K,
[6.881s]                  from [01m[K/opt/ros/foxy/include/rclcpp/executor.hpp:32[m[K,
[6.881s]                  from [01m[K/opt/ros/foxy/include/rclcpp/executors/multi_threaded_executor.hpp:26[m[K,
[6.882s]                  from [01m[K/opt/ros/foxy/include/rclcpp/executors.hpp:21[m[K,
[6.882s]                  from [01m[K/opt/ros/foxy/include/rclcpp/rclcpp.hpp:146[m[K,
[6.882s]                  from [01m[K/home/emelie/ba_ws_com/src/my_cpp_py_pkg/src/pure_pursuit.cpp:28[m[K:
[6.882s] /usr/include/c++/9/functional: In instantiation of ‘[01m[Kstruct std::_Bind_check_arity<void (Pure_Pursuit_Node::*)(nav_msgs::msg::Odometry_<std::allocator<void> >), Pure_Pursuit_Node*>[m[K’:
[6.882s] [01m[K/usr/include/c++/9/functional:787:12:[m[K   required from ‘[01m[Kstruct std::_Bind_helper<false, void (Pure_Pursuit_Node::*)(nav_msgs::msg::Odometry_<std::allocator<void> >), Pure_Pursuit_Node*>[m[K’
[6.882s] [01m[K/usr/include/c++/9/functional:808:5:[m[K   required by substitution of ‘[01m[Ktemplate<class _Func, class ... _BoundArgs> typename std::_Bind_helper<std::__is_socketlike<_Func>::value, _Func, _BoundArgs ...>::type std::bind(_Func&&, _BoundArgs&& ...) [with _Func = void (Pure_Pursuit_Node::*)(nav_msgs::msg::Odometry_<std::allocator<void> >); _BoundArgs = {Pure_Pursuit_Node*}][m[K’
[6.883s] [01m[K/home/emelie/ba_ws_com/src/my_cpp_py_pkg/src/pure_pursuit.cpp:63:139:[m[K   required from here
[6.883s] [01m[K/usr/include/c++/9/functional:775:7:[m[K [01;31m[Kerror: [m[Kstatic assertion failed: Wrong number of arguments for pointer-to-member
[6.883s]   774 |       static_assert(_Varargs::[01;31m[Kvalue[m[K
[6.883s]       |                               [01;31m[K~~~~~[m[K
[6.883s]   775 | [01;31m[K      ? sizeof...(_BoundArgs) >= _Arity::value + 1[m[K
[6.883s]       |       [01;31m[K^~~~~~~~~~~~~~~~~~~~~~~~~~~~~~~~~~~~~~~~~~~~[m[K
[6.883s]   776 | [01;31m[K      : sizeof...(_BoundArgs) == _Arity::value + 1[m[K,
[6.883s]       |       [01;31m[K~~~~~~~~~~~~~~~~~~~~~~~~~~~~~~~~~~~~~~~~~~~~[m[K
[6.951s] [01m[K/home/emelie/ba_ws_com/src/my_cpp_py_pkg/src/pure_pursuit.cpp:[m[K In member function ‘[01m[Kint Pure_Pursuit_Node::find_next_waypoint(int, std::tuple<float, float>, std::vector<std::tuple<double, double> >)[m[K’:
[6.951s] [01m[K/home/emelie/ba_ws_com/src/my_cpp_py_pkg/src/pure_pursuit.cpp:161:21:[m[K [01;35m[Kwarning: [m[Kcomparison of integer expressions of different signedness: ‘[01m[Kint[m[K’ and ‘[01m[Kstd::vector<std::tuple<double, double> >::size_type[m[K’ {aka ‘[01m[Klong unsigned int[m[K’} [[01;35m[K-Wsign-compare[m[K]
[6.952s]   161 |     if([01;35m[Knew_waypoint == path_points_2d.size()[m[K){
[6.952s]       |        [01;35m[K~~~~~~~~~~~~~^~~~~~~~~~~~~~~~~~~~~~~~[m[K
[7.518s] In file included from [01m[K/opt/ros/foxy/include/rclcpp/node_interfaces/node_topics_interface.hpp:32[m[K,
[7.518s]                  from [01m[K/opt/ros/foxy/include/rclcpp/node.hpp:55[m[K,
[7.518s]                  from [01m[K/opt/ros/foxy/include/rclcpp/executors/single_threaded_executor.hpp:28[m[K,
[7.518s]                  from [01m[K/opt/ros/foxy/include/rclcpp/executors.hpp:22[m[K,
[7.518s]                  from [01m[K/opt/ros/foxy/include/rclcpp/rclcpp.hpp:146[m[K,
[7.518s]                  from [01m[K/home/emelie/ba_ws_com/src/my_cpp_py_pkg/src/pure_pursuit.cpp:28[m[K:
[7.518s] /opt/ros/foxy/include/rclcpp/subscription_factory.hpp: In instantiation of ‘[01m[Krclcpp::SubscriptionFactory rclcpp::create_subscription_factory(CallbackT&&, const rclcpp::SubscriptionOptionsWithAllocator<AllocatorT>&, typename MessageMemoryStrategyT::SharedPtr, std::shared_ptr<rclcpp::topic_statistics::SubscriptionTopicStatistics<CallbackMessageT> >) [with MessageT = nav_msgs::msg::Odometry_<std::allocator<void> >; CallbackT = std::_Bind<void (Pure_Pursuit_Node::*(Pure_Pursuit_Node*))(nav_msgs::msg::Odometry_<std::allocator<void> >)>; AllocatorT = std::allocator<void>; CallbackMessageT = nav_msgs::msg::Odometry_<std::allocator<void> >; SubscriptionT = rclcpp::Subscription<nav_msgs::msg::Odometry_<std::allocator<void> > >; MessageMemoryStrategyT = rclcpp::message_memory_strategy::MessageMemoryStrategy<nav_msgs::msg::Odometry_<std::allocator<void> >, std::allocator<void> >; typename MessageMemoryStrategyT::SharedPtr = std::shared_ptr<rclcpp::message_memory_strategy::MessageMemoryStrategy<nav_msgs::msg::Odometry_<std::allocator<void> >, std::allocator<void> > >][m[K’:
[7.519s] [01m[K/opt/ros/foxy/include/rclcpp/create_subscription.hpp:144:63:[m[K   required from ‘[01m[Kstd::shared_ptr<SubscriptionT> rclcpp::create_subscription(NodeT&&, const string&, const rclcpp::QoS&, CallbackT&&, const rclcpp::SubscriptionOptionsWithAllocator<AllocatorT>&, typename MessageMemoryStrategyT::SharedPtr) [with MessageT = nav_msgs::msg::Odometry_<std::allocator<void> >; CallbackT = std::_Bind<void (Pure_Pursuit_Node::*(Pure_Pursuit_Node*))(nav_msgs::msg::Odometry_<std::allocator<void> >)>; AllocatorT = std::allocator<void>; CallbackMessageT = nav_msgs::msg::Odometry_<std::allocator<void> >; SubscriptionT = rclcpp::Subscription<nav_msgs::msg::Odometry_<std::allocator<void> > >; MessageMemoryStrategyT = rclcpp::message_memory_strategy::MessageMemoryStrategy<nav_msgs::msg::Odometry_<std::allocator<void> >, std::allocator<void> >; NodeT = rclcpp::Node&; std::string = std::__cxx11::basic_string<char>; typename MessageMemoryStrategyT::SharedPtr = std::shared_ptr<rclcpp::message_memory_strategy::MessageMemoryStrategy<nav_msgs::msg::Odometry_<std::allocator<void> >, std::allocator<void> > >][m[K’
[7.519s] [01m[K/opt/ros/foxy/include/rclcpp/node_impl.hpp:98:47:[m[K   required from ‘[01m[Kstd::shared_ptr<SubscriptionT> rclcpp::Node::create_subscription(const string&, const rclcpp::QoS&, CallbackT&&, const rclcpp::SubscriptionOptionsWithAllocator<AllocatorT>&, typename MessageMemoryStrategyT::SharedPtr) [with MessageT = nav_msgs::msg::Odometry_<std::allocator<void> >; CallbackT = std::_Bind<void (Pure_Pursuit_Node::*(Pure_Pursuit_Node*))(nav_msgs::msg::Odometry_<std::allocator<void> >)>; AllocatorT = std::allocator<void>; CallbackMessageT = nav_msgs::msg::Odometry_<std::allocator<void> >; SubscriptionT = rclcpp::Subscription<nav_msgs::msg::Odometry_<std::allocator<void> > >; MessageMemoryStrategyT = rclcpp::message_memory_strategy::MessageMemoryStrategy<nav_msgs::msg::Odometry_<std::allocator<void> >, std::allocator<void> >; std::string = std::__cxx11::basic_string<char>; typename MessageMemoryStrategyT::SharedPtr = std::shared_ptr<rclcpp::message_memory_strategy::MessageMemoryStrategy<nav_msgs::msg::Odometry_<std::allocator<void> >, std::allocator<void> > >][m[K’
[7.519s] [01m[K/home/emelie/ba_ws_com/src/my_cpp_py_pkg/src/pure_pursuit.cpp:63:141:[m[K   required from here
[7.519s] [01m[K/opt/ros/foxy/include/rclcpp/subscription_factory.hpp:97:3:[m[K [01;31m[Kerror: [m[Kno matching function for call to ‘[01m[Krclcpp::AnySubscriptionCallback<nav_msgs::msg::Odometry_<std::allocator<void> >, std::allocator<void> >::set(std::_Bind<void (Pure_Pursuit_Node::*(Pure_Pursuit_Node*))(nav_msgs::msg::Odometry_<std::allocator<void> >)>)[m[K’
[7.519s]    97 |   [01;31m[Kany_subscription_callback[m[K.set(std::forward<CallbackT>(callback));
[7.519s]       |   [01;31m[K^~~~~~~~~~~~~~~~~~~~~~~~~[m[K
[7.519s] In file included from [01m[K/opt/ros/foxy/include/rclcpp/subscription_base.hpp:29[m[K,
[7.519s]                  from [01m[K/opt/ros/foxy/include/rclcpp/callback_group.hpp:26[m[K,
[7.519s]                  from [01m[K/opt/ros/foxy/include/rclcpp/any_executable.hpp:20[m[K,
[7.519s]                  from [01m[K/opt/ros/foxy/include/rclcpp/memory_strategy.hpp:24[m[K,
[7.519s]                  from [01m[K/opt/ros/foxy/include/rclcpp/memory_strategies.hpp:18[m[K,
[7.519s]                  from [01m[K/opt/ros/foxy/include/rclcpp/executor_options.hpp:20[m[K,
[7.519s]                  from [01m[K/opt/ros/foxy/include/rclcpp/executor.hpp:33[m[K,
[7.519s]                  from [01m[K/opt/ros/foxy/include/rclcpp/executors/multi_threaded_executor.hpp:26[m[K,
[7.519s]                  from [01m[K/opt/ros/foxy/include/rclcpp/executors.hpp:21[m[K,
[7.519s]                  from [01m[K/opt/ros/foxy/include/rclcpp/rclcpp.hpp:146[m[K,
[7.520s]                  from [01m[K/home/emelie/ba_ws_com/src/my_cpp_py_pkg/src/pure_pursuit.cpp:28[m[K:
[7.520s] [01m[K/opt/ros/foxy/include/rclcpp/any_subscription_callback.hpp:83:8:[m[K [01;36m[Knote: [m[Kcandidate: ‘[01m[Ktemplate<class CallbackT, typename std::enable_if<rclcpp::function_traits::same_arguments<CallbackT, std::function<void(std::shared_ptr<nav_msgs::msg::Odometry_<std::allocator<void> > >)> >::value, void>::type* <anonymous> > void rclcpp::AnySubscriptionCallback<MessageT, Alloc>::set(CallbackT) [with CallbackT = CallbackT; typename std::enable_if<rclcpp::function_traits::same_arguments<CallbackT, std::function<void(std::shared_ptr<_Tp>)> >::value>::type* <anonymous> = <enumerator>; MessageT = nav_msgs::msg::Odometry_<std::allocator<void> >; Alloc = std::allocator<void>][m[K’
[7.520s]    83 |   void [01;36m[Kset[m[K(CallbackT callback)
[7.520s]       |        [01;36m[K^~~[m[K
[7.520s] [01m[K/opt/ros/foxy/include/rclcpp/any_subscription_callback.hpp:83:8:[m[K [01;36m[Knote: [m[K  template argument deduction/substitution failed:
[7.520s] [01m[K/opt/ros/foxy/include/rclcpp/any_subscription_callback.hpp:81:17:[m[K [01;31m[Kerror: [m[Kno type named ‘[01m[Ktype[m[K’ in ‘[01m[Kstruct std::enable_if<false, void>[m[K’
[7.520s]    81 |     >::type * = [01;31m[Knullptr[m[K
[7.520s]       |                 [01;31m[K^~~~~~~[m[K
[7.520s] [01m[K/opt/ros/foxy/include/rclcpp/any_subscription_callback.hpp:97:8:[m[K [01;36m[Knote: [m[Kcandidate: ‘[01m[Ktemplate<class CallbackT, typename std::enable_if<rclcpp::function_traits::same_arguments<CallbackT, std::function<void(std::shared_ptr<nav_msgs::msg::Odometry_<std::allocator<void> > >, const rclcpp::MessageInfo&)> >::value, void>::type* <anonymous> > void rclcpp::AnySubscriptionCallback<MessageT, Alloc>::set(CallbackT) [with CallbackT = CallbackT; typename std::enable_if<rclcpp::function_traits::same_arguments<CallbackT, std::function<void(std::shared_ptr<_Tp>, const rclcpp::MessageInfo&)> >::value>::type* <anonymous> = <enumerator>; MessageT = nav_msgs::msg::Odometry_<std::allocator<void> >; Alloc = std::allocator<void>][m[K’
[7.520s]    97 |   void [01;36m[Kset[m[K(CallbackT callback)
[7.520s]       |        [01;36m[K^~~[m[K
[7.521s] [01m[K/opt/ros/foxy/include/rclcpp/any_subscription_callback.hpp:97:8:[m[K [01;36m[Knote: [m[K  template argument deduction/substitution failed:
[7.521s] [01m[K/opt/ros/foxy/include/rclcpp/any_subscription_callback.hpp:95:17:[m[K [01;31m[Kerror: [m[Kno type named ‘[01m[Ktype[m[K’ in ‘[01m[Kstruct std::enable_if<false, void>[m[K’
[7.521s]    95 |     >::type * = [01;31m[Knullptr[m[K
[7.521s]       |                 [01;31m[K^~~~~~~[m[K
[7.521s] [01m[K/opt/ros/foxy/include/rclcpp/any_subscription_callback.hpp:111:8:[m[K [01;36m[Knote: [m[Kcandidate: ‘[01m[Ktemplate<class CallbackT, typename std::enable_if<rclcpp::function_traits::same_arguments<CallbackT, std::function<void(std::shared_ptr<const nav_msgs::msg::Odometry_<std::allocator<void> > >)> >::value, void>::type* <anonymous> > void rclcpp::AnySubscriptionCallback<MessageT, Alloc>::set(CallbackT) [with CallbackT = CallbackT; typename std::enable_if<rclcpp::function_traits::same_arguments<CallbackT, std::function<void(std::shared_ptr<const _Tp>)> >::value>::type* <anonymous> = <enumerator>; MessageT = nav_msgs::msg::Odometry_<std::allocator<void> >; Alloc = std::allocator<void>][m[K’
[7.521s]   111 |   void [01;36m[Kset[m[K(CallbackT callback)
[7.521s]       |        [01;36m[K^~~[m[K
[7.521s] [01m[K/opt/ros/foxy/include/rclcpp/any_subscription_callback.hpp:111:8:[m[K [01;36m[Knote: [m[K  template argument deduction/substitution failed:
[7.522s] [01m[K/opt/ros/foxy/include/rclcpp/any_subscription_callback.hpp:109:17:[m[K [01;31m[Kerror: [m[Kno type named ‘[01m[Ktype[m[K’ in ‘[01m[Kstruct std::enable_if<false, void>[m[K’
[7.522s]   109 |     >::type * = [01;31m[Knullptr[m[K
[7.522s]       |                 [01;31m[K^~~~~~~[m[K
[7.522s] [01m[K/opt/ros/foxy/include/rclcpp/any_subscription_callback.hpp:125:8:[m[K [01;36m[Knote: [m[Kcandidate: ‘[01m[Ktemplate<class CallbackT, typename std::enable_if<rclcpp::function_traits::same_arguments<CallbackT, std::function<void(std::shared_ptr<const nav_msgs::msg::Odometry_<std::allocator<void> > >, const rclcpp::MessageInfo&)> >::value, void>::type* <anonymous> > void rclcpp::AnySubscriptionCallback<MessageT, Alloc>::set(CallbackT) [with CallbackT = CallbackT; typename std::enable_if<rclcpp::function_traits::same_arguments<CallbackT, std::function<void(std::shared_ptr<const _Tp>, const rclcpp::MessageInfo&)> >::value>::type* <anonymous> = <enumerator>; MessageT = nav_msgs::msg::Odometry_<std::allocator<void> >; Alloc = std::allocator<void>][m[K’
[7.522s]   125 |   void [01;36m[Kset[m[K(CallbackT callback)
[7.522s]       |        [01;36m[K^~~[m[K
[7.522s] [01m[K/opt/ros/foxy/include/rclcpp/any_subscription_callback.hpp:125:8:[m[K [01;36m[Knote: [m[K  template argument deduction/substitution failed:
[7.523s] [01m[K/opt/ros/foxy/include/rclcpp/any_subscription_callback.hpp:123:17:[m[K [01;31m[Kerror: [m[Kno type named ‘[01m[Ktype[m[K’ in ‘[01m[Kstruct std::enable_if<false, void>[m[K’
[7.523s]   123 |     >::type * = [01;31m[Knullptr[m[K
[7.523s]       |                 [01;31m[K^~~~~~~[m[K
[7.523s] [01m[K/opt/ros/foxy/include/rclcpp/any_subscription_callback.hpp:139:8:[m[K [01;36m[Knote: [m[Kcandidate: ‘[01m[Ktemplate<class CallbackT, typename std::enable_if<rclcpp::function_traits::same_arguments<CallbackT, std::function<void(std::unique_ptr<nav_msgs::msg::Odometry_<std::allocator<void> >, std::default_delete<nav_msgs::msg::Odometry_<std::allocator<void> > > >)> >::value, void>::type* <anonymous> > void rclcpp::AnySubscriptionCallback<MessageT, Alloc>::set(CallbackT) [with CallbackT = CallbackT; typename std::enable_if<rclcpp::function_traits::same_arguments<CallbackT, std::function<void(std::unique_ptr<MessageT, typename std::conditional<std::is_same<typename std::allocator_traits<typename std::allocator_traits<_Alloc>::rebind_traits<MessageT>::allocator_type>::rebind_alloc<MessageT>, typename std::allocator<void>::rebind<_Tp1>::other>::value, std::default_delete<_Tp>, rclcpp::allocator::AllocatorDeleter<typename std::allocator_traits<_Alloc>::rebind_traits<MessageT>::allocator_type> >::type>)> >::value>::type* <anonymous> = <enumerator>; MessageT = nav_msgs::msg::Odometry_<std::allocator<void> >; Alloc = std::allocator<void>][m[K’
[7.523s]   139 |   void [01;36m[Kset[m[K(CallbackT callback)
[7.523s]       |        [01;36m[K^~~[m[K
[7.523s] [01m[K/opt/ros/foxy/include/rclcpp/any_subscription_callback.hpp:139:8:[m[K [01;36m[Knote: [m[K  template argument deduction/substitution failed:
[7.524s] [01m[K/opt/ros/foxy/include/rclcpp/any_subscription_callback.hpp:137:17:[m[K [01;31m[Kerror: [m[Kno type named ‘[01m[Ktype[m[K’ in ‘[01m[Kstruct std::enable_if<false, void>[m[K’
[7.524s]   137 |     >::type * = [01;31m[Knullptr[m[K
[7.524s]       |                 [01;31m[K^~~~~~~[m[K
[7.524s] [01m[K/opt/ros/foxy/include/rclcpp/any_subscription_callback.hpp:153:8:[m[K [01;36m[Knote: [m[Kcandidate: ‘[01m[Ktemplate<class CallbackT, typename std::enable_if<rclcpp::function_traits::same_arguments<CallbackT, std::function<void(std::unique_ptr<nav_msgs::msg::Odometry_<std::allocator<void> >, std::default_delete<nav_msgs::msg::Odometry_<std::allocator<void> > > >, const rclcpp::MessageInfo&)> >::value, void>::type* <anonymous> > void rclcpp::AnySubscriptionCallback<MessageT, Alloc>::set(CallbackT) [with CallbackT = CallbackT; typename std::enable_if<rclcpp::function_traits::same_arguments<CallbackT, std::function<void(std::unique_ptr<MessageT, typename std::conditional<std::is_same<typename std::allocator_traits<typename std::allocator_traits<_Alloc>::rebind_traits<MessageT>::allocator_type>::rebind_alloc<MessageT>, typename std::allocator<void>::rebind<_Tp1>::other>::value, std::default_delete<_Tp>, rclcpp::allocator::AllocatorDeleter<typename std::allocator_traits<_Alloc>::rebind_traits<MessageT>::allocator_type> >::type>, const rclcpp::MessageInfo&)> >::value>::type* <anonymous> = <enumerator>; MessageT = nav_msgs::msg::Odometry_<std::allocator<void> >; Alloc = std::allocator<void>][m[K’
[7.524s]   153 |   void [01;36m[Kset[m[K(CallbackT callback)
[7.524s]       |        [01;36m[K^~~[m[K
[7.524s] [01m[K/opt/ros/foxy/include/rclcpp/any_subscription_callback.hpp:153:8:[m[K [01;36m[Knote: [m[K  template argument deduction/substitution failed:
[7.524s] [01m[K/opt/ros/foxy/include/rclcpp/any_subscription_callback.hpp:151:17:[m[K [01;31m[Kerror: [m[Kno type named ‘[01m[Ktype[m[K’ in ‘[01m[Kstruct std::enable_if<false, void>[m[K’
[7.524s]   151 |     >::type * = [01;31m[Knullptr[m[K
[7.524s]       |                 [01;31m[K^~~~~~~[m[K
[8.615s] In file included from [01m[K/usr/include/c++/9/future:48[m[K,
[8.615s]                  from [01m[K/opt/ros/foxy/include/rclcpp/executors.hpp:18[m[K,
[8.615s]                  from [01m[K/opt/ros/foxy/include/rclcpp/rclcpp.hpp:146[m[K,
[8.615s]                  from [01m[K/home/emelie/ba_ws_com/src/my_cpp_py_pkg/src/pure_pursuit.cpp:28[m[K:
[8.615s] [01m[K/usr/include/c++/9/bits/std_function.h:[m[K At global scope:
[8.615s] [01m[K/usr/include/c++/9/bits/std_function.h:667:7:[m[K [01;31m[Kerror: [m[K‘[01m[Kstd::function<_Res(_ArgTypes ...)>::function(_Functor) [with _Functor = rclcpp::create_subscription_factory(CallbackT&&, const rclcpp::SubscriptionOptionsWithAllocator<AllocatorT>&, typename MessageMemoryStrategyT::SharedPtr, std::shared_ptr<rclcpp::topic_statistics::SubscriptionTopicStatistics<CallbackMessageT> >) [with MessageT = nav_msgs::msg::Odometry_<std::allocator<void> >; CallbackT = std::_Bind<void (Pure_Pursuit_Node::*(Pure_Pursuit_Node*))(nav_msgs::msg::Odometry_<std::allocator<void> >)>; AllocatorT = std::allocator<void>; CallbackMessageT = nav_msgs::msg::Odometry_<std::allocator<void> >; SubscriptionT = rclcpp::Subscription<nav_msgs::msg::Odometry_<std::allocator<void> > >; MessageMemoryStrategyT = rclcpp::message_memory_strategy::MessageMemoryStrategy<nav_msgs::msg::Odometry_<std::allocator<void> >, std::allocator<void> >; typename MessageMemoryStrategyT::SharedPtr = std::shared_ptr<rclcpp::message_memory_strategy::MessageMemoryStrategy<nav_msgs::msg::Odometry_<std::allocator<void> >, std::allocator<void> > >]::<lambda(rclcpp::node_interfaces::NodeBaseInterface*, const string&, const rclcpp::QoS&)>; <template-parameter-2-2> = void; <template-parameter-2-3> = void; _Res = std::shared_ptr<rclcpp::SubscriptionBase>; _ArgTypes = {rclcpp::node_interfaces::NodeBaseInterface*, const std::__cxx11::basic_string<char, std::char_traits<char>, std::allocator<char> >&, const rclcpp::QoS&}][m[K’, declared using local type ‘[01m[Krclcpp::create_subscription_factory(CallbackT&&, const rclcpp::SubscriptionOptionsWithAllocator<AllocatorT>&, typename MessageMemoryStrategyT::SharedPtr, std::shared_ptr<rclcpp::topic_statistics::SubscriptionTopicStatistics<CallbackMessageT> >) [with MessageT = nav_msgs::msg::Odometry_<std::allocator<void> >; CallbackT = std::_Bind<void (Pure_Pursuit_Node::*(Pure_Pursuit_Node*))(nav_msgs::msg::Odometry_<std::allocator<void> >)>; AllocatorT = std::allocator<void>; CallbackMessageT = nav_msgs::msg::Odometry_<std::allocator<void> >; SubscriptionT = rclcpp::Subscription<nav_msgs::msg::Odometry_<std::allocator<void> > >; MessageMemoryStrategyT = rclcpp::message_memory_strategy::MessageMemoryStrategy<nav_msgs::msg::Odometry_<std::allocator<void> >, std::allocator<void> >; typename MessageMemoryStrategyT::SharedPtr = std::shared_ptr<rclcpp::message_memory_strategy::MessageMemoryStrategy<nav_msgs::msg::Odometry_<std::allocator<void> >, std::allocator<void> > >]::<lambda(rclcpp::node_interfaces::NodeBaseInterface*, const string&, const rclcpp::QoS&)>[m[K’, is used but never defined [[01;31m[K-fpermissive[m[K]
[8.615s]   667 |       [01;31m[Kfunction<_Res(_ArgTypes...)>[m[K::
[8.615s]       |       [01;31m[K^~~~~~~~~~~~~~~~~~~~~~~~~~~~[m[K
[8.921s] make[2]: *** [CMakeFiles/pure_pursuit.dir/build.make:63: CMakeFiles/pure_pursuit.dir/src/pure_pursuit.cpp.o] Error 1
[8.921s] make[1]: *** [CMakeFiles/Makefile2:111: CMakeFiles/pure_pursuit.dir/all] Error 2
[8.921s] make: *** [Makefile:141: all] Error 2
[8.924s] Invoked command in '/home/emelie/ba_ws_com/build/my_cpp_py_pkg' returned '2': CMAKE_PREFIX_PATH=${CMAKE_PREFIX_PATH}:/home/emelie/ba_ws/install/f1tenth_stack:/home/emelie/ba_ws/install/joy_teleop:/home/emelie/ba_ws/install/mouse_teleop:/home/emelie/ba_ws/install/key_teleop:/home/emelie/ba_ws/install/ba_roslab:/home/emelie/install/f1tenth_stack:/home/emelie/install/joy_teleop:/home/emelie/install/mouse_teleop:/home/emelie/install/key_teleop:/home/emelie/install/f1tenth_gym_ros:/home/emelie/install/ba_roslab:/opt/ros/foxy /usr/bin/cmake --build /home/emelie/ba_ws_com/build/my_cpp_py_pkg -- -j4 -l4
