[0.029s] Invoking command in '/home/emelie/ba_ws_com/build/turtlesim': CMAKE_PREFIX_PATH=/opt/ros/foxy /usr/bin/cmake /home/emelie/ba_ws_com/src/ros_tutorials/turtlesim -DCMAKE_INSTALL_PREFIX=/home/emelie/ba_ws_com/install/turtlesim
[0.550s] -- The C compiler identification is GNU 9.4.0
[1.027s] -- The CXX compiler identification is GNU 9.4.0
[1.148s] -- Check for working C compiler: /usr/bin/cc
[1.350s] -- Check for working C compiler: /usr/bin/cc -- works
[1.353s] -- Detecting C compiler ABI info
[1.517s] -- Detecting C compiler ABI info - done
[1.530s] -- Detecting C compile features
[1.531s] -- Detecting C compile features - done
[1.538s] -- Check for working CXX compiler: /usr/bin/c++
[1.757s] -- Check for working CXX compiler: /usr/bin/c++ -- works
[1.758s] -- Detecting CXX compiler ABI info
[1.946s] -- Detecting CXX compiler ABI info - done
[1.958s] -- Detecting CXX compile features
[1.958s] -- Detecting CXX compile features - done
[1.992s] -- Found ament_cmake: 0.9.12 (/opt/ros/foxy/share/ament_cmake/cmake)
[2.042s] -- Found PythonInterp: /usr/bin/python3 (found suitable version "3.8.10", minimum required is "3") 
[2.043s] -- Using PYTHON_EXECUTABLE: /usr/bin/python3
[2.371s] -- Found ament_index_cpp: 1.1.0 (/opt/ros/foxy/share/ament_index_cpp/cmake)
[2.384s] -- Found geometry_msgs: 2.0.5 (/opt/ros/foxy/share/geometry_msgs/cmake)
[2.768s] -- Using all available rosidl_typesupport_c: rosidl_typesupport_fastrtps_c;rosidl_typesupport_introspection_c
[2.786s] -- Found rosidl_adapter: 1.3.1 (/opt/ros/foxy/share/rosidl_adapter/cmake)
[5.456s] -- Found OpenSSL: /usr/lib/x86_64-linux-gnu/libcrypto.so (found version "1.1.1f")  
[6.706s] -- Found FastRTPS: /opt/ros/foxy/include  
[8.952s] -- Using all available rosidl_typesupport_cpp: rosidl_typesupport_fastrtps_cpp;rosidl_typesupport_introspection_cpp
[9.193s] -- Found rclcpp: 2.4.3 (/opt/ros/foxy/share/rclcpp/cmake)
[9.311s] -- Found rmw_implementation_cmake: 1.0.4 (/opt/ros/foxy/share/rmw_implementation_cmake/cmake)
[9.316s] -- Using RMW implementation 'rmw_fastrtps_cpp' as default
[9.319s] -- Looking for pthread.h
[9.552s] -- Looking for pthread.h - found
[9.552s] -- Performing Test CMAKE_HAVE_LIBC_PTHREAD
[9.731s] -- Performing Test CMAKE_HAVE_LIBC_PTHREAD - Failed
[9.732s] -- Looking for pthread_create in pthreads
[9.888s] -- Looking for pthread_create in pthreads - not found
[9.888s] -- Looking for pthread_create in pthread
[10.057s] -- Looking for pthread_create in pthread - found
[10.059s] -- Found Threads: TRUE  
[10.297s] -- Found rclcpp_action: 2.4.3 (/opt/ros/foxy/share/rclcpp_action/cmake)
[10.446s] -- Found rosidl_default_generators: 1.0.1 (/opt/ros/foxy/share/rosidl_default_generators/cmake)
[10.468s] -- Found std_srvs: 2.0.5 (/opt/ros/foxy/share/std_srvs/cmake)
[10.519s] -- Found PythonInterp: /usr/bin/python3 (found version "3.8.10") 
[10.770s] -- Found ament_cmake_ros: 0.9.2 (/opt/ros/foxy/share/ament_cmake_ros/cmake)
[14.742s] -- Using all available rosidl_typesupport_c: rosidl_typesupport_fastrtps_c;rosidl_typesupport_introspection_c
[14.784s] -- Using all available rosidl_typesupport_cpp: rosidl_typesupport_fastrtps_cpp;rosidl_typesupport_introspection_cpp
[14.819s] -- Found PythonInterp: /usr/bin/python3 (found suitable version "3.8.10", minimum required is "3.5") 
[14.824s] -- Found python_cmake_module: 0.8.1 (/opt/ros/foxy/share/python_cmake_module/cmake)
[15.248s] -- Found PythonLibs: /usr/lib/x86_64-linux-gnu/libpython3.8.so (found suitable version "3.8.10", minimum required is "3.5") 
[15.248s] -- Using PYTHON_EXECUTABLE: /usr/bin/python3
[15.248s] -- Using PYTHON_INCLUDE_DIRS: /usr/include/python3.8
[15.248s] -- Using PYTHON_LIBRARIES: /usr/lib/x86_64-linux-gnu/libpython3.8.so
[15.280s] -- Found PythonExtra: .so  
[15.446s] -- Configuring done
[15.628s] -- Generating done
[15.634s] -- Build files have been written to: /home/emelie/ba_ws_com/build/turtlesim
[15.652s] Invoked command in '/home/emelie/ba_ws_com/build/turtlesim' returned '0': CMAKE_PREFIX_PATH=/opt/ros/foxy /usr/bin/cmake /home/emelie/ba_ws_com/src/ros_tutorials/turtlesim -DCMAKE_INSTALL_PREFIX=/home/emelie/ba_ws_com/install/turtlesim
[15.654s] Invoking command in '/home/emelie/ba_ws_com/build/turtlesim': CMAKE_PREFIX_PATH=/opt/ros/foxy /usr/bin/cmake --build /home/emelie/ba_ws_com/build/turtlesim -- -j4 -l4
[15.719s] [  1%] [34m[1mGenerating C code for ROS interfaces[0m
[15.721s] [35m[1mScanning dependencies of target turtlesim__cpp[0m
[15.742s] [  2%] [34m[1mGenerating C++ code for ROS interfaces[0m
[16.956s] [  2%] Built target turtlesim__cpp
[16.992s] [  3%] [34m[1mGenerating C++ type support dispatch for ROS interfaces[0m
[16.996s] [  4%] [34m[1mGenerating C++ introspection for ROS interfaces[0m
[17.095s] [  5%] [34m[1mGenerating C++ type support for eProsima Fast-RTPS[0m
[17.379s] [35m[1mScanning dependencies of target turtlesim__rosidl_generator_c[0m
[17.435s] [  6%] [32mBuilding C object CMakeFiles/turtlesim__rosidl_generator_c.dir/rosidl_generator_c/turtlesim/action/detail/rotate_absolute__functions.c.o[0m
[17.741s] [  7%] [32mBuilding C object CMakeFiles/turtlesim__rosidl_generator_c.dir/rosidl_generator_c/turtlesim/msg/detail/color__functions.c.o[0m
[17.836s] [  8%] [32mBuilding C object CMakeFiles/turtlesim__rosidl_generator_c.dir/rosidl_generator_c/turtlesim/msg/detail/pose__functions.c.o[0m
[17.932s] [  9%] [32mBuilding C object CMakeFiles/turtlesim__rosidl_generator_c.dir/rosidl_generator_c/turtlesim/srv/detail/kill__functions.c.o[0m
[18.054s] [ 10%] [32mBuilding C object CMakeFiles/turtlesim__rosidl_generator_c.dir/rosidl_generator_c/turtlesim/srv/detail/set_pen__functions.c.o[0m
[18.128s] [35m[1mScanning dependencies of target turtlesim__rosidl_typesupport_cpp[0m
[18.169s] [ 11%] [32mBuilding C object CMakeFiles/turtlesim__rosidl_generator_c.dir/rosidl_generator_c/turtlesim/srv/detail/spawn__functions.c.o[0m
[18.189s] [ 12%] [32mBuilding CXX object CMakeFiles/turtlesim__rosidl_typesupport_cpp.dir/rosidl_typesupport_cpp/turtlesim/action/rotate_absolute__type_support.cpp.o[0m
[18.301s] [ 13%] [32mBuilding C object CMakeFiles/turtlesim__rosidl_generator_c.dir/rosidl_generator_c/turtlesim/srv/detail/teleport_absolute__functions.c.o[0m
[18.425s] [ 14%] [32mBuilding C object CMakeFiles/turtlesim__rosidl_generator_c.dir/rosidl_generator_c/turtlesim/srv/detail/teleport_relative__functions.c.o[0m
[18.509s] [35m[1mScanning dependencies of target turtlesim__rosidl_typesupport_introspection_cpp[0m
[18.547s] [ 15%] [32m[1mLinking C shared library libturtlesim__rosidl_generator_c.so[0m
[18.557s] [ 16%] [32mBuilding CXX object CMakeFiles/turtlesim__rosidl_typesupport_introspection_cpp.dir/rosidl_typesupport_introspection_cpp/turtlesim/action/detail/rotate_absolute__type_support.cpp.o[0m
[18.807s] [ 16%] Built target turtlesim__rosidl_generator_c
[18.841s] [ 17%] [32mBuilding CXX object CMakeFiles/turtlesim__rosidl_typesupport_introspection_cpp.dir/rosidl_typesupport_introspection_cpp/turtlesim/msg/detail/color__type_support.cpp.o[0m
[19.002s] [35m[1mScanning dependencies of target turtlesim__rosidl_typesupport_fastrtps_cpp[0m
[19.076s] [ 18%] [32mBuilding CXX object CMakeFiles/turtlesim__rosidl_typesupport_cpp.dir/rosidl_typesupport_cpp/turtlesim/msg/color__type_support.cpp.o[0m
[19.097s] [ 19%] [32mBuilding CXX object CMakeFiles/turtlesim__rosidl_typesupport_fastrtps_cpp.dir/rosidl_typesupport_fastrtps_cpp/turtlesim/action/detail/dds_fastrtps/rotate_absolute__type_support.cpp.o[0m
[19.380s] [ 20%] [34m[1mGenerating C type support dispatch for ROS interfaces[0m
[19.476s] [ 21%] [32mBuilding CXX object CMakeFiles/turtlesim__rosidl_typesupport_introspection_cpp.dir/rosidl_typesupport_introspection_cpp/turtlesim/msg/detail/pose__type_support.cpp.o[0m
[19.675s] [ 22%] [32mBuilding CXX object CMakeFiles/turtlesim__rosidl_typesupport_cpp.dir/rosidl_typesupport_cpp/turtlesim/msg/pose__type_support.cpp.o[0m
[20.068s] [ 23%] [32mBuilding CXX object CMakeFiles/turtlesim__rosidl_typesupport_introspection_cpp.dir/rosidl_typesupport_introspection_cpp/turtlesim/srv/detail/kill__type_support.cpp.o[0m
[20.182s] [ 24%] [32mBuilding CXX object CMakeFiles/turtlesim__rosidl_typesupport_fastrtps_cpp.dir/rosidl_typesupport_fastrtps_cpp/turtlesim/msg/detail/dds_fastrtps/color__type_support.cpp.o[0m
[20.276s] [ 25%] [32mBuilding CXX object CMakeFiles/turtlesim__rosidl_typesupport_cpp.dir/rosidl_typesupport_cpp/turtlesim/srv/kill__type_support.cpp.o[0m
[20.573s] [35m[1mScanning dependencies of target turtlesim__rosidl_typesupport_c[0m
[20.623s] [ 26%] [32mBuilding CXX object CMakeFiles/turtlesim__rosidl_typesupport_c.dir/rosidl_typesupport_c/turtlesim/action/rotate_absolute__type_support.cpp.o[0m
[20.678s] [ 27%] [32mBuilding CXX object CMakeFiles/turtlesim__rosidl_typesupport_introspection_cpp.dir/rosidl_typesupport_introspection_cpp/turtlesim/srv/detail/set_pen__type_support.cpp.o[0m
[20.734s] [ 28%] [32mBuilding CXX object CMakeFiles/turtlesim__rosidl_typesupport_c.dir/rosidl_typesupport_c/turtlesim/msg/color__type_support.cpp.o[0m
[20.803s] [ 29%] [32mBuilding CXX object CMakeFiles/turtlesim__rosidl_typesupport_c.dir/rosidl_typesupport_c/turtlesim/msg/pose__type_support.cpp.o[0m
[20.869s] [ 30%] [32mBuilding CXX object CMakeFiles/turtlesim__rosidl_typesupport_cpp.dir/rosidl_typesupport_cpp/turtlesim/srv/set_pen__type_support.cpp.o[0m
[20.872s] [ 31%] [32mBuilding CXX object CMakeFiles/turtlesim__rosidl_typesupport_c.dir/rosidl_typesupport_c/turtlesim/srv/kill__type_support.cpp.o[0m
[20.943s] [ 32%] [32mBuilding CXX object CMakeFiles/turtlesim__rosidl_typesupport_c.dir/rosidl_typesupport_c/turtlesim/srv/set_pen__type_support.cpp.o[0m
[21.015s] [ 33%] [32mBuilding CXX object CMakeFiles/turtlesim__rosidl_typesupport_c.dir/rosidl_typesupport_c/turtlesim/srv/spawn__type_support.cpp.o[0m
[21.060s] [ 34%] [32mBuilding CXX object CMakeFiles/turtlesim__rosidl_typesupport_fastrtps_cpp.dir/rosidl_typesupport_fastrtps_cpp/turtlesim/msg/detail/dds_fastrtps/pose__type_support.cpp.o[0m
[21.088s] [ 35%] [32mBuilding CXX object CMakeFiles/turtlesim__rosidl_typesupport_c.dir/rosidl_typesupport_c/turtlesim/srv/teleport_absolute__type_support.cpp.o[0m
[21.157s] [ 36%] [32mBuilding CXX object CMakeFiles/turtlesim__rosidl_typesupport_c.dir/rosidl_typesupport_c/turtlesim/srv/teleport_relative__type_support.cpp.o[0m
[21.229s] [ 37%] [32m[1mLinking CXX shared library libturtlesim__rosidl_typesupport_c.so[0m
[21.282s] [ 38%] [32mBuilding CXX object CMakeFiles/turtlesim__rosidl_typesupport_introspection_cpp.dir/rosidl_typesupport_introspection_cpp/turtlesim/srv/detail/spawn__type_support.cpp.o[0m
[21.444s] [ 38%] Built target turtlesim__rosidl_typesupport_c
[21.463s] [ 39%] [32mBuilding CXX object CMakeFiles/turtlesim__rosidl_typesupport_cpp.dir/rosidl_typesupport_cpp/turtlesim/srv/spawn__type_support.cpp.o[0m
[21.495s] [ 40%] [32mBuilding CXX object CMakeFiles/turtlesim__rosidl_typesupport_fastrtps_cpp.dir/rosidl_typesupport_fastrtps_cpp/turtlesim/srv/detail/dds_fastrtps/kill__type_support.cpp.o[0m
[21.898s] [ 41%] [32mBuilding CXX object CMakeFiles/turtlesim__rosidl_typesupport_introspection_cpp.dir/rosidl_typesupport_introspection_cpp/turtlesim/srv/detail/teleport_absolute__type_support.cpp.o[0m
[21.976s] [ 42%] [32mBuilding CXX object CMakeFiles/turtlesim__rosidl_typesupport_cpp.dir/rosidl_typesupport_cpp/turtlesim/srv/teleport_absolute__type_support.cpp.o[0m
[22.058s] [ 43%] [32mBuilding CXX object CMakeFiles/turtlesim__rosidl_typesupport_fastrtps_cpp.dir/rosidl_typesupport_fastrtps_cpp/turtlesim/srv/detail/dds_fastrtps/set_pen__type_support.cpp.o[0m
[22.419s] [ 44%] [34m[1mGenerating C introspection for ROS interfaces[0m
[22.490s] [ 45%] [32mBuilding CXX object CMakeFiles/turtlesim__rosidl_typesupport_introspection_cpp.dir/rosidl_typesupport_introspection_cpp/turtlesim/srv/detail/teleport_relative__type_support.cpp.o[0m
[22.563s] [ 46%] [32mBuilding CXX object CMakeFiles/turtlesim__rosidl_typesupport_cpp.dir/rosidl_typesupport_cpp/turtlesim/srv/teleport_relative__type_support.cpp.o[0m
[22.948s] [ 47%] [32mBuilding CXX object CMakeFiles/turtlesim__rosidl_typesupport_fastrtps_cpp.dir/rosidl_typesupport_fastrtps_cpp/turtlesim/srv/detail/dds_fastrtps/spawn__type_support.cpp.o[0m
[23.061s] [ 48%] [32m[1mLinking CXX shared library libturtlesim__rosidl_typesupport_introspection_cpp.so[0m
[23.185s] [ 49%] [32m[1mLinking CXX shared library libturtlesim__rosidl_typesupport_cpp.so[0m
[23.429s] [ 49%] Built target turtlesim__rosidl_typesupport_introspection_cpp
[23.445s] [ 49%] Built target turtlesim__rosidl_typesupport_cpp
[23.451s] [ 50%] [32mBuilding CXX object CMakeFiles/turtlesim__rosidl_typesupport_fastrtps_cpp.dir/rosidl_typesupport_fastrtps_cpp/turtlesim/srv/detail/dds_fastrtps/teleport_absolute__type_support.cpp.o[0m
[23.465s] [ 51%] [32mBuilding CXX object CMakeFiles/turtlesim__rosidl_typesupport_fastrtps_cpp.dir/rosidl_typesupport_fastrtps_cpp/turtlesim/srv/detail/dds_fastrtps/teleport_relative__type_support.cpp.o[0m
[24.071s] [35m[1mScanning dependencies of target turtlesim__rosidl_typesupport_introspection_c[0m
[24.111s] [ 52%] [32mBuilding C object CMakeFiles/turtlesim__rosidl_typesupport_introspection_c.dir/rosidl_typesupport_introspection_c/turtlesim/action/detail/rotate_absolute__type_support.c.o[0m
[24.116s] [ 53%] [32mBuilding C object CMakeFiles/turtlesim__rosidl_typesupport_introspection_c.dir/rosidl_typesupport_introspection_c/turtlesim/msg/detail/color__type_support.c.o[0m
[24.197s] [ 54%] [32mBuilding C object CMakeFiles/turtlesim__rosidl_typesupport_introspection_c.dir/rosidl_typesupport_introspection_c/turtlesim/msg/detail/pose__type_support.c.o[0m
[24.223s] [ 55%] [32mBuilding C object CMakeFiles/turtlesim__rosidl_typesupport_introspection_c.dir/rosidl_typesupport_introspection_c/turtlesim/srv/detail/kill__type_support.c.o[0m
[24.270s] [ 56%] [32mBuilding C object CMakeFiles/turtlesim__rosidl_typesupport_introspection_c.dir/rosidl_typesupport_introspection_c/turtlesim/srv/detail/set_pen__type_support.c.o[0m
[24.306s] [ 57%] [32mBuilding C object CMakeFiles/turtlesim__rosidl_typesupport_introspection_c.dir/rosidl_typesupport_introspection_c/turtlesim/srv/detail/spawn__type_support.c.o[0m
[24.337s] [ 58%] [32mBuilding C object CMakeFiles/turtlesim__rosidl_typesupport_introspection_c.dir/rosidl_typesupport_introspection_c/turtlesim/srv/detail/teleport_absolute__type_support.c.o[0m
[24.347s] [ 59%] [32m[1mLinking CXX shared library libturtlesim__rosidl_typesupport_fastrtps_cpp.so[0m
[24.352s] [ 60%] [32mBuilding C object CMakeFiles/turtlesim__rosidl_typesupport_introspection_c.dir/rosidl_typesupport_introspection_c/turtlesim/srv/detail/teleport_relative__type_support.c.o[0m
[24.431s] [ 61%] [32m[1mLinking C shared library libturtlesim__rosidl_typesupport_introspection_c.so[0m
[24.577s] [ 61%] Built target turtlesim__rosidl_typesupport_introspection_c
[24.617s] [ 61%] Built target turtlesim__rosidl_typesupport_fastrtps_cpp
[24.632s] [ 62%] [34m[1mGenerating C type support for eProsima Fast-RTPS[0m
[25.430s] [35m[1mScanning dependencies of target turtlesim__rosidl_typesupport_fastrtps_c[0m
[25.526s] [ 65%] [32mBuilding CXX object CMakeFiles/turtlesim__rosidl_typesupport_fastrtps_c.dir/rosidl_typesupport_fastrtps_c/turtlesim/msg/detail/color__type_support_c.cpp.o[0m
[25.526s] [ 65%] [32mBuilding CXX object CMakeFiles/turtlesim__rosidl_typesupport_fastrtps_c.dir/rosidl_typesupport_fastrtps_c/turtlesim/action/detail/rotate_absolute__type_support_c.cpp.o[0m
[25.527s] [ 65%] [32mBuilding CXX object CMakeFiles/turtlesim__rosidl_typesupport_fastrtps_c.dir/rosidl_typesupport_fastrtps_c/turtlesim/msg/detail/pose__type_support_c.cpp.o[0m
[25.527s] [ 66%] [32mBuilding CXX object CMakeFiles/turtlesim__rosidl_typesupport_fastrtps_c.dir/rosidl_typesupport_fastrtps_c/turtlesim/srv/detail/kill__type_support_c.cpp.o[0m
[26.270s] [ 67%] [32mBuilding CXX object CMakeFiles/turtlesim__rosidl_typesupport_fastrtps_c.dir/rosidl_typesupport_fastrtps_c/turtlesim/srv/detail/set_pen__type_support_c.cpp.o[0m
[26.275s] [ 68%] [32mBuilding CXX object CMakeFiles/turtlesim__rosidl_typesupport_fastrtps_c.dir/rosidl_typesupport_fastrtps_c/turtlesim/srv/detail/spawn__type_support_c.cpp.o[0m
[26.293s] [ 69%] [32mBuilding CXX object CMakeFiles/turtlesim__rosidl_typesupport_fastrtps_c.dir/rosidl_typesupport_fastrtps_c/turtlesim/srv/detail/teleport_absolute__type_support_c.cpp.o[0m
[26.364s] [ 70%] [32mBuilding CXX object CMakeFiles/turtlesim__rosidl_typesupport_fastrtps_c.dir/rosidl_typesupport_fastrtps_c/turtlesim/srv/detail/teleport_relative__type_support_c.cpp.o[0m
[27.074s] [ 71%] [32m[1mLinking CXX shared library libturtlesim__rosidl_typesupport_fastrtps_c.so[0m
[27.291s] [ 71%] Built target turtlesim__rosidl_typesupport_fastrtps_c
[27.310s] [35m[1mScanning dependencies of target turtlesim[0m
[27.327s] [ 71%] Built target turtlesim
[27.348s] [35m[1mScanning dependencies of target turtle_teleop_key[0m
[27.348s] [35m[1mScanning dependencies of target mimic[0m
[27.348s] [35m[1mScanning dependencies of target draw_square[0m
[27.348s] [35m[1mScanning dependencies of target turtlesim__py[0m
[27.369s] [ 72%] [34m[1mGenerating Python code for ROS interfaces[0m
[27.592s] [ 73%] [32mBuilding CXX object CMakeFiles/draw_square.dir/tutorials/draw_square.cpp.o[0m
[27.593s] [ 74%] [32mBuilding CXX object CMakeFiles/mimic.dir/tutorials/mimic.cpp.o[0m
[27.597s] [ 75%] [32mBuilding CXX object CMakeFiles/turtle_teleop_key.dir/tutorials/teleop_turtle_key.cpp.o[0m
[31.774s] [ 75%] Built target turtlesim__py
[31.800s] [ 76%] [34m[1mGenerating include/turtlesim/moc_turtle_frame.cpp[0m
[32.044s] [35m[1mScanning dependencies of target turtlesim_node[0m
[32.223s] [ 77%] [32mBuilding CXX object CMakeFiles/turtlesim_node.dir/src/turtlesim.cpp.o[0m
[37.216s] [ 78%] [32m[1mLinking CXX executable turtle_teleop_key[0m
[38.134s] [ 78%] Built target turtle_teleop_key
[38.157s] [ 79%] [32mBuilding CXX object CMakeFiles/turtlesim_node.dir/src/turtle.cpp.o[0m
[38.969s] [ 80%] [32m[1mLinking CXX executable mimic[0m
[39.424s] [ 81%] [32mBuilding CXX object CMakeFiles/turtlesim_node.dir/src/turtle_frame.cpp.o[0m
[40.008s] [ 81%] Built target mimic
[40.041s] [ 82%] [32mBuilding CXX object CMakeFiles/turtlesim_node.dir/include/turtlesim/moc_turtle_frame.cpp.o[0m
[40.950s] [ 83%] [32m[1mLinking CXX executable draw_square[0m
[41.831s] [ 83%] Built target draw_square
[41.856s] [35m[1mScanning dependencies of target turtlesim__python[0m
[42.040s] [ 84%] [32mBuilding C object CMakeFiles/turtlesim__python.dir/rosidl_generator_py/turtlesim/action/_rotate_absolute_s.c.o[0m
[42.422s] [ 85%] [32mBuilding C object CMakeFiles/turtlesim__python.dir/rosidl_generator_py/turtlesim/msg/_color_s.c.o[0m
[42.714s] [ 86%] [32mBuilding C object CMakeFiles/turtlesim__python.dir/rosidl_generator_py/turtlesim/msg/_pose_s.c.o[0m
[42.999s] [ 87%] [32mBuilding C object CMakeFiles/turtlesim__python.dir/rosidl_generator_py/turtlesim/srv/_kill_s.c.o[0m
[43.279s] [ 88%] [32mBuilding C object CMakeFiles/turtlesim__python.dir/rosidl_generator_py/turtlesim/srv/_set_pen_s.c.o[0m
[43.611s] [ 89%] [32mBuilding C object CMakeFiles/turtlesim__python.dir/rosidl_generator_py/turtlesim/srv/_spawn_s.c.o[0m
[43.944s] [ 90%] [32mBuilding C object CMakeFiles/turtlesim__python.dir/rosidl_generator_py/turtlesim/srv/_teleport_absolute_s.c.o[0m
[44.365s] [ 91%] [32mBuilding C object CMakeFiles/turtlesim__python.dir/rosidl_generator_py/turtlesim/srv/_teleport_relative_s.c.o[0m
[44.687s] [ 92%] [32m[1mLinking C shared library rosidl_generator_py/turtlesim/libturtlesim__python.so[0m
[45.061s] [ 92%] Built target turtlesim__python
[45.116s] [35m[1mScanning dependencies of target turtlesim__rosidl_typesupport_introspection_c__pyext[0m
[45.182s] [ 93%] [32mBuilding C object CMakeFiles/turtlesim__rosidl_typesupport_introspection_c__pyext.dir/rosidl_generator_py/turtlesim/_turtlesim_s.ep.rosidl_typesupport_introspection_c.c.o[0m
[45.911s] [ 94%] [32m[1mLinking C shared library rosidl_generator_py/turtlesim/turtlesim_s__rosidl_typesupport_introspection_c.cpython-38-x86_64-linux-gnu.so[0m
[46.200s] [ 94%] Built target turtlesim__rosidl_typesupport_introspection_c__pyext
[46.244s] [35m[1mScanning dependencies of target turtlesim__rosidl_typesupport_fastrtps_c__pyext[0m
[46.308s] [ 95%] [32mBuilding C object CMakeFiles/turtlesim__rosidl_typesupport_fastrtps_c__pyext.dir/rosidl_generator_py/turtlesim/_turtlesim_s.ep.rosidl_typesupport_fastrtps_c.c.o[0m
[46.861s] [ 96%] [32m[1mLinking CXX shared library rosidl_generator_py/turtlesim/turtlesim_s__rosidl_typesupport_fastrtps_c.cpython-38-x86_64-linux-gnu.so[0m
[47.354s] [ 96%] Built target turtlesim__rosidl_typesupport_fastrtps_c__pyext
[47.389s] [35m[1mScanning dependencies of target turtlesim__rosidl_typesupport_c__pyext[0m
[47.456s] [ 97%] [32mBuilding C object CMakeFiles/turtlesim__rosidl_typesupport_c__pyext.dir/rosidl_generator_py/turtlesim/_turtlesim_s.ep.rosidl_typesupport_c.c.o[0m
[47.947s] [ 98%] [32m[1mLinking C shared library rosidl_generator_py/turtlesim/turtlesim_s__rosidl_typesupport_c.cpython-38-x86_64-linux-gnu.so[0m
[48.532s] [ 98%] Built target turtlesim__rosidl_typesupport_c__pyext
[54.841s] [100%] [32m[1mLinking CXX executable turtlesim_node[0m
[57.296s] [100%] Built target turtlesim_node
[57.322s] Invoked command in '/home/emelie/ba_ws_com/build/turtlesim' returned '0': CMAKE_PREFIX_PATH=/opt/ros/foxy /usr/bin/cmake --build /home/emelie/ba_ws_com/build/turtlesim -- -j4 -l4
[57.640s] Invoking command in '/home/emelie/ba_ws_com/build/turtlesim': CMAKE_PREFIX_PATH=/opt/ros/foxy /usr/bin/cmake --install /home/emelie/ba_ws_com/build/turtlesim
[57.653s] -- Install configuration: ""
[57.654s] -- Installing: /home/emelie/ba_ws_com/install/turtlesim/share/ament_index/resource_index/rosidl_interfaces/turtlesim
[57.655s] -- Installing: /home/emelie/ba_ws_com/install/turtlesim/include/turtlesim
[57.656s] -- Installing: /home/emelie/ba_ws_com/install/turtlesim/include/turtlesim/srv
[57.656s] -- Installing: /home/emelie/ba_ws_com/install/turtlesim/include/turtlesim/srv/set_pen.h
[57.656s] -- Installing: /home/emelie/ba_ws_com/install/turtlesim/include/turtlesim/srv/spawn.h
[57.657s] -- Installing: /home/emelie/ba_ws_com/install/turtlesim/include/turtlesim/srv/detail
[57.657s] -- Installing: /home/emelie/ba_ws_com/install/turtlesim/include/turtlesim/srv/detail/set_pen__struct.h
[57.658s] -- Installing: /home/emelie/ba_ws_com/install/turtlesim/include/turtlesim/srv/detail/kill__type_support.h
[57.658s] -- Installing: /home/emelie/ba_ws_com/install/turtlesim/include/turtlesim/srv/detail/teleport_absolute__functions.c
[57.659s] -- Installing: /home/emelie/ba_ws_com/install/turtlesim/include/turtlesim/srv/detail/teleport_relative__type_support.h
[57.659s] -- Installing: /home/emelie/ba_ws_com/install/turtlesim/include/turtlesim/srv/detail/teleport_relative__functions.c
[57.659s] -- Installing: /home/emelie/ba_ws_com/install/turtlesim/include/turtlesim/srv/detail/spawn__type_support.h
[57.659s] -- Installing: /home/emelie/ba_ws_com/install/turtlesim/include/turtlesim/srv/detail/teleport_absolute__functions.h
[57.660s] -- Installing: /home/emelie/ba_ws_com/install/turtlesim/include/turtlesim/srv/detail/kill__functions.h
[57.660s] -- Installing: /home/emelie/ba_ws_com/install/turtlesim/include/turtlesim/srv/detail/teleport_relative__struct.h
[57.660s] -- Installing: /home/emelie/ba_ws_com/install/turtlesim/include/turtlesim/srv/detail/kill__struct.h
[57.661s] -- Installing: /home/emelie/ba_ws_com/install/turtlesim/include/turtlesim/srv/detail/kill__functions.c
[57.661s] -- Installing: /home/emelie/ba_ws_com/install/turtlesim/include/turtlesim/srv/detail/set_pen__functions.h
[57.661s] -- Installing: /home/emelie/ba_ws_com/install/turtlesim/include/turtlesim/srv/detail/teleport_absolute__struct.h
[57.661s] -- Installing: /home/emelie/ba_ws_com/install/turtlesim/include/turtlesim/srv/detail/teleport_relative__functions.h
[57.662s] -- Installing: /home/emelie/ba_ws_com/install/turtlesim/include/turtlesim/srv/detail/set_pen__functions.c
[57.662s] -- Installing: /home/emelie/ba_ws_com/install/turtlesim/include/turtlesim/srv/detail/set_pen__type_support.h
[57.662s] -- Installing: /home/emelie/ba_ws_com/install/turtlesim/include/turtlesim/srv/detail/spawn__struct.h
[57.662s] -- Installing: /home/emelie/ba_ws_com/install/turtlesim/include/turtlesim/srv/detail/teleport_absolute__type_support.h
[57.663s] -- Installing: /home/emelie/ba_ws_com/install/turtlesim/include/turtlesim/srv/detail/spawn__functions.h
[57.663s] -- Installing: /home/emelie/ba_ws_com/install/turtlesim/include/turtlesim/srv/detail/spawn__functions.c
[57.663s] -- Installing: /home/emelie/ba_ws_com/install/turtlesim/include/turtlesim/srv/kill.h
[57.663s] -- Installing: /home/emelie/ba_ws_com/install/turtlesim/include/turtlesim/srv/teleport_absolute.h
[57.663s] -- Installing: /home/emelie/ba_ws_com/install/turtlesim/include/turtlesim/srv/teleport_relative.h
[57.664s] -- Installing: /home/emelie/ba_ws_com/install/turtlesim/include/turtlesim/msg
[57.664s] -- Installing: /home/emelie/ba_ws_com/install/turtlesim/include/turtlesim/msg/rosidl_generator_c__visibility_control.h
[57.664s] -- Installing: /home/emelie/ba_ws_com/install/turtlesim/include/turtlesim/msg/pose.h
[57.664s] -- Installing: /home/emelie/ba_ws_com/install/turtlesim/include/turtlesim/msg/detail
[57.664s] -- Installing: /home/emelie/ba_ws_com/install/turtlesim/include/turtlesim/msg/detail/color__type_support.h
[57.665s] -- Installing: /home/emelie/ba_ws_com/install/turtlesim/include/turtlesim/msg/detail/color__functions.c
[57.665s] -- Installing: /home/emelie/ba_ws_com/install/turtlesim/include/turtlesim/msg/detail/color__struct.h
[57.665s] -- Installing: /home/emelie/ba_ws_com/install/turtlesim/include/turtlesim/msg/detail/pose__struct.h
[57.666s] -- Installing: /home/emelie/ba_ws_com/install/turtlesim/include/turtlesim/msg/detail/pose__functions.h
[57.666s] -- Installing: /home/emelie/ba_ws_com/install/turtlesim/include/turtlesim/msg/detail/pose__functions.c
[57.666s] -- Installing: /home/emelie/ba_ws_com/install/turtlesim/include/turtlesim/msg/detail/color__functions.h
[57.666s] -- Installing: /home/emelie/ba_ws_com/install/turtlesim/include/turtlesim/msg/detail/pose__type_support.h
[57.667s] -- Installing: /home/emelie/ba_ws_com/install/turtlesim/include/turtlesim/msg/color.h
[57.667s] -- Installing: /home/emelie/ba_ws_com/install/turtlesim/include/turtlesim/action
[57.668s] -- Installing: /home/emelie/ba_ws_com/install/turtlesim/include/turtlesim/action/rotate_absolute.h
[57.668s] -- Installing: /home/emelie/ba_ws_com/install/turtlesim/include/turtlesim/action/detail
[57.669s] -- Installing: /home/emelie/ba_ws_com/install/turtlesim/include/turtlesim/action/detail/rotate_absolute__type_support.h
[57.669s] -- Installing: /home/emelie/ba_ws_com/install/turtlesim/include/turtlesim/action/detail/rotate_absolute__struct.h
[57.669s] -- Installing: /home/emelie/ba_ws_com/install/turtlesim/include/turtlesim/action/detail/rotate_absolute__functions.h
[57.669s] -- Installing: /home/emelie/ba_ws_com/install/turtlesim/include/turtlesim/action/detail/rotate_absolute__functions.c
[57.671s] -- Installing: /home/emelie/ba_ws_com/install/turtlesim/share/turtlesim/environment/library_path.sh
[57.671s] -- Installing: /home/emelie/ba_ws_com/install/turtlesim/share/turtlesim/environment/library_path.dsv
[57.672s] -- Installing: /home/emelie/ba_ws_com/install/turtlesim/lib/libturtlesim__rosidl_generator_c.so
[57.673s] -- Set runtime path of "/home/emelie/ba_ws_com/install/turtlesim/lib/libturtlesim__rosidl_generator_c.so" to ""
[57.673s] -- Up-to-date: /home/emelie/ba_ws_com/install/turtlesim/include/turtlesim
[57.674s] -- Up-to-date: /home/emelie/ba_ws_com/install/turtlesim/include/turtlesim/srv
[57.674s] -- Up-to-date: /home/emelie/ba_ws_com/install/turtlesim/include/turtlesim/srv/detail
[57.675s] -- Installing: /home/emelie/ba_ws_com/install/turtlesim/include/turtlesim/srv/detail/kill__rosidl_typesupport_fastrtps_c.h
[57.675s] -- Installing: /home/emelie/ba_ws_com/install/turtlesim/include/turtlesim/srv/detail/set_pen__rosidl_typesupport_fastrtps_c.h
[57.675s] -- Installing: /home/emelie/ba_ws_com/install/turtlesim/include/turtlesim/srv/detail/teleport_relative__rosidl_typesupport_fastrtps_c.h
[57.676s] -- Installing: /home/emelie/ba_ws_com/install/turtlesim/include/turtlesim/srv/detail/spawn__rosidl_typesupport_fastrtps_c.h
[57.676s] -- Installing: /home/emelie/ba_ws_com/install/turtlesim/include/turtlesim/srv/detail/teleport_absolute__rosidl_typesupport_fastrtps_c.h
[57.676s] -- Up-to-date: /home/emelie/ba_ws_com/install/turtlesim/include/turtlesim/msg
[57.677s] -- Up-to-date: /home/emelie/ba_ws_com/install/turtlesim/include/turtlesim/msg/detail
[57.677s] -- Installing: /home/emelie/ba_ws_com/install/turtlesim/include/turtlesim/msg/detail/color__rosidl_typesupport_fastrtps_c.h
[57.677s] -- Installing: /home/emelie/ba_ws_com/install/turtlesim/include/turtlesim/msg/detail/pose__rosidl_typesupport_fastrtps_c.h
[57.677s] -- Installing: /home/emelie/ba_ws_com/install/turtlesim/include/turtlesim/msg/rosidl_typesupport_fastrtps_c__visibility_control.h
[57.677s] -- Up-to-date: /home/emelie/ba_ws_com/install/turtlesim/include/turtlesim/action
[57.677s] -- Up-to-date: /home/emelie/ba_ws_com/install/turtlesim/include/turtlesim/action/detail
[57.678s] -- Installing: /home/emelie/ba_ws_com/install/turtlesim/include/turtlesim/action/detail/rotate_absolute__rosidl_typesupport_fastrtps_c.h
[57.678s] -- Installing: /home/emelie/ba_ws_com/install/turtlesim/lib/libturtlesim__rosidl_typesupport_fastrtps_c.so
[57.678s] -- Set runtime path of "/home/emelie/ba_ws_com/install/turtlesim/lib/libturtlesim__rosidl_typesupport_fastrtps_c.so" to ""
[57.678s] -- Up-to-date: /home/emelie/ba_ws_com/install/turtlesim/include/turtlesim
[57.679s] -- Up-to-date: /home/emelie/ba_ws_com/install/turtlesim/include/turtlesim/srv
[57.679s] -- Up-to-date: /home/emelie/ba_ws_com/install/turtlesim/include/turtlesim/srv/detail
[57.679s] -- Installing: /home/emelie/ba_ws_com/install/turtlesim/include/turtlesim/srv/detail/teleport_relative__rosidl_typesupport_fastrtps_cpp.hpp
[57.679s] -- Installing: /home/emelie/ba_ws_com/install/turtlesim/include/turtlesim/srv/detail/dds_fastrtps
[57.680s] -- Installing: /home/emelie/ba_ws_com/install/turtlesim/include/turtlesim/srv/detail/kill__rosidl_typesupport_fastrtps_cpp.hpp
[57.680s] -- Installing: /home/emelie/ba_ws_com/install/turtlesim/include/turtlesim/srv/detail/spawn__rosidl_typesupport_fastrtps_cpp.hpp
[57.680s] -- Installing: /home/emelie/ba_ws_com/install/turtlesim/include/turtlesim/srv/detail/set_pen__rosidl_typesupport_fastrtps_cpp.hpp
[57.680s] -- Installing: /home/emelie/ba_ws_com/install/turtlesim/include/turtlesim/srv/detail/teleport_absolute__rosidl_typesupport_fastrtps_cpp.hpp
[57.680s] -- Up-to-date: /home/emelie/ba_ws_com/install/turtlesim/include/turtlesim/msg
[57.681s] -- Installing: /home/emelie/ba_ws_com/install/turtlesim/include/turtlesim/msg/rosidl_typesupport_fastrtps_cpp__visibility_control.h
[57.681s] -- Up-to-date: /home/emelie/ba_ws_com/install/turtlesim/include/turtlesim/msg/detail
[57.681s] -- Installing: /home/emelie/ba_ws_com/install/turtlesim/include/turtlesim/msg/detail/color__rosidl_typesupport_fastrtps_cpp.hpp
[57.681s] -- Installing: /home/emelie/ba_ws_com/install/turtlesim/include/turtlesim/msg/detail/dds_fastrtps
[57.681s] -- Installing: /home/emelie/ba_ws_com/install/turtlesim/include/turtlesim/msg/detail/pose__rosidl_typesupport_fastrtps_cpp.hpp
[57.681s] -- Up-to-date: /home/emelie/ba_ws_com/install/turtlesim/include/turtlesim/action
[57.682s] -- Up-to-date: /home/emelie/ba_ws_com/install/turtlesim/include/turtlesim/action/detail
[57.682s] -- Installing: /home/emelie/ba_ws_com/install/turtlesim/include/turtlesim/action/detail/rotate_absolute__rosidl_typesupport_fastrtps_cpp.hpp
[57.682s] -- Installing: /home/emelie/ba_ws_com/install/turtlesim/include/turtlesim/action/detail/dds_fastrtps
[57.683s] -- Installing: /home/emelie/ba_ws_com/install/turtlesim/lib/libturtlesim__rosidl_typesupport_fastrtps_cpp.so
[57.684s] -- Set runtime path of "/home/emelie/ba_ws_com/install/turtlesim/lib/libturtlesim__rosidl_typesupport_fastrtps_cpp.so" to ""
[57.684s] -- Up-to-date: /home/emelie/ba_ws_com/install/turtlesim/include/turtlesim
[57.684s] -- Up-to-date: /home/emelie/ba_ws_com/install/turtlesim/include/turtlesim/srv
[57.684s] -- Up-to-date: /home/emelie/ba_ws_com/install/turtlesim/include/turtlesim/srv/detail
[57.685s] -- Installing: /home/emelie/ba_ws_com/install/turtlesim/include/turtlesim/srv/detail/set_pen__type_support.c
[57.685s] -- Installing: /home/emelie/ba_ws_com/install/turtlesim/include/turtlesim/srv/detail/teleport_absolute__type_support.c
[57.685s] -- Installing: /home/emelie/ba_ws_com/install/turtlesim/include/turtlesim/srv/detail/set_pen__rosidl_typesupport_introspection_c.h
[57.685s] -- Installing: /home/emelie/ba_ws_com/install/turtlesim/include/turtlesim/srv/detail/spawn__rosidl_typesupport_introspection_c.h
[57.686s] -- Installing: /home/emelie/ba_ws_com/install/turtlesim/include/turtlesim/srv/detail/teleport_relative__rosidl_typesupport_introspection_c.h
[57.686s] -- Installing: /home/emelie/ba_ws_com/install/turtlesim/include/turtlesim/srv/detail/teleport_relative__type_support.c
[57.686s] -- Installing: /home/emelie/ba_ws_com/install/turtlesim/include/turtlesim/srv/detail/spawn__type_support.c
[57.686s] -- Installing: /home/emelie/ba_ws_com/install/turtlesim/include/turtlesim/srv/detail/kill__type_support.c
[57.687s] -- Installing: /home/emelie/ba_ws_com/install/turtlesim/include/turtlesim/srv/detail/teleport_absolute__rosidl_typesupport_introspection_c.h
[57.687s] -- Installing: /home/emelie/ba_ws_com/install/turtlesim/include/turtlesim/srv/detail/kill__rosidl_typesupport_introspection_c.h
[57.687s] -- Up-to-date: /home/emelie/ba_ws_com/install/turtlesim/include/turtlesim/msg
[57.687s] -- Up-to-date: /home/emelie/ba_ws_com/install/turtlesim/include/turtlesim/msg/detail
[57.688s] -- Installing: /home/emelie/ba_ws_com/install/turtlesim/include/turtlesim/msg/detail/color__type_support.c
[57.688s] -- Installing: /home/emelie/ba_ws_com/install/turtlesim/include/turtlesim/msg/detail/pose__rosidl_typesupport_introspection_c.h
[57.688s] -- Installing: /home/emelie/ba_ws_com/install/turtlesim/include/turtlesim/msg/detail/pose__type_support.c
[57.688s] -- Installing: /home/emelie/ba_ws_com/install/turtlesim/include/turtlesim/msg/detail/color__rosidl_typesupport_introspection_c.h
[57.689s] -- Installing: /home/emelie/ba_ws_com/install/turtlesim/include/turtlesim/msg/rosidl_typesupport_introspection_c__visibility_control.h
[57.689s] -- Up-to-date: /home/emelie/ba_ws_com/install/turtlesim/include/turtlesim/action
[57.689s] -- Up-to-date: /home/emelie/ba_ws_com/install/turtlesim/include/turtlesim/action/detail
[57.689s] -- Installing: /home/emelie/ba_ws_com/install/turtlesim/include/turtlesim/action/detail/rotate_absolute__rosidl_typesupport_introspection_c.h
[57.689s] -- Installing: /home/emelie/ba_ws_com/install/turtlesim/include/turtlesim/action/detail/rotate_absolute__type_support.c
[57.689s] -- Installing: /home/emelie/ba_ws_com/install/turtlesim/lib/libturtlesim__rosidl_typesupport_introspection_c.so
[57.690s] -- Set runtime path of "/home/emelie/ba_ws_com/install/turtlesim/lib/libturtlesim__rosidl_typesupport_introspection_c.so" to ""
[57.690s] -- Installing: /home/emelie/ba_ws_com/install/turtlesim/lib/libturtlesim__rosidl_typesupport_c.so
[57.690s] -- Set runtime path of "/home/emelie/ba_ws_com/install/turtlesim/lib/libturtlesim__rosidl_typesupport_c.so" to ""
[57.691s] -- Up-to-date: /home/emelie/ba_ws_com/install/turtlesim/include/turtlesim
[57.691s] -- Up-to-date: /home/emelie/ba_ws_com/install/turtlesim/include/turtlesim/srv
[57.692s] -- Installing: /home/emelie/ba_ws_com/install/turtlesim/include/turtlesim/srv/spawn.hpp
[57.693s] -- Up-to-date: /home/emelie/ba_ws_com/install/turtlesim/include/turtlesim/srv/detail
[57.693s] -- Installing: /home/emelie/ba_ws_com/install/turtlesim/include/turtlesim/srv/detail/kill__builder.hpp
[57.693s] -- Installing: /home/emelie/ba_ws_com/install/turtlesim/include/turtlesim/srv/detail/spawn__builder.hpp
[57.694s] -- Installing: /home/emelie/ba_ws_com/install/turtlesim/include/turtlesim/srv/detail/spawn__struct.hpp
[57.694s] -- Installing: /home/emelie/ba_ws_com/install/turtlesim/include/turtlesim/srv/detail/spawn__type_support.hpp
[57.694s] -- Installing: /home/emelie/ba_ws_com/install/turtlesim/include/turtlesim/srv/detail/teleport_relative__struct.hpp
[57.694s] -- Installing: /home/emelie/ba_ws_com/install/turtlesim/include/turtlesim/srv/detail/set_pen__type_support.hpp
[57.695s] -- Installing: /home/emelie/ba_ws_com/install/turtlesim/include/turtlesim/srv/detail/spawn__traits.hpp
[57.695s] -- Installing: /home/emelie/ba_ws_com/install/turtlesim/include/turtlesim/srv/detail/teleport_absolute__struct.hpp
[57.695s] -- Installing: /home/emelie/ba_ws_com/install/turtlesim/include/turtlesim/srv/detail/set_pen__traits.hpp
[57.696s] -- Installing: /home/emelie/ba_ws_com/install/turtlesim/include/turtlesim/srv/detail/teleport_absolute__traits.hpp
[57.696s] -- Installing: /home/emelie/ba_ws_com/install/turtlesim/include/turtlesim/srv/detail/teleport_relative__traits.hpp
[57.696s] -- Installing: /home/emelie/ba_ws_com/install/turtlesim/include/turtlesim/srv/detail/teleport_absolute__builder.hpp
[57.696s] -- Installing: /home/emelie/ba_ws_com/install/turtlesim/include/turtlesim/srv/detail/teleport_relative__type_support.hpp
[57.697s] -- Installing: /home/emelie/ba_ws_com/install/turtlesim/include/turtlesim/srv/detail/teleport_absolute__type_support.hpp
[57.697s] -- Installing: /home/emelie/ba_ws_com/install/turtlesim/include/turtlesim/srv/detail/set_pen__struct.hpp
[57.697s] -- Installing: /home/emelie/ba_ws_com/install/turtlesim/include/turtlesim/srv/detail/set_pen__builder.hpp
[57.698s] -- Installing: /home/emelie/ba_ws_com/install/turtlesim/include/turtlesim/srv/detail/kill__struct.hpp
[57.698s] -- Installing: /home/emelie/ba_ws_com/install/turtlesim/include/turtlesim/srv/detail/teleport_relative__builder.hpp
[57.698s] -- Installing: /home/emelie/ba_ws_com/install/turtlesim/include/turtlesim/srv/detail/kill__type_support.hpp
[57.699s] -- Installing: /home/emelie/ba_ws_com/install/turtlesim/include/turtlesim/srv/detail/kill__traits.hpp
[57.699s] -- Installing: /home/emelie/ba_ws_com/install/turtlesim/include/turtlesim/srv/kill.hpp
[57.699s] -- Installing: /home/emelie/ba_ws_com/install/turtlesim/include/turtlesim/srv/teleport_relative.hpp
[57.699s] -- Installing: /home/emelie/ba_ws_com/install/turtlesim/include/turtlesim/srv/set_pen.hpp
[57.700s] -- Installing: /home/emelie/ba_ws_com/install/turtlesim/include/turtlesim/srv/teleport_absolute.hpp
[57.700s] -- Up-to-date: /home/emelie/ba_ws_com/install/turtlesim/include/turtlesim/msg
[57.700s] -- Installing: /home/emelie/ba_ws_com/install/turtlesim/include/turtlesim/msg/color.hpp
[57.701s] -- Installing: /home/emelie/ba_ws_com/install/turtlesim/include/turtlesim/msg/rosidl_generator_cpp__visibility_control.hpp
[57.701s] -- Up-to-date: /home/emelie/ba_ws_com/install/turtlesim/include/turtlesim/msg/detail
[57.701s] -- Installing: /home/emelie/ba_ws_com/install/turtlesim/include/turtlesim/msg/detail/pose__traits.hpp
[57.702s] -- Installing: /home/emelie/ba_ws_com/install/turtlesim/include/turtlesim/msg/detail/pose__builder.hpp
[57.702s] -- Installing: /home/emelie/ba_ws_com/install/turtlesim/include/turtlesim/msg/detail/color__builder.hpp
[57.702s] -- Installing: /home/emelie/ba_ws_com/install/turtlesim/include/turtlesim/msg/detail/color__struct.hpp
[57.702s] -- Installing: /home/emelie/ba_ws_com/install/turtlesim/include/turtlesim/msg/detail/color__traits.hpp
[57.703s] -- Installing: /home/emelie/ba_ws_com/install/turtlesim/include/turtlesim/msg/detail/pose__type_support.hpp
[57.703s] -- Installing: /home/emelie/ba_ws_com/install/turtlesim/include/turtlesim/msg/detail/pose__struct.hpp
[57.703s] -- Installing: /home/emelie/ba_ws_com/install/turtlesim/include/turtlesim/msg/detail/color__type_support.hpp
[57.703s] -- Installing: /home/emelie/ba_ws_com/install/turtlesim/include/turtlesim/msg/pose.hpp
[57.704s] -- Up-to-date: /home/emelie/ba_ws_com/install/turtlesim/include/turtlesim/action
[57.704s] -- Up-to-date: /home/emelie/ba_ws_com/install/turtlesim/include/turtlesim/action/detail
[57.704s] -- Installing: /home/emelie/ba_ws_com/install/turtlesim/include/turtlesim/action/detail/rotate_absolute__type_support.hpp
[57.705s] -- Installing: /home/emelie/ba_ws_com/install/turtlesim/include/turtlesim/action/detail/rotate_absolute__struct.hpp
[57.705s] -- Installing: /home/emelie/ba_ws_com/install/turtlesim/include/turtlesim/action/detail/rotate_absolute__builder.hpp
[57.705s] -- Installing: /home/emelie/ba_ws_com/install/turtlesim/include/turtlesim/action/detail/rotate_absolute__traits.hpp
[57.705s] -- Installing: /home/emelie/ba_ws_com/install/turtlesim/include/turtlesim/action/rotate_absolute.hpp
[57.705s] -- Up-to-date: /home/emelie/ba_ws_com/install/turtlesim/include/turtlesim
[57.706s] -- Up-to-date: /home/emelie/ba_ws_com/install/turtlesim/include/turtlesim/srv
[57.706s] -- Up-to-date: /home/emelie/ba_ws_com/install/turtlesim/include/turtlesim/srv/detail
[57.706s] -- Installing: /home/emelie/ba_ws_com/install/turtlesim/include/turtlesim/srv/detail/kill__rosidl_typesupport_introspection_cpp.hpp
[57.706s] -- Installing: /home/emelie/ba_ws_com/install/turtlesim/include/turtlesim/srv/detail/spawn__rosidl_typesupport_introspection_cpp.hpp
[57.707s] -- Installing: /home/emelie/ba_ws_com/install/turtlesim/include/turtlesim/srv/detail/teleport_absolute__rosidl_typesupport_introspection_cpp.hpp
[57.707s] -- Installing: /home/emelie/ba_ws_com/install/turtlesim/include/turtlesim/srv/detail/teleport_relative__type_support.cpp
[57.708s] -- Installing: /home/emelie/ba_ws_com/install/turtlesim/include/turtlesim/srv/detail/teleport_relative__rosidl_typesupport_introspection_cpp.hpp
[57.708s] -- Installing: /home/emelie/ba_ws_com/install/turtlesim/include/turtlesim/srv/detail/set_pen__rosidl_typesupport_introspection_cpp.hpp
[57.708s] -- Installing: /home/emelie/ba_ws_com/install/turtlesim/include/turtlesim/srv/detail/set_pen__type_support.cpp
[57.708s] -- Installing: /home/emelie/ba_ws_com/install/turtlesim/include/turtlesim/srv/detail/kill__type_support.cpp
[57.708s] -- Installing: /home/emelie/ba_ws_com/install/turtlesim/include/turtlesim/srv/detail/teleport_absolute__type_support.cpp
[57.709s] -- Installing: /home/emelie/ba_ws_com/install/turtlesim/include/turtlesim/srv/detail/spawn__type_support.cpp
[57.709s] -- Up-to-date: /home/emelie/ba_ws_com/install/turtlesim/include/turtlesim/msg
[57.709s] -- Up-to-date: /home/emelie/ba_ws_com/install/turtlesim/include/turtlesim/msg/detail
[57.709s] -- Installing: /home/emelie/ba_ws_com/install/turtlesim/include/turtlesim/msg/detail/pose__type_support.cpp
[57.709s] -- Installing: /home/emelie/ba_ws_com/install/turtlesim/include/turtlesim/msg/detail/color__type_support.cpp
[57.710s] -- Installing: /home/emelie/ba_ws_com/install/turtlesim/include/turtlesim/msg/detail/color__rosidl_typesupport_introspection_cpp.hpp
[57.710s] -- Installing: /home/emelie/ba_ws_com/install/turtlesim/include/turtlesim/msg/detail/pose__rosidl_typesupport_introspection_cpp.hpp
[57.710s] -- Up-to-date: /home/emelie/ba_ws_com/install/turtlesim/include/turtlesim/action
[57.710s] -- Up-to-date: /home/emelie/ba_ws_com/install/turtlesim/include/turtlesim/action/detail
[57.711s] -- Installing: /home/emelie/ba_ws_com/install/turtlesim/include/turtlesim/action/detail/rotate_absolute__type_support.cpp
[57.711s] -- Installing: /home/emelie/ba_ws_com/install/turtlesim/include/turtlesim/action/detail/rotate_absolute__rosidl_typesupport_introspection_cpp.hpp
[57.711s] -- Installing: /home/emelie/ba_ws_com/install/turtlesim/lib/libturtlesim__rosidl_typesupport_introspection_cpp.so
[57.712s] -- Set runtime path of "/home/emelie/ba_ws_com/install/turtlesim/lib/libturtlesim__rosidl_typesupport_introspection_cpp.so" to ""
[57.712s] -- Installing: /home/emelie/ba_ws_com/install/turtlesim/lib/libturtlesim__rosidl_typesupport_cpp.so
[57.712s] -- Set runtime path of "/home/emelie/ba_ws_com/install/turtlesim/lib/libturtlesim__rosidl_typesupport_cpp.so" to ""
[57.712s] -- Installing: /home/emelie/ba_ws_com/install/turtlesim/share/turtlesim/environment/pythonpath.sh
[57.712s] -- Installing: /home/emelie/ba_ws_com/install/turtlesim/share/turtlesim/environment/pythonpath.dsv
[57.713s] -- Installing: /home/emelie/ba_ws_com/install/turtlesim/lib/python3.8/site-packages/turtlesim/__init__.py
[57.794s] Compiling '/home/emelie/ba_ws_com/install/turtlesim/lib/python3.8/site-packages/turtlesim/__init__.py'...
[57.804s] -- Installing: /home/emelie/ba_ws_com/install/turtlesim/lib/python3.8/site-packages/turtlesim/action
[57.805s] -- Installing: /home/emelie/ba_ws_com/install/turtlesim/lib/python3.8/site-packages/turtlesim/action/__init__.py
[57.806s] -- Installing: /home/emelie/ba_ws_com/install/turtlesim/lib/python3.8/site-packages/turtlesim/action/_rotate_absolute.py
[57.806s] -- Installing: /home/emelie/ba_ws_com/install/turtlesim/lib/python3.8/site-packages/turtlesim/action/_rotate_absolute_s.c
[57.807s] -- Installing: /home/emelie/ba_ws_com/install/turtlesim/lib/python3.8/site-packages/turtlesim/msg
[57.808s] -- Installing: /home/emelie/ba_ws_com/install/turtlesim/lib/python3.8/site-packages/turtlesim/msg/__init__.py
[57.809s] -- Installing: /home/emelie/ba_ws_com/install/turtlesim/lib/python3.8/site-packages/turtlesim/msg/_pose_s.c
[57.810s] -- Installing: /home/emelie/ba_ws_com/install/turtlesim/lib/python3.8/site-packages/turtlesim/msg/_color_s.c
[57.810s] -- Installing: /home/emelie/ba_ws_com/install/turtlesim/lib/python3.8/site-packages/turtlesim/msg/_pose.py
[57.810s] -- Installing: /home/emelie/ba_ws_com/install/turtlesim/lib/python3.8/site-packages/turtlesim/msg/_color.py
[57.811s] -- Installing: /home/emelie/ba_ws_com/install/turtlesim/lib/python3.8/site-packages/turtlesim/srv
[57.812s] -- Installing: /home/emelie/ba_ws_com/install/turtlesim/lib/python3.8/site-packages/turtlesim/srv/_kill.py
[57.812s] -- Installing: /home/emelie/ba_ws_com/install/turtlesim/lib/python3.8/site-packages/turtlesim/srv/__init__.py
[57.813s] -- Installing: /home/emelie/ba_ws_com/install/turtlesim/lib/python3.8/site-packages/turtlesim/srv/_set_pen_s.c
[57.813s] -- Installing: /home/emelie/ba_ws_com/install/turtlesim/lib/python3.8/site-packages/turtlesim/srv/_teleport_absolute_s.c
[57.813s] -- Installing: /home/emelie/ba_ws_com/install/turtlesim/lib/python3.8/site-packages/turtlesim/srv/_spawn.py
[57.814s] -- Installing: /home/emelie/ba_ws_com/install/turtlesim/lib/python3.8/site-packages/turtlesim/srv/_teleport_relative_s.c
[57.814s] -- Installing: /home/emelie/ba_ws_com/install/turtlesim/lib/python3.8/site-packages/turtlesim/srv/_kill_s.c
[57.814s] -- Installing: /home/emelie/ba_ws_com/install/turtlesim/lib/python3.8/site-packages/turtlesim/srv/_set_pen.py
[57.815s] -- Installing: /home/emelie/ba_ws_com/install/turtlesim/lib/python3.8/site-packages/turtlesim/srv/_teleport_absolute.py
[57.815s] -- Installing: /home/emelie/ba_ws_com/install/turtlesim/lib/python3.8/site-packages/turtlesim/srv/_teleport_relative.py
[57.816s] -- Installing: /home/emelie/ba_ws_com/install/turtlesim/lib/python3.8/site-packages/turtlesim/srv/_spawn_s.c
[57.816s] -- Installing: /home/emelie/ba_ws_com/install/turtlesim/lib/python3.8/site-packages/turtlesim/turtlesim_s__rosidl_typesupport_fastrtps_c.cpython-38-x86_64-linux-gnu.so
[57.818s] -- Set runtime path of "/home/emelie/ba_ws_com/install/turtlesim/lib/python3.8/site-packages/turtlesim/turtlesim_s__rosidl_typesupport_fastrtps_c.cpython-38-x86_64-linux-gnu.so" to ""
[57.818s] -- Installing: /home/emelie/ba_ws_com/install/turtlesim/lib/python3.8/site-packages/turtlesim/turtlesim_s__rosidl_typesupport_introspection_c.cpython-38-x86_64-linux-gnu.so
[57.819s] -- Set runtime path of "/home/emelie/ba_ws_com/install/turtlesim/lib/python3.8/site-packages/turtlesim/turtlesim_s__rosidl_typesupport_introspection_c.cpython-38-x86_64-linux-gnu.so" to ""
[57.820s] -- Installing: /home/emelie/ba_ws_com/install/turtlesim/lib/python3.8/site-packages/turtlesim/turtlesim_s__rosidl_typesupport_c.cpython-38-x86_64-linux-gnu.so
[57.821s] -- Set runtime path of "/home/emelie/ba_ws_com/install/turtlesim/lib/python3.8/site-packages/turtlesim/turtlesim_s__rosidl_typesupport_c.cpython-38-x86_64-linux-gnu.so" to ""
[57.821s] -- Installing: /home/emelie/ba_ws_com/install/turtlesim/lib/libturtlesim__python.so
[57.822s] -- Set runtime path of "/home/emelie/ba_ws_com/install/turtlesim/lib/libturtlesim__python.so" to ""
[57.823s] -- Installing: /home/emelie/ba_ws_com/install/turtlesim/share/turtlesim/action/RotateAbsolute.idl
[57.823s] -- Installing: /home/emelie/ba_ws_com/install/turtlesim/share/turtlesim/msg/Color.idl
[57.824s] -- Installing: /home/emelie/ba_ws_com/install/turtlesim/share/turtlesim/msg/Pose.idl
[57.825s] -- Installing: /home/emelie/ba_ws_com/install/turtlesim/share/turtlesim/srv/Kill.idl
[57.825s] -- Installing: /home/emelie/ba_ws_com/install/turtlesim/share/turtlesim/srv/SetPen.idl
[57.826s] -- Installing: /home/emelie/ba_ws_com/install/turtlesim/share/turtlesim/srv/Spawn.idl
[57.826s] -- Installing: /home/emelie/ba_ws_com/install/turtlesim/share/turtlesim/srv/TeleportAbsolute.idl
[57.826s] -- Installing: /home/emelie/ba_ws_com/install/turtlesim/share/turtlesim/srv/TeleportRelative.idl
[57.826s] -- Installing: /home/emelie/ba_ws_com/install/turtlesim/share/turtlesim/action/RotateAbsolute.action
[57.827s] -- Installing: /home/emelie/ba_ws_com/install/turtlesim/share/turtlesim/msg/Color.msg
[57.827s] -- Installing: /home/emelie/ba_ws_com/install/turtlesim/share/turtlesim/msg/Pose.msg
[57.827s] -- Installing: /home/emelie/ba_ws_com/install/turtlesim/share/turtlesim/srv/Kill.srv
[57.828s] -- Installing: /home/emelie/ba_ws_com/install/turtlesim/share/turtlesim/srv/Kill_Request.msg
[57.828s] -- Installing: /home/emelie/ba_ws_com/install/turtlesim/share/turtlesim/srv/Kill_Response.msg
[57.828s] -- Installing: /home/emelie/ba_ws_com/install/turtlesim/share/turtlesim/srv/SetPen.srv
[57.829s] -- Installing: /home/emelie/ba_ws_com/install/turtlesim/share/turtlesim/srv/SetPen_Request.msg
[57.829s] -- Installing: /home/emelie/ba_ws_com/install/turtlesim/share/turtlesim/srv/SetPen_Response.msg
[57.829s] -- Installing: /home/emelie/ba_ws_com/install/turtlesim/share/turtlesim/srv/Spawn.srv
[57.829s] -- Installing: /home/emelie/ba_ws_com/install/turtlesim/share/turtlesim/srv/Spawn_Request.msg
[57.830s] -- Installing: /home/emelie/ba_ws_com/install/turtlesim/share/turtlesim/srv/Spawn_Response.msg
[57.830s] -- Installing: /home/emelie/ba_ws_com/install/turtlesim/share/turtlesim/srv/TeleportAbsolute.srv
[57.830s] -- Installing: /home/emelie/ba_ws_com/install/turtlesim/share/turtlesim/srv/TeleportAbsolute_Request.msg
[57.831s] -- Installing: /home/emelie/ba_ws_com/install/turtlesim/share/turtlesim/srv/TeleportAbsolute_Response.msg
[57.831s] -- Installing: /home/emelie/ba_ws_com/install/turtlesim/share/turtlesim/srv/TeleportRelative.srv
[57.831s] -- Installing: /home/emelie/ba_ws_com/install/turtlesim/share/turtlesim/srv/TeleportRelative_Request.msg
[57.832s] -- Installing: /home/emelie/ba_ws_com/install/turtlesim/share/turtlesim/srv/TeleportRelative_Response.msg
[57.832s] -- Installing: /home/emelie/ba_ws_com/install/turtlesim/lib/turtlesim/turtlesim_node
[57.838s] -- Set runtime path of "/home/emelie/ba_ws_com/install/turtlesim/lib/turtlesim/turtlesim_node" to ""
[57.838s] -- Installing: /home/emelie/ba_ws_com/install/turtlesim/lib/turtlesim/turtle_teleop_key
[57.841s] -- Set runtime path of "/home/emelie/ba_ws_com/install/turtlesim/lib/turtlesim/turtle_teleop_key" to ""
[57.841s] -- Installing: /home/emelie/ba_ws_com/install/turtlesim/lib/turtlesim/draw_square
[57.844s] -- Set runtime path of "/home/emelie/ba_ws_com/install/turtlesim/lib/turtlesim/draw_square" to ""
[57.845s] -- Installing: /home/emelie/ba_ws_com/install/turtlesim/lib/turtlesim/mimic
[57.847s] -- Set runtime path of "/home/emelie/ba_ws_com/install/turtlesim/lib/turtlesim/mimic" to ""
[57.847s] -- Installing: /home/emelie/ba_ws_com/install/turtlesim/share/turtlesim/images
[57.848s] -- Installing: /home/emelie/ba_ws_com/install/turtlesim/share/turtlesim/images/ardent.png
[57.848s] -- Installing: /home/emelie/ba_ws_com/install/turtlesim/share/turtlesim/images/foxy.png
[57.849s] -- Installing: /home/emelie/ba_ws_com/install/turtlesim/share/turtlesim/images/bouncy.png
[57.849s] -- Installing: /home/emelie/ba_ws_com/install/turtlesim/share/turtlesim/images/crystal.png
[57.849s] -- Installing: /home/emelie/ba_ws_com/install/turtlesim/share/turtlesim/images/eloquent.png
[57.849s] -- Installing: /home/emelie/ba_ws_com/install/turtlesim/share/turtlesim/images/dashing.png
[57.850s] -- Installing: /home/emelie/ba_ws_com/install/turtlesim/share/turtlesim/launch
[57.850s] -- Installing: /home/emelie/ba_ws_com/install/turtlesim/share/turtlesim/launch/multisim.launch.py
[57.851s] -- Installing: /home/emelie/ba_ws_com/install/turtlesim/share/ament_index/resource_index/package_run_dependencies/turtlesim
[57.852s] -- Installing: /home/emelie/ba_ws_com/install/turtlesim/share/ament_index/resource_index/parent_prefix_path/turtlesim
[57.852s] -- Installing: /home/emelie/ba_ws_com/install/turtlesim/share/turtlesim/environment/ament_prefix_path.sh
[57.852s] -- Installing: /home/emelie/ba_ws_com/install/turtlesim/share/turtlesim/environment/ament_prefix_path.dsv
[57.852s] -- Installing: /home/emelie/ba_ws_com/install/turtlesim/share/turtlesim/environment/path.sh
[57.853s] -- Installing: /home/emelie/ba_ws_com/install/turtlesim/share/turtlesim/environment/path.dsv
[57.853s] -- Installing: /home/emelie/ba_ws_com/install/turtlesim/share/turtlesim/local_setup.bash
[57.853s] -- Installing: /home/emelie/ba_ws_com/install/turtlesim/share/turtlesim/local_setup.sh
[57.854s] -- Installing: /home/emelie/ba_ws_com/install/turtlesim/share/turtlesim/local_setup.zsh
[57.854s] -- Installing: /home/emelie/ba_ws_com/install/turtlesim/share/turtlesim/local_setup.dsv
[57.854s] -- Installing: /home/emelie/ba_ws_com/install/turtlesim/share/turtlesim/package.dsv
[57.855s] -- Installing: /home/emelie/ba_ws_com/install/turtlesim/share/ament_index/resource_index/packages/turtlesim
[57.856s] -- Installing: /home/emelie/ba_ws_com/install/turtlesim/share/turtlesim/cmake/turtlesim__rosidl_generator_cExport.cmake
[57.856s] -- Installing: /home/emelie/ba_ws_com/install/turtlesim/share/turtlesim/cmake/turtlesim__rosidl_generator_cExport-noconfig.cmake
[57.856s] -- Installing: /home/emelie/ba_ws_com/install/turtlesim/share/turtlesim/cmake/turtlesim__rosidl_typesupport_introspection_cExport.cmake
[57.857s] -- Installing: /home/emelie/ba_ws_com/install/turtlesim/share/turtlesim/cmake/turtlesim__rosidl_typesupport_introspection_cExport-noconfig.cmake
[57.857s] -- Installing: /home/emelie/ba_ws_com/install/turtlesim/share/turtlesim/cmake/turtlesim__rosidl_typesupport_cExport.cmake
[57.857s] -- Installing: /home/emelie/ba_ws_com/install/turtlesim/share/turtlesim/cmake/turtlesim__rosidl_typesupport_cExport-noconfig.cmake
[57.858s] -- Installing: /home/emelie/ba_ws_com/install/turtlesim/share/turtlesim/cmake/turtlesim__rosidl_generator_cppExport.cmake
[57.858s] -- Installing: /home/emelie/ba_ws_com/install/turtlesim/share/turtlesim/cmake/turtlesim__rosidl_typesupport_introspection_cppExport.cmake
[57.859s] -- Installing: /home/emelie/ba_ws_com/install/turtlesim/share/turtlesim/cmake/turtlesim__rosidl_typesupport_introspection_cppExport-noconfig.cmake
[57.859s] -- Installing: /home/emelie/ba_ws_com/install/turtlesim/share/turtlesim/cmake/turtlesim__rosidl_typesupport_cppExport.cmake
[57.859s] -- Installing: /home/emelie/ba_ws_com/install/turtlesim/share/turtlesim/cmake/turtlesim__rosidl_typesupport_cppExport-noconfig.cmake
[57.860s] -- Installing: /home/emelie/ba_ws_com/install/turtlesim/share/turtlesim/cmake/rosidl_cmake-extras.cmake
[57.860s] -- Installing: /home/emelie/ba_ws_com/install/turtlesim/share/turtlesim/cmake/ament_cmake_export_dependencies-extras.cmake
[57.860s] -- Installing: /home/emelie/ba_ws_com/install/turtlesim/share/turtlesim/cmake/ament_cmake_export_libraries-extras.cmake
[57.861s] -- Installing: /home/emelie/ba_ws_com/install/turtlesim/share/turtlesim/cmake/ament_cmake_export_targets-extras.cmake
[57.861s] -- Installing: /home/emelie/ba_ws_com/install/turtlesim/share/turtlesim/cmake/ament_cmake_export_include_directories-extras.cmake
[57.861s] -- Installing: /home/emelie/ba_ws_com/install/turtlesim/share/turtlesim/cmake/rosidl_cmake_export_typesupport_libraries-extras.cmake
[57.862s] -- Installing: /home/emelie/ba_ws_com/install/turtlesim/share/turtlesim/cmake/rosidl_cmake_export_typesupport_targets-extras.cmake
[57.862s] -- Installing: /home/emelie/ba_ws_com/install/turtlesim/share/turtlesim/cmake/turtlesimConfig.cmake
[57.862s] -- Installing: /home/emelie/ba_ws_com/install/turtlesim/share/turtlesim/cmake/turtlesimConfig-version.cmake
[57.863s] -- Installing: /home/emelie/ba_ws_com/install/turtlesim/share/turtlesim/package.xml
[57.867s] Invoked command in '/home/emelie/ba_ws_com/build/turtlesim' returned '0': CMAKE_PREFIX_PATH=/opt/ros/foxy /usr/bin/cmake --install /home/emelie/ba_ws_com/build/turtlesim
