[0.924s] DEBUG:colcon:Command line arguments: ['/usr/bin/colcon', 'build']
[0.924s] DEBUG:colcon:Parsed command line arguments: Namespace(allow_overriding=[], ament_cmake_args=None, base_paths=['.'], build_base='build', catkin_cmake_args=None, catkin_skip_building_tests=False, cmake_args=None, cmake_clean_cache=False, cmake_clean_first=False, cmake_force_configure=False, cmake_target=None, cmake_target_skip_unavailable=False, continue_on_error=False, event_handlers=None, executor='parallel', ignore_user_meta=False, install_base='install', log_base=None, log_level=None, main=<bound method BuildVerb.main of <colcon_core.verb.build.BuildVerb object at 0x75eaa946ae50>>, merge_install=False, metas=['./colcon.meta'], mixin=None, mixin_files=None, mixin_verb=('build',), packages_above=None, packages_above_and_dependencies=None, packages_above_depth=None, packages_end=None, packages_ignore=None, packages_ignore_regex=None, packages_select=None, packages_select_build_failed=False, packages_select_by_dep=None, packages_select_regex=None, packages_select_test_failures=False, packages_skip=None, packages_skip_build_finished=False, packages_skip_by_dep=None, packages_skip_regex=None, packages_skip_test_passed=False, packages_skip_up_to=None, packages_start=None, packages_up_to=None, packages_up_to_regex=None, parallel_workers=4, paths=None, symlink_install=False, test_result_base=None, verb_extension=<colcon_core.verb.build.BuildVerb object at 0x75eaa946ae50>, verb_name='build', verb_parser=<colcon_mixin.mixin.mixin_argument.MixinArgumentDecorator object at 0x75eaa947a700>)
[1.393s] Level 1:colcon.colcon_core.package_discovery:discover_packages(colcon_meta) check parameters
[1.393s] Level 1:colcon.colcon_core.package_discovery:discover_packages(recursive) check parameters
[1.393s] Level 1:colcon.colcon_core.package_discovery:discover_packages(ignore) check parameters
[1.393s] Level 1:colcon.colcon_core.package_discovery:discover_packages(path) check parameters
[1.393s] Level 1:colcon.colcon_core.package_discovery:discover_packages(colcon_meta) discover
[1.393s] Level 1:colcon.colcon_core.package_discovery:discover_packages(recursive) discover
[1.394s] INFO:colcon.colcon_core.package_discovery:Crawling recursively for packages in '/home/emelie/ba_ws_com'
[1.394s] Level 1:colcon.colcon_core.package_identification:_identify(.) by extensions ['ignore', 'ignore_ament_install']
[1.394s] Level 1:colcon.colcon_core.package_identification:_identify(.) by extension 'ignore'
[1.395s] Level 1:colcon.colcon_core.package_identification:_identify(.) by extension 'ignore_ament_install'
[1.396s] Level 1:colcon.colcon_core.package_identification:_identify(.) by extensions ['colcon_pkg']
[1.396s] Level 1:colcon.colcon_core.package_identification:_identify(.) by extension 'colcon_pkg'
[1.396s] Level 1:colcon.colcon_core.package_identification:_identify(.) by extensions ['colcon_meta']
[1.396s] Level 1:colcon.colcon_core.package_identification:_identify(.) by extension 'colcon_meta'
[1.396s] Level 1:colcon.colcon_core.package_identification:_identify(.) by extensions ['ros']
[1.397s] Level 1:colcon.colcon_core.package_identification:_identify(.) by extension 'ros'
[1.459s] Level 1:colcon.colcon_core.package_identification:_identify(.) by extensions ['cmake', 'python']
[1.459s] Level 1:colcon.colcon_core.package_identification:_identify(.) by extension 'cmake'
[1.459s] Level 1:colcon.colcon_core.package_identification:_identify(.) by extension 'python'
[1.459s] Level 1:colcon.colcon_core.package_identification:_identify(.) by extensions ['python_setup_py']
[1.459s] Level 1:colcon.colcon_core.package_identification:_identify(.) by extension 'python_setup_py'
[1.460s] Level 1:colcon.colcon_core.package_identification:_identify(CMakeFiles) by extensions ['ignore', 'ignore_ament_install']
[1.460s] Level 1:colcon.colcon_core.package_identification:_identify(CMakeFiles) by extension 'ignore'
[1.460s] Level 1:colcon.colcon_core.package_identification:_identify(CMakeFiles) by extension 'ignore_ament_install'
[1.460s] Level 1:colcon.colcon_core.package_identification:_identify(CMakeFiles) by extensions ['colcon_pkg']
[1.460s] Level 1:colcon.colcon_core.package_identification:_identify(CMakeFiles) by extension 'colcon_pkg'
[1.461s] Level 1:colcon.colcon_core.package_identification:_identify(CMakeFiles) by extensions ['colcon_meta']
[1.461s] Level 1:colcon.colcon_core.package_identification:_identify(CMakeFiles) by extension 'colcon_meta'
[1.461s] Level 1:colcon.colcon_core.package_identification:_identify(CMakeFiles) by extensions ['ros']
[1.461s] Level 1:colcon.colcon_core.package_identification:_identify(CMakeFiles) by extension 'ros'
[1.461s] Level 1:colcon.colcon_core.package_identification:_identify(CMakeFiles) by extensions ['cmake', 'python']
[1.461s] Level 1:colcon.colcon_core.package_identification:_identify(CMakeFiles) by extension 'cmake'
[1.461s] Level 1:colcon.colcon_core.package_identification:_identify(CMakeFiles) by extension 'python'
[1.461s] Level 1:colcon.colcon_core.package_identification:_identify(CMakeFiles) by extensions ['python_setup_py']
[1.461s] Level 1:colcon.colcon_core.package_identification:_identify(CMakeFiles) by extension 'python_setup_py'
[1.462s] Level 1:colcon.colcon_core.package_identification:_identify(CMakeFiles/3.16.3) by extensions ['ignore', 'ignore_ament_install']
[1.462s] Level 1:colcon.colcon_core.package_identification:_identify(CMakeFiles/3.16.3) by extension 'ignore'
[1.462s] Level 1:colcon.colcon_core.package_identification:_identify(CMakeFiles/3.16.3) by extension 'ignore_ament_install'
[1.462s] Level 1:colcon.colcon_core.package_identification:_identify(CMakeFiles/3.16.3) by extensions ['colcon_pkg']
[1.463s] Level 1:colcon.colcon_core.package_identification:_identify(CMakeFiles/3.16.3) by extension 'colcon_pkg'
[1.463s] Level 1:colcon.colcon_core.package_identification:_identify(CMakeFiles/3.16.3) by extensions ['colcon_meta']
[1.463s] Level 1:colcon.colcon_core.package_identification:_identify(CMakeFiles/3.16.3) by extension 'colcon_meta'
[1.463s] Level 1:colcon.colcon_core.package_identification:_identify(CMakeFiles/3.16.3) by extensions ['ros']
[1.463s] Level 1:colcon.colcon_core.package_identification:_identify(CMakeFiles/3.16.3) by extension 'ros'
[1.463s] Level 1:colcon.colcon_core.package_identification:_identify(CMakeFiles/3.16.3) by extensions ['cmake', 'python']
[1.463s] Level 1:colcon.colcon_core.package_identification:_identify(CMakeFiles/3.16.3) by extension 'cmake'
[1.464s] Level 1:colcon.colcon_core.package_identification:_identify(CMakeFiles/3.16.3) by extension 'python'
[1.465s] Level 1:colcon.colcon_core.package_identification:_identify(CMakeFiles/3.16.3) by extensions ['python_setup_py']
[1.465s] Level 1:colcon.colcon_core.package_identification:_identify(CMakeFiles/3.16.3) by extension 'python_setup_py'
[1.466s] Level 1:colcon.colcon_core.package_identification:_identify(CMakeFiles/3.16.3/CompilerIdC) by extensions ['ignore', 'ignore_ament_install']
[1.466s] Level 1:colcon.colcon_core.package_identification:_identify(CMakeFiles/3.16.3/CompilerIdC) by extension 'ignore'
[1.466s] Level 1:colcon.colcon_core.package_identification:_identify(CMakeFiles/3.16.3/CompilerIdC) by extension 'ignore_ament_install'
[1.466s] Level 1:colcon.colcon_core.package_identification:_identify(CMakeFiles/3.16.3/CompilerIdC) by extensions ['colcon_pkg']
[1.466s] Level 1:colcon.colcon_core.package_identification:_identify(CMakeFiles/3.16.3/CompilerIdC) by extension 'colcon_pkg'
[1.466s] Level 1:colcon.colcon_core.package_identification:_identify(CMakeFiles/3.16.3/CompilerIdC) by extensions ['colcon_meta']
[1.467s] Level 1:colcon.colcon_core.package_identification:_identify(CMakeFiles/3.16.3/CompilerIdC) by extension 'colcon_meta'
[1.467s] Level 1:colcon.colcon_core.package_identification:_identify(CMakeFiles/3.16.3/CompilerIdC) by extensions ['ros']
[1.467s] Level 1:colcon.colcon_core.package_identification:_identify(CMakeFiles/3.16.3/CompilerIdC) by extension 'ros'
[1.467s] Level 1:colcon.colcon_core.package_identification:_identify(CMakeFiles/3.16.3/CompilerIdC) by extensions ['cmake', 'python']
[1.467s] Level 1:colcon.colcon_core.package_identification:_identify(CMakeFiles/3.16.3/CompilerIdC) by extension 'cmake'
[1.467s] Level 1:colcon.colcon_core.package_identification:_identify(CMakeFiles/3.16.3/CompilerIdC) by extension 'python'
[1.467s] Level 1:colcon.colcon_core.package_identification:_identify(CMakeFiles/3.16.3/CompilerIdC) by extensions ['python_setup_py']
[1.467s] Level 1:colcon.colcon_core.package_identification:_identify(CMakeFiles/3.16.3/CompilerIdC) by extension 'python_setup_py'
[1.468s] Level 1:colcon.colcon_core.package_identification:_identify(CMakeFiles/3.16.3/CompilerIdC/tmp) by extensions ['ignore', 'ignore_ament_install']
[1.468s] Level 1:colcon.colcon_core.package_identification:_identify(CMakeFiles/3.16.3/CompilerIdC/tmp) by extension 'ignore'
[1.468s] Level 1:colcon.colcon_core.package_identification:_identify(CMakeFiles/3.16.3/CompilerIdC/tmp) by extension 'ignore_ament_install'
[1.468s] Level 1:colcon.colcon_core.package_identification:_identify(CMakeFiles/3.16.3/CompilerIdC/tmp) by extensions ['colcon_pkg']
[1.468s] Level 1:colcon.colcon_core.package_identification:_identify(CMakeFiles/3.16.3/CompilerIdC/tmp) by extension 'colcon_pkg'
[1.468s] Level 1:colcon.colcon_core.package_identification:_identify(CMakeFiles/3.16.3/CompilerIdC/tmp) by extensions ['colcon_meta']
[1.469s] Level 1:colcon.colcon_core.package_identification:_identify(CMakeFiles/3.16.3/CompilerIdC/tmp) by extension 'colcon_meta'
[1.469s] Level 1:colcon.colcon_core.package_identification:_identify(CMakeFiles/3.16.3/CompilerIdC/tmp) by extensions ['ros']
[1.469s] Level 1:colcon.colcon_core.package_identification:_identify(CMakeFiles/3.16.3/CompilerIdC/tmp) by extension 'ros'
[1.469s] Level 1:colcon.colcon_core.package_identification:_identify(CMakeFiles/3.16.3/CompilerIdC/tmp) by extensions ['cmake', 'python']
[1.469s] Level 1:colcon.colcon_core.package_identification:_identify(CMakeFiles/3.16.3/CompilerIdC/tmp) by extension 'cmake'
[1.469s] Level 1:colcon.colcon_core.package_identification:_identify(CMakeFiles/3.16.3/CompilerIdC/tmp) by extension 'python'
[1.469s] Level 1:colcon.colcon_core.package_identification:_identify(CMakeFiles/3.16.3/CompilerIdC/tmp) by extensions ['python_setup_py']
[1.470s] Level 1:colcon.colcon_core.package_identification:_identify(CMakeFiles/3.16.3/CompilerIdC/tmp) by extension 'python_setup_py'
[1.470s] Level 1:colcon.colcon_core.package_identification:_identify(CMakeFiles/3.16.3/CompilerIdCXX) by extensions ['ignore', 'ignore_ament_install']
[1.470s] Level 1:colcon.colcon_core.package_identification:_identify(CMakeFiles/3.16.3/CompilerIdCXX) by extension 'ignore'
[1.471s] Level 1:colcon.colcon_core.package_identification:_identify(CMakeFiles/3.16.3/CompilerIdCXX) by extension 'ignore_ament_install'
[1.471s] Level 1:colcon.colcon_core.package_identification:_identify(CMakeFiles/3.16.3/CompilerIdCXX) by extensions ['colcon_pkg']
[1.471s] Level 1:colcon.colcon_core.package_identification:_identify(CMakeFiles/3.16.3/CompilerIdCXX) by extension 'colcon_pkg'
[1.471s] Level 1:colcon.colcon_core.package_identification:_identify(CMakeFiles/3.16.3/CompilerIdCXX) by extensions ['colcon_meta']
[1.471s] Level 1:colcon.colcon_core.package_identification:_identify(CMakeFiles/3.16.3/CompilerIdCXX) by extension 'colcon_meta'
[1.471s] Level 1:colcon.colcon_core.package_identification:_identify(CMakeFiles/3.16.3/CompilerIdCXX) by extensions ['ros']
[1.471s] Level 1:colcon.colcon_core.package_identification:_identify(CMakeFiles/3.16.3/CompilerIdCXX) by extension 'ros'
[1.472s] Level 1:colcon.colcon_core.package_identification:_identify(CMakeFiles/3.16.3/CompilerIdCXX) by extensions ['cmake', 'python']
[1.472s] Level 1:colcon.colcon_core.package_identification:_identify(CMakeFiles/3.16.3/CompilerIdCXX) by extension 'cmake'
[1.472s] Level 1:colcon.colcon_core.package_identification:_identify(CMakeFiles/3.16.3/CompilerIdCXX) by extension 'python'
[1.472s] Level 1:colcon.colcon_core.package_identification:_identify(CMakeFiles/3.16.3/CompilerIdCXX) by extensions ['python_setup_py']
[1.472s] Level 1:colcon.colcon_core.package_identification:_identify(CMakeFiles/3.16.3/CompilerIdCXX) by extension 'python_setup_py'
[1.472s] Level 1:colcon.colcon_core.package_identification:_identify(CMakeFiles/3.16.3/CompilerIdCXX/tmp) by extensions ['ignore', 'ignore_ament_install']
[1.473s] Level 1:colcon.colcon_core.package_identification:_identify(CMakeFiles/3.16.3/CompilerIdCXX/tmp) by extension 'ignore'
[1.473s] Level 1:colcon.colcon_core.package_identification:_identify(CMakeFiles/3.16.3/CompilerIdCXX/tmp) by extension 'ignore_ament_install'
[1.473s] Level 1:colcon.colcon_core.package_identification:_identify(CMakeFiles/3.16.3/CompilerIdCXX/tmp) by extensions ['colcon_pkg']
[1.473s] Level 1:colcon.colcon_core.package_identification:_identify(CMakeFiles/3.16.3/CompilerIdCXX/tmp) by extension 'colcon_pkg'
[1.473s] Level 1:colcon.colcon_core.package_identification:_identify(CMakeFiles/3.16.3/CompilerIdCXX/tmp) by extensions ['colcon_meta']
[1.473s] Level 1:colcon.colcon_core.package_identification:_identify(CMakeFiles/3.16.3/CompilerIdCXX/tmp) by extension 'colcon_meta'
[1.473s] Level 1:colcon.colcon_core.package_identification:_identify(CMakeFiles/3.16.3/CompilerIdCXX/tmp) by extensions ['ros']
[1.473s] Level 1:colcon.colcon_core.package_identification:_identify(CMakeFiles/3.16.3/CompilerIdCXX/tmp) by extension 'ros'
[1.474s] Level 1:colcon.colcon_core.package_identification:_identify(CMakeFiles/3.16.3/CompilerIdCXX/tmp) by extensions ['cmake', 'python']
[1.474s] Level 1:colcon.colcon_core.package_identification:_identify(CMakeFiles/3.16.3/CompilerIdCXX/tmp) by extension 'cmake'
[1.474s] Level 1:colcon.colcon_core.package_identification:_identify(CMakeFiles/3.16.3/CompilerIdCXX/tmp) by extension 'python'
[1.474s] Level 1:colcon.colcon_core.package_identification:_identify(CMakeFiles/3.16.3/CompilerIdCXX/tmp) by extensions ['python_setup_py']
[1.474s] Level 1:colcon.colcon_core.package_identification:_identify(CMakeFiles/3.16.3/CompilerIdCXX/tmp) by extension 'python_setup_py'
[1.474s] Level 1:colcon.colcon_core.package_identification:_identify(CMakeFiles/CMakeTmp) by extensions ['ignore', 'ignore_ament_install']
[1.475s] Level 1:colcon.colcon_core.package_identification:_identify(CMakeFiles/CMakeTmp) by extension 'ignore'
[1.475s] Level 1:colcon.colcon_core.package_identification:_identify(CMakeFiles/CMakeTmp) by extension 'ignore_ament_install'
[1.475s] Level 1:colcon.colcon_core.package_identification:_identify(CMakeFiles/CMakeTmp) by extensions ['colcon_pkg']
[1.475s] Level 1:colcon.colcon_core.package_identification:_identify(CMakeFiles/CMakeTmp) by extension 'colcon_pkg'
[1.475s] Level 1:colcon.colcon_core.package_identification:_identify(CMakeFiles/CMakeTmp) by extensions ['colcon_meta']
[1.475s] Level 1:colcon.colcon_core.package_identification:_identify(CMakeFiles/CMakeTmp) by extension 'colcon_meta'
[1.475s] Level 1:colcon.colcon_core.package_identification:_identify(CMakeFiles/CMakeTmp) by extensions ['ros']
[1.475s] Level 1:colcon.colcon_core.package_identification:_identify(CMakeFiles/CMakeTmp) by extension 'ros'
[1.476s] Level 1:colcon.colcon_core.package_identification:_identify(CMakeFiles/CMakeTmp) by extensions ['cmake', 'python']
[1.476s] Level 1:colcon.colcon_core.package_identification:_identify(CMakeFiles/CMakeTmp) by extension 'cmake'
[1.476s] Level 1:colcon.colcon_core.package_identification:_identify(CMakeFiles/CMakeTmp) by extension 'python'
[1.476s] Level 1:colcon.colcon_core.package_identification:_identify(CMakeFiles/CMakeTmp) by extensions ['python_setup_py']
[1.476s] Level 1:colcon.colcon_core.package_identification:_identify(CMakeFiles/CMakeTmp) by extension 'python_setup_py'
[1.476s] Level 1:colcon.colcon_core.package_identification:_identify(CMakeFiles/listener.dir) by extensions ['ignore', 'ignore_ament_install']
[1.476s] Level 1:colcon.colcon_core.package_identification:_identify(CMakeFiles/listener.dir) by extension 'ignore'
[1.477s] Level 1:colcon.colcon_core.package_identification:_identify(CMakeFiles/listener.dir) by extension 'ignore_ament_install'
[1.477s] Level 1:colcon.colcon_core.package_identification:_identify(CMakeFiles/listener.dir) by extensions ['colcon_pkg']
[1.477s] Level 1:colcon.colcon_core.package_identification:_identify(CMakeFiles/listener.dir) by extension 'colcon_pkg'
[1.477s] Level 1:colcon.colcon_core.package_identification:_identify(CMakeFiles/listener.dir) by extensions ['colcon_meta']
[1.477s] Level 1:colcon.colcon_core.package_identification:_identify(CMakeFiles/listener.dir) by extension 'colcon_meta'
[1.477s] Level 1:colcon.colcon_core.package_identification:_identify(CMakeFiles/listener.dir) by extensions ['ros']
[1.477s] Level 1:colcon.colcon_core.package_identification:_identify(CMakeFiles/listener.dir) by extension 'ros'
[1.478s] Level 1:colcon.colcon_core.package_identification:_identify(CMakeFiles/listener.dir) by extensions ['cmake', 'python']
[1.478s] Level 1:colcon.colcon_core.package_identification:_identify(CMakeFiles/listener.dir) by extension 'cmake'
[1.478s] Level 1:colcon.colcon_core.package_identification:_identify(CMakeFiles/listener.dir) by extension 'python'
[1.478s] Level 1:colcon.colcon_core.package_identification:_identify(CMakeFiles/listener.dir) by extensions ['python_setup_py']
[1.478s] Level 1:colcon.colcon_core.package_identification:_identify(CMakeFiles/listener.dir) by extension 'python_setup_py'
[1.478s] Level 1:colcon.colcon_core.package_identification:_identify(CMakeFiles/listener.dir/src) by extensions ['ignore', 'ignore_ament_install']
[1.479s] Level 1:colcon.colcon_core.package_identification:_identify(CMakeFiles/listener.dir/src) by extension 'ignore'
[1.479s] Level 1:colcon.colcon_core.package_identification:_identify(CMakeFiles/listener.dir/src) by extension 'ignore_ament_install'
[1.479s] Level 1:colcon.colcon_core.package_identification:_identify(CMakeFiles/listener.dir/src) by extensions ['colcon_pkg']
[1.479s] Level 1:colcon.colcon_core.package_identification:_identify(CMakeFiles/listener.dir/src) by extension 'colcon_pkg'
[1.479s] Level 1:colcon.colcon_core.package_identification:_identify(CMakeFiles/listener.dir/src) by extensions ['colcon_meta']
[1.479s] Level 1:colcon.colcon_core.package_identification:_identify(CMakeFiles/listener.dir/src) by extension 'colcon_meta'
[1.479s] Level 1:colcon.colcon_core.package_identification:_identify(CMakeFiles/listener.dir/src) by extensions ['ros']
[1.480s] Level 1:colcon.colcon_core.package_identification:_identify(CMakeFiles/listener.dir/src) by extension 'ros'
[1.480s] Level 1:colcon.colcon_core.package_identification:_identify(CMakeFiles/listener.dir/src) by extensions ['cmake', 'python']
[1.480s] Level 1:colcon.colcon_core.package_identification:_identify(CMakeFiles/listener.dir/src) by extension 'cmake'
[1.480s] Level 1:colcon.colcon_core.package_identification:_identify(CMakeFiles/listener.dir/src) by extension 'python'
[1.481s] Level 1:colcon.colcon_core.package_identification:_identify(CMakeFiles/listener.dir/src) by extensions ['python_setup_py']
[1.482s] Level 1:colcon.colcon_core.package_identification:_identify(CMakeFiles/listener.dir/src) by extension 'python_setup_py'
[1.482s] Level 1:colcon.colcon_core.package_identification:_identify(CMakeFiles/my_cpp_node.dir) by extensions ['ignore', 'ignore_ament_install']
[1.482s] Level 1:colcon.colcon_core.package_identification:_identify(CMakeFiles/my_cpp_node.dir) by extension 'ignore'
[1.483s] Level 1:colcon.colcon_core.package_identification:_identify(CMakeFiles/my_cpp_node.dir) by extension 'ignore_ament_install'
[1.483s] Level 1:colcon.colcon_core.package_identification:_identify(CMakeFiles/my_cpp_node.dir) by extensions ['colcon_pkg']
[1.483s] Level 1:colcon.colcon_core.package_identification:_identify(CMakeFiles/my_cpp_node.dir) by extension 'colcon_pkg'
[1.483s] Level 1:colcon.colcon_core.package_identification:_identify(CMakeFiles/my_cpp_node.dir) by extensions ['colcon_meta']
[1.483s] Level 1:colcon.colcon_core.package_identification:_identify(CMakeFiles/my_cpp_node.dir) by extension 'colcon_meta'
[1.483s] Level 1:colcon.colcon_core.package_identification:_identify(CMakeFiles/my_cpp_node.dir) by extensions ['ros']
[1.483s] Level 1:colcon.colcon_core.package_identification:_identify(CMakeFiles/my_cpp_node.dir) by extension 'ros'
[1.483s] Level 1:colcon.colcon_core.package_identification:_identify(CMakeFiles/my_cpp_node.dir) by extensions ['cmake', 'python']
[1.484s] Level 1:colcon.colcon_core.package_identification:_identify(CMakeFiles/my_cpp_node.dir) by extension 'cmake'
[1.484s] Level 1:colcon.colcon_core.package_identification:_identify(CMakeFiles/my_cpp_node.dir) by extension 'python'
[1.484s] Level 1:colcon.colcon_core.package_identification:_identify(CMakeFiles/my_cpp_node.dir) by extensions ['python_setup_py']
[1.484s] Level 1:colcon.colcon_core.package_identification:_identify(CMakeFiles/my_cpp_node.dir) by extension 'python_setup_py'
[1.484s] Level 1:colcon.colcon_core.package_identification:_identify(CMakeFiles/my_cpp_node.dir/src) by extensions ['ignore', 'ignore_ament_install']
[1.484s] Level 1:colcon.colcon_core.package_identification:_identify(CMakeFiles/my_cpp_node.dir/src) by extension 'ignore'
[1.484s] Level 1:colcon.colcon_core.package_identification:_identify(CMakeFiles/my_cpp_node.dir/src) by extension 'ignore_ament_install'
[1.485s] Level 1:colcon.colcon_core.package_identification:_identify(CMakeFiles/my_cpp_node.dir/src) by extensions ['colcon_pkg']
[1.485s] Level 1:colcon.colcon_core.package_identification:_identify(CMakeFiles/my_cpp_node.dir/src) by extension 'colcon_pkg'
[1.485s] Level 1:colcon.colcon_core.package_identification:_identify(CMakeFiles/my_cpp_node.dir/src) by extensions ['colcon_meta']
[1.485s] Level 1:colcon.colcon_core.package_identification:_identify(CMakeFiles/my_cpp_node.dir/src) by extension 'colcon_meta'
[1.485s] Level 1:colcon.colcon_core.package_identification:_identify(CMakeFiles/my_cpp_node.dir/src) by extensions ['ros']
[1.485s] Level 1:colcon.colcon_core.package_identification:_identify(CMakeFiles/my_cpp_node.dir/src) by extension 'ros'
[1.485s] Level 1:colcon.colcon_core.package_identification:_identify(CMakeFiles/my_cpp_node.dir/src) by extensions ['cmake', 'python']
[1.485s] Level 1:colcon.colcon_core.package_identification:_identify(CMakeFiles/my_cpp_node.dir/src) by extension 'cmake'
[1.485s] Level 1:colcon.colcon_core.package_identification:_identify(CMakeFiles/my_cpp_node.dir/src) by extension 'python'
[1.486s] Level 1:colcon.colcon_core.package_identification:_identify(CMakeFiles/my_cpp_node.dir/src) by extensions ['python_setup_py']
[1.486s] Level 1:colcon.colcon_core.package_identification:_identify(CMakeFiles/my_cpp_node.dir/src) by extension 'python_setup_py'
[1.486s] Level 1:colcon.colcon_core.package_identification:_identify(CMakeFiles/my_cpp_py_pkg_uninstall.dir) by extensions ['ignore', 'ignore_ament_install']
[1.486s] Level 1:colcon.colcon_core.package_identification:_identify(CMakeFiles/my_cpp_py_pkg_uninstall.dir) by extension 'ignore'
[1.486s] Level 1:colcon.colcon_core.package_identification:_identify(CMakeFiles/my_cpp_py_pkg_uninstall.dir) by extension 'ignore_ament_install'
[1.486s] Level 1:colcon.colcon_core.package_identification:_identify(CMakeFiles/my_cpp_py_pkg_uninstall.dir) by extensions ['colcon_pkg']
[1.486s] Level 1:colcon.colcon_core.package_identification:_identify(CMakeFiles/my_cpp_py_pkg_uninstall.dir) by extension 'colcon_pkg'
[1.487s] Level 1:colcon.colcon_core.package_identification:_identify(CMakeFiles/my_cpp_py_pkg_uninstall.dir) by extensions ['colcon_meta']
[1.487s] Level 1:colcon.colcon_core.package_identification:_identify(CMakeFiles/my_cpp_py_pkg_uninstall.dir) by extension 'colcon_meta'
[1.487s] Level 1:colcon.colcon_core.package_identification:_identify(CMakeFiles/my_cpp_py_pkg_uninstall.dir) by extensions ['ros']
[1.487s] Level 1:colcon.colcon_core.package_identification:_identify(CMakeFiles/my_cpp_py_pkg_uninstall.dir) by extension 'ros'
[1.487s] Level 1:colcon.colcon_core.package_identification:_identify(CMakeFiles/my_cpp_py_pkg_uninstall.dir) by extensions ['cmake', 'python']
[1.487s] Level 1:colcon.colcon_core.package_identification:_identify(CMakeFiles/my_cpp_py_pkg_uninstall.dir) by extension 'cmake'
[1.487s] Level 1:colcon.colcon_core.package_identification:_identify(CMakeFiles/my_cpp_py_pkg_uninstall.dir) by extension 'python'
[1.487s] Level 1:colcon.colcon_core.package_identification:_identify(CMakeFiles/my_cpp_py_pkg_uninstall.dir) by extensions ['python_setup_py']
[1.487s] Level 1:colcon.colcon_core.package_identification:_identify(CMakeFiles/my_cpp_py_pkg_uninstall.dir) by extension 'python_setup_py'
[1.488s] Level 1:colcon.colcon_core.package_identification:_identify(CMakeFiles/talker.dir) by extensions ['ignore', 'ignore_ament_install']
[1.488s] Level 1:colcon.colcon_core.package_identification:_identify(CMakeFiles/talker.dir) by extension 'ignore'
[1.488s] Level 1:colcon.colcon_core.package_identification:_identify(CMakeFiles/talker.dir) by extension 'ignore_ament_install'
[1.488s] Level 1:colcon.colcon_core.package_identification:_identify(CMakeFiles/talker.dir) by extensions ['colcon_pkg']
[1.488s] Level 1:colcon.colcon_core.package_identification:_identify(CMakeFiles/talker.dir) by extension 'colcon_pkg'
[1.488s] Level 1:colcon.colcon_core.package_identification:_identify(CMakeFiles/talker.dir) by extensions ['colcon_meta']
[1.488s] Level 1:colcon.colcon_core.package_identification:_identify(CMakeFiles/talker.dir) by extension 'colcon_meta'
[1.489s] Level 1:colcon.colcon_core.package_identification:_identify(CMakeFiles/talker.dir) by extensions ['ros']
[1.489s] Level 1:colcon.colcon_core.package_identification:_identify(CMakeFiles/talker.dir) by extension 'ros'
[1.489s] Level 1:colcon.colcon_core.package_identification:_identify(CMakeFiles/talker.dir) by extensions ['cmake', 'python']
[1.490s] Level 1:colcon.colcon_core.package_identification:_identify(CMakeFiles/talker.dir) by extension 'cmake'
[1.490s] Level 1:colcon.colcon_core.package_identification:_identify(CMakeFiles/talker.dir) by extension 'python'
[1.490s] Level 1:colcon.colcon_core.package_identification:_identify(CMakeFiles/talker.dir) by extensions ['python_setup_py']
[1.490s] Level 1:colcon.colcon_core.package_identification:_identify(CMakeFiles/talker.dir) by extension 'python_setup_py'
[1.490s] Level 1:colcon.colcon_core.package_identification:_identify(CMakeFiles/talker.dir/src) by extensions ['ignore', 'ignore_ament_install']
[1.491s] Level 1:colcon.colcon_core.package_identification:_identify(CMakeFiles/talker.dir/src) by extension 'ignore'
[1.491s] Level 1:colcon.colcon_core.package_identification:_identify(CMakeFiles/talker.dir/src) by extension 'ignore_ament_install'
[1.491s] Level 1:colcon.colcon_core.package_identification:_identify(CMakeFiles/talker.dir/src) by extensions ['colcon_pkg']
[1.491s] Level 1:colcon.colcon_core.package_identification:_identify(CMakeFiles/talker.dir/src) by extension 'colcon_pkg'
[1.491s] Level 1:colcon.colcon_core.package_identification:_identify(CMakeFiles/talker.dir/src) by extensions ['colcon_meta']
[1.491s] Level 1:colcon.colcon_core.package_identification:_identify(CMakeFiles/talker.dir/src) by extension 'colcon_meta'
[1.491s] Level 1:colcon.colcon_core.package_identification:_identify(CMakeFiles/talker.dir/src) by extensions ['ros']
[1.491s] Level 1:colcon.colcon_core.package_identification:_identify(CMakeFiles/talker.dir/src) by extension 'ros'
[1.491s] Level 1:colcon.colcon_core.package_identification:_identify(CMakeFiles/talker.dir/src) by extensions ['cmake', 'python']
[1.491s] Level 1:colcon.colcon_core.package_identification:_identify(CMakeFiles/talker.dir/src) by extension 'cmake'
[1.492s] Level 1:colcon.colcon_core.package_identification:_identify(CMakeFiles/talker.dir/src) by extension 'python'
[1.492s] Level 1:colcon.colcon_core.package_identification:_identify(CMakeFiles/talker.dir/src) by extensions ['python_setup_py']
[1.492s] Level 1:colcon.colcon_core.package_identification:_identify(CMakeFiles/talker.dir/src) by extension 'python_setup_py'
[1.492s] Level 1:colcon.colcon_core.package_identification:_identify(CMakeFiles/uninstall.dir) by extensions ['ignore', 'ignore_ament_install']
[1.492s] Level 1:colcon.colcon_core.package_identification:_identify(CMakeFiles/uninstall.dir) by extension 'ignore'
[1.492s] Level 1:colcon.colcon_core.package_identification:_identify(CMakeFiles/uninstall.dir) by extension 'ignore_ament_install'
[1.493s] Level 1:colcon.colcon_core.package_identification:_identify(CMakeFiles/uninstall.dir) by extensions ['colcon_pkg']
[1.493s] Level 1:colcon.colcon_core.package_identification:_identify(CMakeFiles/uninstall.dir) by extension 'colcon_pkg'
[1.494s] Level 1:colcon.colcon_core.package_identification:_identify(CMakeFiles/uninstall.dir) by extensions ['colcon_meta']
[1.494s] Level 1:colcon.colcon_core.package_identification:_identify(CMakeFiles/uninstall.dir) by extension 'colcon_meta'
[1.494s] Level 1:colcon.colcon_core.package_identification:_identify(CMakeFiles/uninstall.dir) by extensions ['ros']
[1.495s] Level 1:colcon.colcon_core.package_identification:_identify(CMakeFiles/uninstall.dir) by extension 'ros'
[1.495s] Level 1:colcon.colcon_core.package_identification:_identify(CMakeFiles/uninstall.dir) by extensions ['cmake', 'python']
[1.495s] Level 1:colcon.colcon_core.package_identification:_identify(CMakeFiles/uninstall.dir) by extension 'cmake'
[1.495s] Level 1:colcon.colcon_core.package_identification:_identify(CMakeFiles/uninstall.dir) by extension 'python'
[1.495s] Level 1:colcon.colcon_core.package_identification:_identify(CMakeFiles/uninstall.dir) by extensions ['python_setup_py']
[1.495s] Level 1:colcon.colcon_core.package_identification:_identify(CMakeFiles/uninstall.dir) by extension 'python_setup_py'
[1.495s] Level 1:colcon.colcon_core.package_identification:_identify(build) by extensions ['ignore', 'ignore_ament_install']
[1.496s] Level 1:colcon.colcon_core.package_identification:_identify(build) by extension 'ignore'
[1.496s] Level 1:colcon.colcon_core.package_identification:_identify(build) ignored
[1.496s] Level 1:colcon.colcon_core.package_identification:_identify(install) by extensions ['ignore', 'ignore_ament_install']
[1.496s] Level 1:colcon.colcon_core.package_identification:_identify(install) by extension 'ignore'
[1.496s] Level 1:colcon.colcon_core.package_identification:_identify(install) ignored
[1.497s] Level 1:colcon.colcon_core.package_identification:_identify(log) by extensions ['ignore', 'ignore_ament_install']
[1.497s] Level 1:colcon.colcon_core.package_identification:_identify(log) by extension 'ignore'
[1.498s] Level 1:colcon.colcon_core.package_identification:_identify(log) ignored
[1.499s] Level 1:colcon.colcon_core.package_identification:_identify(maps) by extensions ['ignore', 'ignore_ament_install']
[1.499s] Level 1:colcon.colcon_core.package_identification:_identify(maps) by extension 'ignore'
[1.499s] Level 1:colcon.colcon_core.package_identification:_identify(maps) by extension 'ignore_ament_install'
[1.499s] Level 1:colcon.colcon_core.package_identification:_identify(maps) by extensions ['colcon_pkg']
[1.499s] Level 1:colcon.colcon_core.package_identification:_identify(maps) by extension 'colcon_pkg'
[1.500s] Level 1:colcon.colcon_core.package_identification:_identify(maps) by extensions ['colcon_meta']
[1.500s] Level 1:colcon.colcon_core.package_identification:_identify(maps) by extension 'colcon_meta'
[1.500s] Level 1:colcon.colcon_core.package_identification:_identify(maps) by extensions ['ros']
[1.500s] Level 1:colcon.colcon_core.package_identification:_identify(maps) by extension 'ros'
[1.500s] Level 1:colcon.colcon_core.package_identification:_identify(maps) by extensions ['cmake', 'python']
[1.500s] Level 1:colcon.colcon_core.package_identification:_identify(maps) by extension 'cmake'
[1.500s] Level 1:colcon.colcon_core.package_identification:_identify(maps) by extension 'python'
[1.500s] Level 1:colcon.colcon_core.package_identification:_identify(maps) by extensions ['python_setup_py']
[1.500s] Level 1:colcon.colcon_core.package_identification:_identify(maps) by extension 'python_setup_py'
[1.500s] Level 1:colcon.colcon_core.package_identification:_identify(src) by extensions ['ignore', 'ignore_ament_install']
[1.500s] Level 1:colcon.colcon_core.package_identification:_identify(src) by extension 'ignore'
[1.501s] Level 1:colcon.colcon_core.package_identification:_identify(src) by extension 'ignore_ament_install'
[1.501s] Level 1:colcon.colcon_core.package_identification:_identify(src) by extensions ['colcon_pkg']
[1.501s] Level 1:colcon.colcon_core.package_identification:_identify(src) by extension 'colcon_pkg'
[1.501s] Level 1:colcon.colcon_core.package_identification:_identify(src) by extensions ['colcon_meta']
[1.501s] Level 1:colcon.colcon_core.package_identification:_identify(src) by extension 'colcon_meta'
[1.501s] Level 1:colcon.colcon_core.package_identification:_identify(src) by extensions ['ros']
[1.501s] Level 1:colcon.colcon_core.package_identification:_identify(src) by extension 'ros'
[1.501s] Level 1:colcon.colcon_core.package_identification:_identify(src) by extensions ['cmake', 'python']
[1.501s] Level 1:colcon.colcon_core.package_identification:_identify(src) by extension 'cmake'
[1.501s] Level 1:colcon.colcon_core.package_identification:_identify(src) by extension 'python'
[1.501s] Level 1:colcon.colcon_core.package_identification:_identify(src) by extensions ['python_setup_py']
[1.501s] Level 1:colcon.colcon_core.package_identification:_identify(src) by extension 'python_setup_py'
[1.501s] Level 1:colcon.colcon_core.package_identification:_identify(src/my_cpp_py_pkg) by extensions ['ignore', 'ignore_ament_install']
[1.502s] Level 1:colcon.colcon_core.package_identification:_identify(src/my_cpp_py_pkg) by extension 'ignore'
[1.502s] Level 1:colcon.colcon_core.package_identification:_identify(src/my_cpp_py_pkg) by extension 'ignore_ament_install'
[1.502s] Level 1:colcon.colcon_core.package_identification:_identify(src/my_cpp_py_pkg) by extensions ['colcon_pkg']
[1.502s] Level 1:colcon.colcon_core.package_identification:_identify(src/my_cpp_py_pkg) by extension 'colcon_pkg'
[1.502s] Level 1:colcon.colcon_core.package_identification:_identify(src/my_cpp_py_pkg) by extensions ['colcon_meta']
[1.502s] Level 1:colcon.colcon_core.package_identification:_identify(src/my_cpp_py_pkg) by extension 'colcon_meta'
[1.502s] Level 1:colcon.colcon_core.package_identification:_identify(src/my_cpp_py_pkg) by extensions ['ros']
[1.502s] Level 1:colcon.colcon_core.package_identification:_identify(src/my_cpp_py_pkg) by extension 'ros'
[1.512s] DEBUG:colcon.colcon_core.package_identification:Package 'src/my_cpp_py_pkg' with type 'ros.ament_cmake' and name 'my_cpp_py_pkg'
[1.512s] Level 1:colcon.colcon_core.package_discovery:discover_packages(recursive) using defaults
[1.512s] Level 1:colcon.colcon_core.package_discovery:discover_packages(ignore) discover
[1.512s] Level 1:colcon.colcon_core.package_discovery:discover_packages(ignore) using defaults
[1.512s] Level 1:colcon.colcon_core.package_discovery:discover_packages(path) discover
[1.512s] Level 1:colcon.colcon_core.package_discovery:discover_packages(path) using defaults
[1.617s] Level 1:colcon.colcon_core.package_discovery:discover_packages(prefix_path) check parameters
[1.617s] Level 1:colcon.colcon_core.package_discovery:discover_packages(prefix_path) discover
[1.626s] DEBUG:colcon.colcon_installed_package_information.package_discovery:Found 2 installed packages in /home/emelie/ba_ws_com/install
[1.637s] DEBUG:colcon.colcon_installed_package_information.package_discovery:Found 15 installed packages in /home/emelie/install
[1.651s] DEBUG:colcon.colcon_installed_package_information.package_discovery:Found 280 installed packages in /opt/ros/foxy
[1.677s] Level 1:colcon.colcon_core.package_discovery:discover_packages(prefix_path) using defaults
[1.920s] Level 5:colcon.colcon_core.verb:set package 'my_cpp_py_pkg' build argument 'cmake_args' from command line to 'None'
[1.920s] Level 5:colcon.colcon_core.verb:set package 'my_cpp_py_pkg' build argument 'cmake_target' from command line to 'None'
[1.920s] Level 5:colcon.colcon_core.verb:set package 'my_cpp_py_pkg' build argument 'cmake_target_skip_unavailable' from command line to 'False'
[1.920s] Level 5:colcon.colcon_core.verb:set package 'my_cpp_py_pkg' build argument 'cmake_clean_cache' from command line to 'False'
[1.920s] Level 5:colcon.colcon_core.verb:set package 'my_cpp_py_pkg' build argument 'cmake_clean_first' from command line to 'False'
[1.921s] Level 5:colcon.colcon_core.verb:set package 'my_cpp_py_pkg' build argument 'cmake_force_configure' from command line to 'False'
[1.921s] Level 5:colcon.colcon_core.verb:set package 'my_cpp_py_pkg' build argument 'ament_cmake_args' from command line to 'None'
[1.921s] Level 5:colcon.colcon_core.verb:set package 'my_cpp_py_pkg' build argument 'catkin_cmake_args' from command line to 'None'
[1.921s] Level 5:colcon.colcon_core.verb:set package 'my_cpp_py_pkg' build argument 'catkin_skip_building_tests' from command line to 'False'
[1.921s] DEBUG:colcon.colcon_core.verb:Building package 'my_cpp_py_pkg' with the following arguments: {'ament_cmake_args': None, 'build_base': '/home/emelie/ba_ws_com/build/my_cpp_py_pkg', 'catkin_cmake_args': None, 'catkin_skip_building_tests': False, 'cmake_args': None, 'cmake_clean_cache': False, 'cmake_clean_first': False, 'cmake_force_configure': False, 'cmake_target': None, 'cmake_target_skip_unavailable': False, 'install_base': '/home/emelie/ba_ws_com/install/my_cpp_py_pkg', 'merge_install': False, 'path': '/home/emelie/ba_ws_com/src/my_cpp_py_pkg', 'symlink_install': False, 'test_result_base': None}
[1.921s] INFO:colcon.colcon_core.executor:Executing jobs using 'parallel' executor
[1.924s] DEBUG:colcon.colcon_parallel_executor.executor.parallel:run_until_complete
[1.925s] INFO:colcon.colcon_ros.task.ament_cmake.build:Building ROS package in '/home/emelie/ba_ws_com/src/my_cpp_py_pkg' with build type 'ament_cmake'
[1.925s] INFO:colcon.colcon_cmake.task.cmake.build:Building CMake package in '/home/emelie/ba_ws_com/src/my_cpp_py_pkg'
[1.937s] INFO:colcon.colcon_core.plugin_system:Skipping extension 'colcon_core.shell.bat': Not used on non-Windows systems
[1.937s] INFO:colcon.colcon_core.shell:Skip shell extension 'powershell' for command environment: Not usable outside of PowerShell
[1.938s] DEBUG:colcon.colcon_core.shell:Skip shell extension 'dsv' for command environment
[1.982s] DEBUG:colcon.colcon_core.event_handler.log_command:Invoking command in '/home/emelie/ba_ws_com/build/my_cpp_py_pkg': CMAKE_PREFIX_PATH=${CMAKE_PREFIX_PATH}:/home/emelie/install/f1tenth_stack:/home/emelie/install/joy_teleop:/home/emelie/install/mouse_teleop:/home/emelie/install/key_teleop:/home/emelie/install/f1tenth_gym_ros:/home/emelie/install/ba_roslab:/opt/ros/foxy /usr/bin/cmake --build /home/emelie/ba_ws_com/build/my_cpp_py_pkg -- -j4 -l4
[19.347s] DEBUG:colcon.colcon_core.event_handler.log_command:Invoked command in '/home/emelie/ba_ws_com/build/my_cpp_py_pkg' returned '0': CMAKE_PREFIX_PATH=${CMAKE_PREFIX_PATH}:/home/emelie/install/f1tenth_stack:/home/emelie/install/joy_teleop:/home/emelie/install/mouse_teleop:/home/emelie/install/key_teleop:/home/emelie/install/f1tenth_gym_ros:/home/emelie/install/ba_roslab:/opt/ros/foxy /usr/bin/cmake --build /home/emelie/ba_ws_com/build/my_cpp_py_pkg -- -j4 -l4
[19.461s] DEBUG:colcon.colcon_core.event_handler.log_command:Invoking command in '/home/emelie/ba_ws_com/build/my_cpp_py_pkg': CMAKE_PREFIX_PATH=${CMAKE_PREFIX_PATH}:/home/emelie/install/f1tenth_stack:/home/emelie/install/joy_teleop:/home/emelie/install/mouse_teleop:/home/emelie/install/key_teleop:/home/emelie/install/f1tenth_gym_ros:/home/emelie/install/ba_roslab:/opt/ros/foxy /usr/bin/cmake --install /home/emelie/ba_ws_com/build/my_cpp_py_pkg
[19.556s] Level 1:colcon.colcon_core.environment:create_environment_scripts_only(my_cpp_py_pkg)
[19.558s] DEBUG:colcon.colcon_core.event_handler.log_command:Invoked command in '/home/emelie/ba_ws_com/build/my_cpp_py_pkg' returned '0': CMAKE_PREFIX_PATH=${CMAKE_PREFIX_PATH}:/home/emelie/install/f1tenth_stack:/home/emelie/install/joy_teleop:/home/emelie/install/mouse_teleop:/home/emelie/install/key_teleop:/home/emelie/install/f1tenth_gym_ros:/home/emelie/install/ba_roslab:/opt/ros/foxy /usr/bin/cmake --install /home/emelie/ba_ws_com/build/my_cpp_py_pkg
[19.577s] Level 1:colcon.colcon_core.environment:checking '/home/emelie/ba_ws_com/install/my_cpp_py_pkg' for CMake module files
[19.581s] Level 1:colcon.colcon_core.environment:checking '/home/emelie/ba_ws_com/install/my_cpp_py_pkg' for CMake config files
[19.583s] Level 1:colcon.colcon_core.shell:create_environment_hook('my_cpp_py_pkg', 'cmake_prefix_path')
[19.585s] INFO:colcon.colcon_core.shell:Creating environment hook '/home/emelie/ba_ws_com/install/my_cpp_py_pkg/share/my_cpp_py_pkg/hook/cmake_prefix_path.ps1'
[19.594s] INFO:colcon.colcon_core.shell:Creating environment descriptor '/home/emelie/ba_ws_com/install/my_cpp_py_pkg/share/my_cpp_py_pkg/hook/cmake_prefix_path.dsv'
[19.598s] INFO:colcon.colcon_core.shell:Creating environment hook '/home/emelie/ba_ws_com/install/my_cpp_py_pkg/share/my_cpp_py_pkg/hook/cmake_prefix_path.sh'
[19.600s] Level 1:colcon.colcon_core.environment:checking '/home/emelie/ba_ws_com/install/my_cpp_py_pkg/lib'
[19.601s] Level 1:colcon.colcon_core.environment:checking '/home/emelie/ba_ws_com/install/my_cpp_py_pkg/bin'
[19.601s] Level 1:colcon.colcon_core.environment:checking '/home/emelie/ba_ws_com/install/my_cpp_py_pkg/lib/pkgconfig/my_cpp_py_pkg.pc'
[19.603s] Level 1:colcon.colcon_core.environment:checking '/home/emelie/ba_ws_com/install/my_cpp_py_pkg/lib/python3.8/site-packages'
[19.604s] Level 1:colcon.colcon_core.environment:checking '/home/emelie/ba_ws_com/install/my_cpp_py_pkg/bin'
[19.605s] INFO:colcon.colcon_core.shell:Creating package script '/home/emelie/ba_ws_com/install/my_cpp_py_pkg/share/my_cpp_py_pkg/package.ps1'
[19.607s] INFO:colcon.colcon_core.shell:Creating package descriptor '/home/emelie/ba_ws_com/install/my_cpp_py_pkg/share/my_cpp_py_pkg/package.dsv'
[19.610s] INFO:colcon.colcon_core.shell:Creating package script '/home/emelie/ba_ws_com/install/my_cpp_py_pkg/share/my_cpp_py_pkg/package.sh'
[19.614s] INFO:colcon.colcon_core.shell:Creating package script '/home/emelie/ba_ws_com/install/my_cpp_py_pkg/share/my_cpp_py_pkg/package.bash'
[19.617s] INFO:colcon.colcon_core.shell:Creating package script '/home/emelie/ba_ws_com/install/my_cpp_py_pkg/share/my_cpp_py_pkg/package.zsh'
[19.620s] Level 1:colcon.colcon_core.environment:create_file_with_runtime_dependencies(/home/emelie/ba_ws_com/install/my_cpp_py_pkg/share/colcon-core/packages/my_cpp_py_pkg)
[19.724s] Level 1:colcon.colcon_core.environment:create_environment_scripts_only(my_cpp_py_pkg)
[19.725s] Level 1:colcon.colcon_core.environment:checking '/home/emelie/ba_ws_com/install/my_cpp_py_pkg' for CMake module files
[19.727s] Level 1:colcon.colcon_core.environment:checking '/home/emelie/ba_ws_com/install/my_cpp_py_pkg' for CMake config files
[19.728s] Level 1:colcon.colcon_core.shell:create_environment_hook('my_cpp_py_pkg', 'cmake_prefix_path')
[19.729s] INFO:colcon.colcon_core.shell:Creating environment hook '/home/emelie/ba_ws_com/install/my_cpp_py_pkg/share/my_cpp_py_pkg/hook/cmake_prefix_path.ps1'
[19.732s] INFO:colcon.colcon_core.shell:Creating environment descriptor '/home/emelie/ba_ws_com/install/my_cpp_py_pkg/share/my_cpp_py_pkg/hook/cmake_prefix_path.dsv'
[19.734s] INFO:colcon.colcon_core.shell:Creating environment hook '/home/emelie/ba_ws_com/install/my_cpp_py_pkg/share/my_cpp_py_pkg/hook/cmake_prefix_path.sh'
[19.738s] Level 1:colcon.colcon_core.environment:checking '/home/emelie/ba_ws_com/install/my_cpp_py_pkg/lib'
[19.739s] Level 1:colcon.colcon_core.environment:checking '/home/emelie/ba_ws_com/install/my_cpp_py_pkg/bin'
[19.739s] Level 1:colcon.colcon_core.environment:checking '/home/emelie/ba_ws_com/install/my_cpp_py_pkg/lib/pkgconfig/my_cpp_py_pkg.pc'
[19.740s] Level 1:colcon.colcon_core.environment:checking '/home/emelie/ba_ws_com/install/my_cpp_py_pkg/lib/python3.8/site-packages'
[19.741s] Level 1:colcon.colcon_core.environment:checking '/home/emelie/ba_ws_com/install/my_cpp_py_pkg/bin'
[19.742s] INFO:colcon.colcon_core.shell:Creating package script '/home/emelie/ba_ws_com/install/my_cpp_py_pkg/share/my_cpp_py_pkg/package.ps1'
[19.744s] INFO:colcon.colcon_core.shell:Creating package descriptor '/home/emelie/ba_ws_com/install/my_cpp_py_pkg/share/my_cpp_py_pkg/package.dsv'
[19.746s] INFO:colcon.colcon_core.shell:Creating package script '/home/emelie/ba_ws_com/install/my_cpp_py_pkg/share/my_cpp_py_pkg/package.sh'
[19.758s] INFO:colcon.colcon_core.shell:Creating package script '/home/emelie/ba_ws_com/install/my_cpp_py_pkg/share/my_cpp_py_pkg/package.bash'
[19.760s] INFO:colcon.colcon_core.shell:Creating package script '/home/emelie/ba_ws_com/install/my_cpp_py_pkg/share/my_cpp_py_pkg/package.zsh'
[19.761s] Level 1:colcon.colcon_core.environment:create_file_with_runtime_dependencies(/home/emelie/ba_ws_com/install/my_cpp_py_pkg/share/colcon-core/packages/my_cpp_py_pkg)
[19.766s] DEBUG:colcon.colcon_parallel_executor.executor.parallel:closing loop
[19.768s] DEBUG:colcon.colcon_parallel_executor.executor.parallel:loop closed
[19.768s] DEBUG:colcon.colcon_parallel_executor.executor.parallel:run_until_complete finished with '0'
[19.768s] DEBUG:colcon.colcon_core.event_reactor:joining thread
[19.903s] INFO:colcon.colcon_core.plugin_system:Skipping extension 'colcon_notification.desktop_notification.notify_send': Could not find 'notify-send'
[19.904s] INFO:colcon.colcon_core.plugin_system:Skipping extension 'colcon_notification.desktop_notification.terminal_notifier': Not used on non-Darwin systems
[19.904s] INFO:colcon.colcon_core.plugin_system:Skipping extension 'colcon_notification.desktop_notification.win32': Not used on non-Windows systems
[19.904s] INFO:colcon.colcon_notification.desktop_notification:Sending desktop notification using 'notify2'
[19.945s] DEBUG:colcon.colcon_notification.desktop_notification.notify2:Failed to initialize notify2: org.freedesktop.DBus.Error.ServiceUnknown: The name org.freedesktop.Notifications was not provided by any .service files
[19.946s] DEBUG:colcon.colcon_core.event_reactor:joined thread
[19.947s] INFO:colcon.colcon_core.shell:Creating prefix script '/home/emelie/ba_ws_com/install/local_setup.ps1'
[19.949s] INFO:colcon.colcon_core.shell:Creating prefix util module '/home/emelie/ba_ws_com/install/_local_setup_util_ps1.py'
[19.980s] INFO:colcon.colcon_core.shell:Creating prefix chain script '/home/emelie/ba_ws_com/install/setup.ps1'
[19.993s] INFO:colcon.colcon_core.shell:Creating prefix script '/home/emelie/ba_ws_com/install/local_setup.sh'
[19.996s] INFO:colcon.colcon_core.shell:Creating prefix util module '/home/emelie/ba_ws_com/install/_local_setup_util_sh.py'
[19.998s] INFO:colcon.colcon_core.shell:Creating prefix chain script '/home/emelie/ba_ws_com/install/setup.sh'
[20.003s] INFO:colcon.colcon_core.shell:Creating prefix script '/home/emelie/ba_ws_com/install/local_setup.bash'
[20.006s] INFO:colcon.colcon_core.shell:Creating prefix chain script '/home/emelie/ba_ws_com/install/setup.bash'
[20.012s] INFO:colcon.colcon_core.shell:Creating prefix script '/home/emelie/ba_ws_com/install/local_setup.zsh'
[20.014s] INFO:colcon.colcon_core.shell:Creating prefix chain script '/home/emelie/ba_ws_com/install/setup.zsh'
