[0.054s] Invoking command in '/home/emelie/ba_ws_com/build/my_cpp_py_pkg': CMAKE_PREFIX_PATH=${CMAKE_PREFIX_PATH}:/home/emelie/install/f1tenth_stack:/home/emelie/install/joy_teleop:/home/emelie/install/mouse_teleop:/home/emelie/install/key_teleop:/home/emelie/install/f1tenth_gym_ros:/home/emelie/install/ba_roslab:/opt/ros/foxy /usr/bin/cmake --build /home/emelie/ba_ws_com/build/my_cpp_py_pkg -- -j4 -l4
[0.218s] [35m[1mScanning dependencies of target pure_pursuit[0m
[0.253s] [ 25%] Built target my_cpp_node
[0.302s] [ 50%] Built target listener
[0.322s] [ 75%] Built target talker
[0.338s] [ 87%] [32mBuilding CXX object CMakeFiles/pure_pursuit.dir/src/pure_pursuit.cpp.o[0m
[2.965s] [01m[K/home/emelie/ba_ws_com/src/my_cpp_py_pkg/src/pure_pursuit.cpp:[m[K In constructor ‘[01m[KPure_Pursuit_Node::Pure_Pursuit_Node()[m[K’:
[2.965s] [01m[K/home/emelie/ba_ws_com/src/my_cpp_py_pkg/src/pure_pursuit.cpp:84:13:[m[K [01;35m[Kwarning: [m[Kunused variable ‘[01m[Ksize_x[m[K’ [[01;35m[K-Wunused-variable[m[K]
[2.965s]    84 |         int [01;35m[Ksize_x[m[K = str_x.length();
[2.966s]       |             [01;35m[K^~~~~~[m[K
[2.987s] [01m[K/home/emelie/ba_ws_com/src/my_cpp_py_pkg/src/pure_pursuit.cpp:[m[K In member function ‘[01m[Kint Pure_Pursuit_Node::find_next_waypoint(int, std::tuple<double, double>, std::vector<std::tuple<double, double> >)[m[K’:
[2.987s] [01m[K/home/emelie/ba_ws_com/src/my_cpp_py_pkg/src/pure_pursuit.cpp:170:21:[m[K [01;35m[Kwarning: [m[Kcomparison of integer expressions of different signedness: ‘[01m[Kint[m[K’ and ‘[01m[Kstd::vector<std::tuple<double, double> >::size_type[m[K’ {aka ‘[01m[Klong unsigned int[m[K’} [[01;35m[K-Wsign-compare[m[K]
[2.987s]   170 |     if([01;35m[Knew_waypoint == path_points_2d.size()[m[K){
[2.987s]       |        [01;35m[K~~~~~~~~~~~~~^~~~~~~~~~~~~~~~~~~~~~~~[m[K
[11.514s] [100%] [32m[1mLinking CXX executable pure_pursuit[0m
[12.427s] [100%] Built target pure_pursuit
[12.450s] Invoked command in '/home/emelie/ba_ws_com/build/my_cpp_py_pkg' returned '0': CMAKE_PREFIX_PATH=${CMAKE_PREFIX_PATH}:/home/emelie/install/f1tenth_stack:/home/emelie/install/joy_teleop:/home/emelie/install/mouse_teleop:/home/emelie/install/key_teleop:/home/emelie/install/f1tenth_gym_ros:/home/emelie/install/ba_roslab:/opt/ros/foxy /usr/bin/cmake --build /home/emelie/ba_ws_com/build/my_cpp_py_pkg -- -j4 -l4
[12.558s] Invoking command in '/home/emelie/ba_ws_com/build/my_cpp_py_pkg': CMAKE_PREFIX_PATH=${CMAKE_PREFIX_PATH}:/home/emelie/install/f1tenth_stack:/home/emelie/install/joy_teleop:/home/emelie/install/mouse_teleop:/home/emelie/install/key_teleop:/home/emelie/install/f1tenth_gym_ros:/home/emelie/install/ba_roslab:/opt/ros/foxy /usr/bin/cmake --install /home/emelie/ba_ws_com/build/my_cpp_py_pkg
[12.576s] -- Install configuration: ""
[12.576s] -- Up-to-date: /home/emelie/ba_ws_com/install/my_cpp_py_pkg/lib/my_cpp_py_pkg/talker
[12.577s] -- Up-to-date: /home/emelie/ba_ws_com/install/my_cpp_py_pkg/lib/my_cpp_py_pkg/listener
[12.578s] -- Installing: /home/emelie/ba_ws_com/install/my_cpp_py_pkg/lib/my_cpp_py_pkg/pure_pursuit
[12.606s] -- Set runtime path of "/home/emelie/ba_ws_com/install/my_cpp_py_pkg/lib/my_cpp_py_pkg/pure_pursuit" to ""
[12.606s] -- Up-to-date: /home/emelie/ba_ws_com/install/my_cpp_py_pkg/lib/my_cpp_py_pkg/my_cpp_node
[12.607s] -- Up-to-date: /home/emelie/ba_ws_com/install/my_cpp_py_pkg/share/ament_index/resource_index/package_run_dependencies/my_cpp_py_pkg
[12.607s] -- Up-to-date: /home/emelie/ba_ws_com/install/my_cpp_py_pkg/share/ament_index/resource_index/parent_prefix_path/my_cpp_py_pkg
[12.608s] -- Up-to-date: /home/emelie/ba_ws_com/install/my_cpp_py_pkg/share/my_cpp_py_pkg/environment/ament_prefix_path.sh
[12.609s] -- Up-to-date: /home/emelie/ba_ws_com/install/my_cpp_py_pkg/share/my_cpp_py_pkg/environment/ament_prefix_path.dsv
[12.609s] -- Up-to-date: /home/emelie/ba_ws_com/install/my_cpp_py_pkg/share/my_cpp_py_pkg/environment/path.sh
[12.610s] -- Up-to-date: /home/emelie/ba_ws_com/install/my_cpp_py_pkg/share/my_cpp_py_pkg/environment/path.dsv
[12.610s] -- Up-to-date: /home/emelie/ba_ws_com/install/my_cpp_py_pkg/share/my_cpp_py_pkg/local_setup.bash
[12.611s] -- Up-to-date: /home/emelie/ba_ws_com/install/my_cpp_py_pkg/share/my_cpp_py_pkg/local_setup.sh
[12.611s] -- Up-to-date: /home/emelie/ba_ws_com/install/my_cpp_py_pkg/share/my_cpp_py_pkg/local_setup.zsh
[12.612s] -- Up-to-date: /home/emelie/ba_ws_com/install/my_cpp_py_pkg/share/my_cpp_py_pkg/local_setup.dsv
[12.612s] -- Installing: /home/emelie/ba_ws_com/install/my_cpp_py_pkg/share/my_cpp_py_pkg/package.dsv
[12.613s] -- Up-to-date: /home/emelie/ba_ws_com/install/my_cpp_py_pkg/share/ament_index/resource_index/packages/my_cpp_py_pkg
[12.613s] -- Up-to-date: /home/emelie/ba_ws_com/install/my_cpp_py_pkg/share/my_cpp_py_pkg/cmake/my_cpp_py_pkgConfig.cmake
[12.613s] -- Up-to-date: /home/emelie/ba_ws_com/install/my_cpp_py_pkg/share/my_cpp_py_pkg/cmake/my_cpp_py_pkgConfig-version.cmake
[12.616s] -- Up-to-date: /home/emelie/ba_ws_com/install/my_cpp_py_pkg/share/my_cpp_py_pkg/package.xml
[12.619s] Invoked command in '/home/emelie/ba_ws_com/build/my_cpp_py_pkg' returned '0': CMAKE_PREFIX_PATH=${CMAKE_PREFIX_PATH}:/home/emelie/install/f1tenth_stack:/home/emelie/install/joy_teleop:/home/emelie/install/mouse_teleop:/home/emelie/install/key_teleop:/home/emelie/install/f1tenth_gym_ros:/home/emelie/install/ba_roslab:/opt/ros/foxy /usr/bin/cmake --install /home/emelie/ba_ws_com/build/my_cpp_py_pkg
