[0.088s] Invoking command in '/home/emelie/ba_ws_com/build/my_cpp_py_pkg': CMAKE_PREFIX_PATH=${CMAKE_PREFIX_PATH}:/home/emelie/install/f1tenth_stack:/home/emelie/install/joy_teleop:/home/emelie/install/mouse_teleop:/home/emelie/install/key_teleop:/home/emelie/install/f1tenth_gym_ros:/home/emelie/install/ba_roslab:/opt/ros/foxy /usr/bin/cmake --build /home/emelie/ba_ws_com/build/my_cpp_py_pkg -- -j4 -l4
[0.586s] [35m[1mScanning dependencies of target pure_pursuit[0m
[0.651s] [ 25%] Built target my_cpp_node
[0.899s] [ 50%] Built target listener
[0.932s] [ 75%] Built target talker
[1.013s] [ 87%] [32mBuilding CXX object CMakeFiles/pure_pursuit.dir/src/pure_pursuit.cpp.o[0m
[7.954s] [01m[K/home/emelie/ba_ws_com/src/my_cpp_py_pkg/src/pure_pursuit.cpp:[m[K In member function ‘[01m[Kint Pure_Pursuit_Node::find_next_waypoint(int, std::tuple<float, float>, std::vector<std::tuple<double, double> >)[m[K’:
[7.954s] [01m[K/home/emelie/ba_ws_com/src/my_cpp_py_pkg/src/pure_pursuit.cpp:165:21:[m[K [01;35m[Kwarning: [m[Kcomparison of integer expressions of different signedness: ‘[01m[Kint[m[K’ and ‘[01m[Kstd::vector<std::tuple<double, double> >::size_type[m[K’ {aka ‘[01m[Klong unsigned int[m[K’} [[01;35m[K-Wsign-compare[m[K]
[7.954s]   165 |     if([01;35m[Knew_waypoint == path_points_2d.size()[m[K){
[7.955s]       |        [01;35m[K~~~~~~~~~~~~~^~~~~~~~~~~~~~~~~~~~~~~~[m[K
[8.084s] [01m[K/home/emelie/ba_ws_com/src/my_cpp_py_pkg/src/pure_pursuit.cpp:[m[K In member function ‘[01m[Kvoid Pure_Pursuit_Node::odom_callback(nav_msgs::msg::Odometry_<std::allocator<void> >::SharedPtr)[m[K’:
[8.084s] [01m[K/home/emelie/ba_ws_com/src/my_cpp_py_pkg/src/pure_pursuit.cpp:277:27:[m[K [01;35m[Kwarning: [m[Kvariable ‘[01m[Ktransformed_waypoint[m[K’ set but not used [[01;35m[K-Wunused-but-set-variable[m[K]
[8.085s]   277 |     tuple<double, double> [01;35m[Ktransformed_waypoint[m[K = transform_waypoint(nearest_waypoint, car_position_2d, car_orientation);
[8.085s]       |                           [01;35m[K^~~~~~~~~~~~~~~~~~~~[m[K
[19.835s] [100%] [32m[1mLinking CXX executable pure_pursuit[0m
[23.979s] [100%] Built target pure_pursuit
[24.011s] Invoked command in '/home/emelie/ba_ws_com/build/my_cpp_py_pkg' returned '0': CMAKE_PREFIX_PATH=${CMAKE_PREFIX_PATH}:/home/emelie/install/f1tenth_stack:/home/emelie/install/joy_teleop:/home/emelie/install/mouse_teleop:/home/emelie/install/key_teleop:/home/emelie/install/f1tenth_gym_ros:/home/emelie/install/ba_roslab:/opt/ros/foxy /usr/bin/cmake --build /home/emelie/ba_ws_com/build/my_cpp_py_pkg -- -j4 -l4
[24.244s] Invoking command in '/home/emelie/ba_ws_com/build/my_cpp_py_pkg': CMAKE_PREFIX_PATH=${CMAKE_PREFIX_PATH}:/home/emelie/install/f1tenth_stack:/home/emelie/install/joy_teleop:/home/emelie/install/mouse_teleop:/home/emelie/install/key_teleop:/home/emelie/install/f1tenth_gym_ros:/home/emelie/install/ba_roslab:/opt/ros/foxy /usr/bin/cmake --install /home/emelie/ba_ws_com/build/my_cpp_py_pkg
[24.278s] -- Install configuration: ""
[24.291s] -- Up-to-date: /home/emelie/ba_ws_com/install/my_cpp_py_pkg/lib/my_cpp_py_pkg/talker
[24.295s] -- Up-to-date: /home/emelie/ba_ws_com/install/my_cpp_py_pkg/lib/my_cpp_py_pkg/listener
[24.298s] -- Installing: /home/emelie/ba_ws_com/install/my_cpp_py_pkg/lib/my_cpp_py_pkg/pure_pursuit
[24.420s] -- Set runtime path of "/home/emelie/ba_ws_com/install/my_cpp_py_pkg/lib/my_cpp_py_pkg/pure_pursuit" to ""
[24.425s] -- Up-to-date: /home/emelie/ba_ws_com/install/my_cpp_py_pkg/lib/my_cpp_py_pkg/my_cpp_node
[24.425s] -- Up-to-date: /home/emelie/ba_ws_com/install/my_cpp_py_pkg/share/ament_index/resource_index/package_run_dependencies/my_cpp_py_pkg
[24.425s] -- Up-to-date: /home/emelie/ba_ws_com/install/my_cpp_py_pkg/share/ament_index/resource_index/parent_prefix_path/my_cpp_py_pkg
[24.425s] -- Up-to-date: /home/emelie/ba_ws_com/install/my_cpp_py_pkg/share/my_cpp_py_pkg/environment/ament_prefix_path.sh
[24.425s] -- Up-to-date: /home/emelie/ba_ws_com/install/my_cpp_py_pkg/share/my_cpp_py_pkg/environment/ament_prefix_path.dsv
[24.427s] -- Up-to-date: /home/emelie/ba_ws_com/install/my_cpp_py_pkg/share/my_cpp_py_pkg/environment/path.sh
[24.428s] -- Up-to-date: /home/emelie/ba_ws_com/install/my_cpp_py_pkg/share/my_cpp_py_pkg/environment/path.dsv
[24.428s] -- Up-to-date: /home/emelie/ba_ws_com/install/my_cpp_py_pkg/share/my_cpp_py_pkg/local_setup.bash
[24.429s] -- Up-to-date: /home/emelie/ba_ws_com/install/my_cpp_py_pkg/share/my_cpp_py_pkg/local_setup.sh
[24.429s] -- Up-to-date: /home/emelie/ba_ws_com/install/my_cpp_py_pkg/share/my_cpp_py_pkg/local_setup.zsh
[24.429s] -- Up-to-date: /home/emelie/ba_ws_com/install/my_cpp_py_pkg/share/my_cpp_py_pkg/local_setup.dsv
[24.429s] -- Installing: /home/emelie/ba_ws_com/install/my_cpp_py_pkg/share/my_cpp_py_pkg/package.dsv
[24.430s] -- Up-to-date: /home/emelie/ba_ws_com/install/my_cpp_py_pkg/share/ament_index/resource_index/packages/my_cpp_py_pkg
[24.430s] -- Up-to-date: /home/emelie/ba_ws_com/install/my_cpp_py_pkg/share/my_cpp_py_pkg/cmake/my_cpp_py_pkgConfig.cmake
[24.430s] -- Up-to-date: /home/emelie/ba_ws_com/install/my_cpp_py_pkg/share/my_cpp_py_pkg/cmake/my_cpp_py_pkgConfig-version.cmake
[24.431s] -- Up-to-date: /home/emelie/ba_ws_com/install/my_cpp_py_pkg/share/my_cpp_py_pkg/package.xml
[24.445s] Invoked command in '/home/emelie/ba_ws_com/build/my_cpp_py_pkg' returned '0': CMAKE_PREFIX_PATH=${CMAKE_PREFIX_PATH}:/home/emelie/install/f1tenth_stack:/home/emelie/install/joy_teleop:/home/emelie/install/mouse_teleop:/home/emelie/install/key_teleop:/home/emelie/install/f1tenth_gym_ros:/home/emelie/install/ba_roslab:/opt/ros/foxy /usr/bin/cmake --install /home/emelie/ba_ws_com/build/my_cpp_py_pkg
