[0.026s] Invoking command in '/home/emelie/ba_ws_com/build/my_cpp_py_pkg': CMAKE_PREFIX_PATH=${CMAKE_PREFIX_PATH}:/opt/ros/foxy /usr/bin/cmake --build /home/emelie/ba_ws_com/build/my_cpp_py_pkg -- -j4 -l4
[0.059s] -- Found ament_cmake: 0.9.12 (/opt/ros/foxy/share/ament_cmake/cmake)
[0.086s] -- Using PYTHON_EXECUTABLE: /usr/bin/python3
[0.311s] -- Found rclcpp: 2.4.3 (/opt/ros/foxy/share/rclcpp/cmake)
[0.441s] -- Using all available rosidl_typesupport_c: rosidl_typesupport_fastrtps_c;rosidl_typesupport_introspection_c
[0.445s] -- Found rosidl_adapter: 1.3.1 (/opt/ros/foxy/share/rosidl_adapter/cmake)
[3.330s] -- Using all available rosidl_typesupport_cpp: rosidl_typesupport_fastrtps_cpp;rosidl_typesupport_introspection_cpp
[3.390s] -- Found rmw_implementation_cmake: 1.0.4 (/opt/ros/foxy/share/rmw_implementation_cmake/cmake)
[3.391s] -- Using RMW implementation 'rmw_fastrtps_cpp' as default
[3.561s] -- Found ament_lint_auto: 0.9.8 (/opt/ros/foxy/share/ament_lint_auto/cmake)
[3.642s] -- Added test 'copyright' to check source files copyright and LICENSE
[3.644s] -- Added test 'cppcheck' to perform static code analysis on C / C++ code
[3.644s] -- Configured cppcheck include dirs: 
[3.644s] -- Configured cppcheck exclude dirs and/or files: 
[3.645s] -- Added test 'cpplint' to check C / C++ code against the Google style
[3.645s] -- Configured cpplint exclude dirs and/or files: 
[3.646s] -- Added test 'lint_cmake' to check CMake code style
[3.647s] -- Added test 'uncrustify' to check C / C++ code style
[3.647s] -- Configured uncrustify additional arguments: 
[3.647s] -- Added test 'xmllint' to check XML markup files
[3.651s] -- Configuring done
[3.661s] -- Generating done
[3.663s] -- Build files have been written to: /home/emelie/ba_ws_com/build/my_cpp_py_pkg
[3.700s] [35m[1mScanning dependencies of target my_cpp_py_pkg[0m
[4.146s] [ 50%] [32mBuilding CXX object CMakeFiles/my_cpp_py_pkg.dir/src/cpp_node.cpp.o[0m
[6.657s] [100%] [32m[1mLinking CXX executable my_cpp_py_pkg[0m
[7.020s] [100%] Built target my_cpp_py_pkg
[7.038s] Invoked command in '/home/emelie/ba_ws_com/build/my_cpp_py_pkg' returned '0': CMAKE_PREFIX_PATH=${CMAKE_PREFIX_PATH}:/opt/ros/foxy /usr/bin/cmake --build /home/emelie/ba_ws_com/build/my_cpp_py_pkg -- -j4 -l4
[7.095s] Invoking command in '/home/emelie/ba_ws_com/build/my_cpp_py_pkg': CMAKE_PREFIX_PATH=${CMAKE_PREFIX_PATH}:/opt/ros/foxy /usr/bin/cmake --install /home/emelie/ba_ws_com/build/my_cpp_py_pkg
[7.106s] -- Install configuration: ""
[7.108s] -- Installing: /home/emelie/ba_ws_com/install/my_cpp_py_pkg/lib/my_cpp_py_pkg/my_cpp_py_pkg
[7.108s] -- Set runtime path of "/home/emelie/ba_ws_com/install/my_cpp_py_pkg/lib/my_cpp_py_pkg/my_cpp_py_pkg" to ""
[7.109s] -- Installing: /home/emelie/ba_ws_com/install/my_cpp_py_pkg/share/ament_index/resource_index/package_run_dependencies/my_cpp_py_pkg
[7.109s] -- Installing: /home/emelie/ba_ws_com/install/my_cpp_py_pkg/share/ament_index/resource_index/parent_prefix_path/my_cpp_py_pkg
[7.109s] -- Up-to-date: /home/emelie/ba_ws_com/install/my_cpp_py_pkg/share/my_cpp_py_pkg/environment/ament_prefix_path.sh
[7.110s] -- Installing: /home/emelie/ba_ws_com/install/my_cpp_py_pkg/share/my_cpp_py_pkg/environment/ament_prefix_path.dsv
[7.110s] -- Up-to-date: /home/emelie/ba_ws_com/install/my_cpp_py_pkg/share/my_cpp_py_pkg/environment/path.sh
[7.110s] -- Installing: /home/emelie/ba_ws_com/install/my_cpp_py_pkg/share/my_cpp_py_pkg/environment/path.dsv
[7.111s] -- Up-to-date: /home/emelie/ba_ws_com/install/my_cpp_py_pkg/share/my_cpp_py_pkg/local_setup.bash
[7.111s] -- Up-to-date: /home/emelie/ba_ws_com/install/my_cpp_py_pkg/share/my_cpp_py_pkg/local_setup.sh
[7.111s] -- Up-to-date: /home/emelie/ba_ws_com/install/my_cpp_py_pkg/share/my_cpp_py_pkg/local_setup.zsh
[7.111s] -- Installing: /home/emelie/ba_ws_com/install/my_cpp_py_pkg/share/my_cpp_py_pkg/local_setup.dsv
[7.111s] -- Installing: /home/emelie/ba_ws_com/install/my_cpp_py_pkg/share/my_cpp_py_pkg/package.dsv
[7.112s] -- Up-to-date: /home/emelie/ba_ws_com/install/my_cpp_py_pkg/share/ament_index/resource_index/packages/my_cpp_py_pkg
[7.112s] -- Up-to-date: /home/emelie/ba_ws_com/install/my_cpp_py_pkg/share/my_cpp_py_pkg/cmake/my_cpp_py_pkgConfig.cmake
[7.112s] -- Up-to-date: /home/emelie/ba_ws_com/install/my_cpp_py_pkg/share/my_cpp_py_pkg/cmake/my_cpp_py_pkgConfig-version.cmake
[7.112s] -- Installing: /home/emelie/ba_ws_com/install/my_cpp_py_pkg/share/my_cpp_py_pkg/package.xml
[7.116s] Invoked command in '/home/emelie/ba_ws_com/build/my_cpp_py_pkg' returned '0': CMAKE_PREFIX_PATH=${CMAKE_PREFIX_PATH}:/opt/ros/foxy /usr/bin/cmake --install /home/emelie/ba_ws_com/build/my_cpp_py_pkg
