[0.042s] Invoking command in '/home/emelie/ba_ws_com/build/my_cpp_py_pkg': CMAKE_PREFIX_PATH=${CMAKE_PREFIX_PATH}:/home/emelie/install/f1tenth_stack:/home/emelie/install/joy_teleop:/home/emelie/install/mouse_teleop:/home/emelie/install/key_teleop:/home/emelie/install/f1tenth_gym_ros:/home/emelie/install/ba_roslab:/opt/ros/foxy /usr/bin/cmake --build /home/emelie/ba_ws_com/build/my_cpp_py_pkg -- -j4 -l4
[0.239s] [35m[1mScanning dependencies of target pure_pursuit[0m
[0.311s] [ 25%] Built target my_cpp_node
[0.333s] [ 50%] Built target listener
[0.340s] [ 75%] Built target talker
[0.366s] [ 87%] [32mBuilding CXX object CMakeFiles/pure_pursuit.dir/src/pure_pursuit.cpp.o[0m
[2.923s] [01m[K/home/emelie/ba_ws_com/src/my_cpp_py_pkg/src/pure_pursuit.cpp:[m[K In constructor ‘[01m[KPure_Pursuit_Node::Pure_Pursuit_Node()[m[K’:
[2.923s] [01m[K/home/emelie/ba_ws_com/src/my_cpp_py_pkg/src/pure_pursuit.cpp:84:16:[m[K [01;35m[Kwarning: [m[Ktoo many arguments for format [[01;35m[K-Wformat-extra-args[m[K]
[2.923s]    84 |         printf([01;35m[K"StrX="[m[K, str_x);
[2.923s]       |                [01;35m[K^~~~~~~[m[K
[2.964s] [01m[K/home/emelie/ba_ws_com/src/my_cpp_py_pkg/src/pure_pursuit.cpp:[m[K In member function ‘[01m[Kint Pure_Pursuit_Node::find_next_waypoint(int, std::tuple<float, float>, std::vector<std::tuple<double, double> >)[m[K’:
[2.965s] [01m[K/home/emelie/ba_ws_com/src/my_cpp_py_pkg/src/pure_pursuit.cpp:164:21:[m[K [01;35m[Kwarning: [m[Kcomparison of integer expressions of different signedness: ‘[01m[Kint[m[K’ and ‘[01m[Kstd::vector<std::tuple<double, double> >::size_type[m[K’ {aka ‘[01m[Klong unsigned int[m[K’} [[01;35m[K-Wsign-compare[m[K]
[2.965s]   164 |     if([01;35m[Knew_waypoint == path_points_2d.size()[m[K){
[2.965s]       |        [01;35m[K~~~~~~~~~~~~~^~~~~~~~~~~~~~~~~~~~~~~~[m[K
[3.011s] [01m[K/home/emelie/ba_ws_com/src/my_cpp_py_pkg/src/pure_pursuit.cpp:[m[K In member function ‘[01m[Kvoid Pure_Pursuit_Node::odom_callback(nav_msgs::msg::Odometry_<std::allocator<void> >::SharedPtr)[m[K’:
[3.011s] [01m[K/home/emelie/ba_ws_com/src/my_cpp_py_pkg/src/pure_pursuit.cpp:276:27:[m[K [01;35m[Kwarning: [m[Kvariable ‘[01m[Ktransformed_waypoint[m[K’ set but not used [[01;35m[K-Wunused-but-set-variable[m[K]
[3.012s]   276 |     tuple<double, double> [01;35m[Ktransformed_waypoint[m[K = transform_waypoint(nearest_waypoint, car_position_2d, car_orientation);
[3.012s]       |                           [01;35m[K^~~~~~~~~~~~~~~~~~~~[m[K
[10.609s] [100%] [32m[1mLinking CXX executable pure_pursuit[0m
[11.729s] [100%] Built target pure_pursuit
[11.759s] Invoked command in '/home/emelie/ba_ws_com/build/my_cpp_py_pkg' returned '0': CMAKE_PREFIX_PATH=${CMAKE_PREFIX_PATH}:/home/emelie/install/f1tenth_stack:/home/emelie/install/joy_teleop:/home/emelie/install/mouse_teleop:/home/emelie/install/key_teleop:/home/emelie/install/f1tenth_gym_ros:/home/emelie/install/ba_roslab:/opt/ros/foxy /usr/bin/cmake --build /home/emelie/ba_ws_com/build/my_cpp_py_pkg -- -j4 -l4
[11.849s] Invoking command in '/home/emelie/ba_ws_com/build/my_cpp_py_pkg': CMAKE_PREFIX_PATH=${CMAKE_PREFIX_PATH}:/home/emelie/install/f1tenth_stack:/home/emelie/install/joy_teleop:/home/emelie/install/mouse_teleop:/home/emelie/install/key_teleop:/home/emelie/install/f1tenth_gym_ros:/home/emelie/install/ba_roslab:/opt/ros/foxy /usr/bin/cmake --install /home/emelie/ba_ws_com/build/my_cpp_py_pkg
[11.862s] -- Install configuration: ""
[11.862s] -- Up-to-date: /home/emelie/ba_ws_com/install/my_cpp_py_pkg/lib/my_cpp_py_pkg/talker
[11.863s] -- Up-to-date: /home/emelie/ba_ws_com/install/my_cpp_py_pkg/lib/my_cpp_py_pkg/listener
[11.863s] -- Installing: /home/emelie/ba_ws_com/install/my_cpp_py_pkg/lib/my_cpp_py_pkg/pure_pursuit
[11.870s] -- Set runtime path of "/home/emelie/ba_ws_com/install/my_cpp_py_pkg/lib/my_cpp_py_pkg/pure_pursuit" to ""
[11.870s] -- Up-to-date: /home/emelie/ba_ws_com/install/my_cpp_py_pkg/lib/my_cpp_py_pkg/my_cpp_node
[11.870s] -- Up-to-date: /home/emelie/ba_ws_com/install/my_cpp_py_pkg/share/ament_index/resource_index/package_run_dependencies/my_cpp_py_pkg
[11.871s] -- Up-to-date: /home/emelie/ba_ws_com/install/my_cpp_py_pkg/share/ament_index/resource_index/parent_prefix_path/my_cpp_py_pkg
[11.871s] -- Up-to-date: /home/emelie/ba_ws_com/install/my_cpp_py_pkg/share/my_cpp_py_pkg/environment/ament_prefix_path.sh
[11.871s] -- Up-to-date: /home/emelie/ba_ws_com/install/my_cpp_py_pkg/share/my_cpp_py_pkg/environment/ament_prefix_path.dsv
[11.872s] -- Up-to-date: /home/emelie/ba_ws_com/install/my_cpp_py_pkg/share/my_cpp_py_pkg/environment/path.sh
[11.872s] -- Up-to-date: /home/emelie/ba_ws_com/install/my_cpp_py_pkg/share/my_cpp_py_pkg/environment/path.dsv
[11.872s] -- Up-to-date: /home/emelie/ba_ws_com/install/my_cpp_py_pkg/share/my_cpp_py_pkg/local_setup.bash
[11.873s] -- Up-to-date: /home/emelie/ba_ws_com/install/my_cpp_py_pkg/share/my_cpp_py_pkg/local_setup.sh
[11.873s] -- Up-to-date: /home/emelie/ba_ws_com/install/my_cpp_py_pkg/share/my_cpp_py_pkg/local_setup.zsh
[11.873s] -- Up-to-date: /home/emelie/ba_ws_com/install/my_cpp_py_pkg/share/my_cpp_py_pkg/local_setup.dsv
[11.873s] -- Installing: /home/emelie/ba_ws_com/install/my_cpp_py_pkg/share/my_cpp_py_pkg/package.dsv
[11.873s] -- Up-to-date: /home/emelie/ba_ws_com/install/my_cpp_py_pkg/share/ament_index/resource_index/packages/my_cpp_py_pkg
[11.873s] -- Up-to-date: /home/emelie/ba_ws_com/install/my_cpp_py_pkg/share/my_cpp_py_pkg/cmake/my_cpp_py_pkgConfig.cmake
[11.874s] -- Up-to-date: /home/emelie/ba_ws_com/install/my_cpp_py_pkg/share/my_cpp_py_pkg/cmake/my_cpp_py_pkgConfig-version.cmake
[11.874s] -- Up-to-date: /home/emelie/ba_ws_com/install/my_cpp_py_pkg/share/my_cpp_py_pkg/package.xml
[11.876s] Invoked command in '/home/emelie/ba_ws_com/build/my_cpp_py_pkg' returned '0': CMAKE_PREFIX_PATH=${CMAKE_PREFIX_PATH}:/home/emelie/install/f1tenth_stack:/home/emelie/install/joy_teleop:/home/emelie/install/mouse_teleop:/home/emelie/install/key_teleop:/home/emelie/install/f1tenth_gym_ros:/home/emelie/install/ba_roslab:/opt/ros/foxy /usr/bin/cmake --install /home/emelie/ba_ws_com/build/my_cpp_py_pkg
